Archive member included to satisfy reference by file (symbol)

/Users/ilg/Library/xPacks/@gnu-mcu-eclipse/arm-none-eabi-gcc/8.2.1-1.4.1/.content/bin/../lib/gcc/arm-none-eabi/8.2.1/../../../../arm-none-eabi/lib/thumb/v7e-m/nofp/libg_nano.a(lib_a-atoi.o)
                              ./src/main.o (atoi)
/Users/ilg/Library/xPacks/@gnu-mcu-eclipse/arm-none-eabi-gcc/8.2.1-1.4.1/.content/bin/../lib/gcc/arm-none-eabi/8.2.1/../../../../arm-none-eabi/lib/thumb/v7e-m/nofp/libg_nano.a(lib_a-ctype_.o)
                              ./system/src/newlib/_syscalls.o (_ctype_)
/Users/ilg/Library/xPacks/@gnu-mcu-eclipse/arm-none-eabi-gcc/8.2.1-1.4.1/.content/bin/../lib/gcc/arm-none-eabi/8.2.1/../../../../arm-none-eabi/lib/thumb/v7e-m/nofp/libg_nano.a(lib_a-errno.o)
                              ./system/src/newlib/_sbrk.o (__errno)
/Users/ilg/Library/xPacks/@gnu-mcu-eclipse/arm-none-eabi-gcc/8.2.1-1.4.1/.content/bin/../lib/gcc/arm-none-eabi/8.2.1/../../../../arm-none-eabi/lib/thumb/v7e-m/nofp/libg_nano.a(lib_a-findfp.o)
                              ./system/src/newlib/_syscalls.o (__sinit)
/Users/ilg/Library/xPacks/@gnu-mcu-eclipse/arm-none-eabi-gcc/8.2.1-1.4.1/.content/bin/../lib/gcc/arm-none-eabi/8.2.1/../../../../arm-none-eabi/lib/thumb/v7e-m/nofp/libg_nano.a(lib_a-fwalk.o)
                              /Users/ilg/Library/xPacks/@gnu-mcu-eclipse/arm-none-eabi-gcc/8.2.1-1.4.1/.content/bin/../lib/gcc/arm-none-eabi/8.2.1/../../../../arm-none-eabi/lib/thumb/v7e-m/nofp/libg_nano.a(lib_a-findfp.o) (_fwalk)
/Users/ilg/Library/xPacks/@gnu-mcu-eclipse/arm-none-eabi-gcc/8.2.1-1.4.1/.content/bin/../lib/gcc/arm-none-eabi/8.2.1/../../../../arm-none-eabi/lib/thumb/v7e-m/nofp/libg_nano.a(lib_a-fwrite.o)
                              ./src/main.o (fwrite)
/Users/ilg/Library/xPacks/@gnu-mcu-eclipse/arm-none-eabi-gcc/8.2.1-1.4.1/.content/bin/../lib/gcc/arm-none-eabi/8.2.1/../../../../arm-none-eabi/lib/thumb/v7e-m/nofp/libg_nano.a(lib_a-impure.o)
                              /Users/ilg/Library/xPacks/@gnu-mcu-eclipse/arm-none-eabi-gcc/8.2.1-1.4.1/.content/bin/../lib/gcc/arm-none-eabi/8.2.1/../../../../arm-none-eabi/lib/thumb/v7e-m/nofp/libg_nano.a(lib_a-findfp.o) (_global_impure_ptr)
/Users/ilg/Library/xPacks/@gnu-mcu-eclipse/arm-none-eabi-gcc/8.2.1-1.4.1/.content/bin/../lib/gcc/arm-none-eabi/8.2.1/../../../../arm-none-eabi/lib/thumb/v7e-m/nofp/libg_nano.a(lib_a-lock.o)
                              /Users/ilg/Library/xPacks/@gnu-mcu-eclipse/arm-none-eabi-gcc/8.2.1-1.4.1/.content/bin/../lib/gcc/arm-none-eabi/8.2.1/../../../../arm-none-eabi/lib/thumb/v7e-m/nofp/libg_nano.a(lib_a-findfp.o) (__retarget_lock_init_recursive)
/Users/ilg/Library/xPacks/@gnu-mcu-eclipse/arm-none-eabi-gcc/8.2.1-1.4.1/.content/bin/../lib/gcc/arm-none-eabi/8.2.1/../../../../arm-none-eabi/lib/thumb/v7e-m/nofp/libg_nano.a(lib_a-memset.o)
                              ./system/src/newlib/_syscalls.o (memset)
/Users/ilg/Library/xPacks/@gnu-mcu-eclipse/arm-none-eabi-gcc/8.2.1-1.4.1/.content/bin/../lib/gcc/arm-none-eabi/8.2.1/../../../../arm-none-eabi/lib/thumb/v7e-m/nofp/libg_nano.a(lib_a-nano-mallocr.o)
                              /Users/ilg/Library/xPacks/@gnu-mcu-eclipse/arm-none-eabi-gcc/8.2.1-1.4.1/.content/bin/../lib/gcc/arm-none-eabi/8.2.1/../../../../arm-none-eabi/lib/thumb/v7e-m/nofp/libg_nano.a(lib_a-findfp.o) (_malloc_r)
/Users/ilg/Library/xPacks/@gnu-mcu-eclipse/arm-none-eabi-gcc/8.2.1-1.4.1/.content/bin/../lib/gcc/arm-none-eabi/8.2.1/../../../../arm-none-eabi/lib/thumb/v7e-m/nofp/libg_nano.a(lib_a-puts.o)
                              ./src/main.o (puts)
/Users/ilg/Library/xPacks/@gnu-mcu-eclipse/arm-none-eabi-gcc/8.2.1-1.4.1/.content/bin/../lib/gcc/arm-none-eabi/8.2.1/../../../../arm-none-eabi/lib/thumb/v7e-m/nofp/libg_nano.a(lib_a-sbrkr.o)
                              /Users/ilg/Library/xPacks/@gnu-mcu-eclipse/arm-none-eabi-gcc/8.2.1-1.4.1/.content/bin/../lib/gcc/arm-none-eabi/8.2.1/../../../../arm-none-eabi/lib/thumb/v7e-m/nofp/libg_nano.a(lib_a-nano-mallocr.o) (_sbrk_r)
/Users/ilg/Library/xPacks/@gnu-mcu-eclipse/arm-none-eabi-gcc/8.2.1-1.4.1/.content/bin/../lib/gcc/arm-none-eabi/8.2.1/../../../../arm-none-eabi/lib/thumb/v7e-m/nofp/libg_nano.a(lib_a-stdio.o)
                              /Users/ilg/Library/xPacks/@gnu-mcu-eclipse/arm-none-eabi-gcc/8.2.1-1.4.1/.content/bin/../lib/gcc/arm-none-eabi/8.2.1/../../../../arm-none-eabi/lib/thumb/v7e-m/nofp/libg_nano.a(lib_a-findfp.o) (__sread)
/Users/ilg/Library/xPacks/@gnu-mcu-eclipse/arm-none-eabi-gcc/8.2.1-1.4.1/.content/bin/../lib/gcc/arm-none-eabi/8.2.1/../../../../arm-none-eabi/lib/thumb/v7e-m/nofp/libg_nano.a(lib_a-strcmp.o)
                              ./system/src/cortexm/exception_handlers.o (strcmp)
/Users/ilg/Library/xPacks/@gnu-mcu-eclipse/arm-none-eabi-gcc/8.2.1-1.4.1/.content/bin/../lib/gcc/arm-none-eabi/8.2.1/../../../../arm-none-eabi/lib/thumb/v7e-m/nofp/libg_nano.a(lib_a-strlen.o)
                              ./system/src/newlib/_syscalls.o (strlen)
[...]
Memory Configuration

Name             Origin             Length             Attributes
RAM              0x0000000020000000 0x0000000000020000 xrw
CCMRAM           0x0000000010000000 0x0000000000010000 xrw
FLASH            0x0000000008000000 0x0000000000100000 xr
FLASHB1          0x0000000000000000 0x0000000000000000 xr
EXTMEMB0         0x0000000000000000 0x0000000000000000 xr
EXTMEMB1         0x0000000000000000 0x0000000000000000 xr
EXTMEMB2         0x0000000000000000 0x0000000000000000 xr
EXTMEMB3         0x0000000000000000 0x0000000000000000 xr
MEMORY_ARRAY     0x0000000020002000 0x0000000000000020 xrw
*default*        0x0000000000000000 0xffffffffffffffff

Linker script and memory map

LOAD ./system/src/stm32f4-hal/stm32f4xx_hal.o
LOAD ./system/src/stm32f4-hal/stm32f4xx_hal_cortex.o
LOAD ./system/src/stm32f4-hal/stm32f4xx_hal_dfsdm.o
LOAD ./system/src/stm32f4-hal/stm32f4xx_hal_flash.o
LOAD ./system/src/stm32f4-hal/stm32f4xx_hal_gpio.o
LOAD ./system/src/stm32f4-hal/stm32f4xx_hal_iwdg.o
LOAD ./system/src/stm32f4-hal/stm32f4xx_hal_pwr.o
LOAD ./system/src/stm32f4-hal/stm32f4xx_hal_rcc.o
LOAD ./system/src/newlib/_cxx.o
LOAD ./system/src/newlib/_exit.o
LOAD ./system/src/newlib/_sbrk.o
LOAD ./system/src/newlib/_startup.o
LOAD ./system/src/newlib/_syscalls.o
LOAD ./system/src/newlib/assert.o
LOAD ./system/src/diag/Trace.o
LOAD ./system/src/diag/trace_impl.o
LOAD ./system/src/cortexm/_initialize_hardware.o
LOAD ./system/src/cortexm/_reset_hardware.o
LOAD ./system/src/cortexm/exception_handlers.o
LOAD ./system/src/cmsis/system_stm32f4xx.o
LOAD ./system/src/cmsis/vectors_stm32f407xx.o
LOAD ./src/BlinkLed.o
LOAD ./src/Timer.o
LOAD ./src/_initialize_hardware.o
LOAD ./src/_write.o
LOAD ./src/main.o
LOAD ./src/stm32f4xx_hal_msp.o
LOAD /Users/ilg/Library/xPacks/@gnu-mcu-eclipse/arm-none-eabi-gcc/8.2.1-1.4.1/.content/bin/../lib/gcc/arm-none-eabi/8.2.1/../../../../arm-none-eabi/lib/thumb/v7e-m/nofp/libstdc++_nano.a
LOAD /Users/ilg/Library/xPacks/@gnu-mcu-eclipse/arm-none-eabi-gcc/8.2.1-1.4.1/.content/bin/../lib/gcc/arm-none-eabi/8.2.1/../../../../arm-none-eabi/lib/thumb/v7e-m/nofp/libm.a
START GROUP
LOAD /Users/ilg/Library/xPacks/@gnu-mcu-eclipse/arm-none-eabi-gcc/8.2.1-1.4.1/.content/bin/../lib/gcc/arm-none-eabi/8.2.1/thumb/v7e-m/nofp/libgcc.a
LOAD /Users/ilg/Library/xPacks/@gnu-mcu-eclipse/arm-none-eabi-gcc/8.2.1-1.4.1/.content/bin/../lib/gcc/arm-none-eabi/8.2.1/../../../../arm-none-eabi/lib/thumb/v7e-m/nofp/libg_nano.a
LOAD /Users/ilg/Library/xPacks/@gnu-mcu-eclipse/arm-none-eabi-gcc/8.2.1-1.4.1/.content/bin/../lib/gcc/arm-none-eabi/8.2.1/../../../../arm-none-eabi/lib/thumb/v7e-m/nofp/libc_nano.a
END GROUP
START GROUP
LOAD /Users/ilg/Library/xPacks/@gnu-mcu-eclipse/arm-none-eabi-gcc/8.2.1-1.4.1/.content/bin/../lib/gcc/arm-none-eabi/8.2.1/thumb/v7e-m/nofp/libgcc.a
LOAD /Users/ilg/Library/xPacks/@gnu-mcu-eclipse/arm-none-eabi-gcc/8.2.1-1.4.1/.content/bin/../lib/gcc/arm-none-eabi/8.2.1/../../../../arm-none-eabi/lib/thumb/v7e-m/nofp/libc_nano.a
END GROUP
                0x0000000020020000                __stack = (ORIGIN (RAM) + LENGTH (RAM))
                0x0000000020020000                _estack = __stack
                0x0000000000000400                __Main_Stack_Size = 0x400
                [!provide]                        PROVIDE (_Main_Stack_Size = __Main_Stack_Size)
                0x000000002001fc00                __Main_Stack_Limit = (__stack - __Main_Stack_Size)
                [!provide]                        PROVIDE (_Main_Stack_Limit = __Main_Stack_Limit)
                0x0000000000000100                _Minimum_Stack_Size = 0x100
                0x0000000020000280                PROVIDE (_Heap_Begin = _end_noinit)
                0x000000002001fc00                PROVIDE (_Heap_Limit = (__stack - __Main_Stack_Size))

.isr_vector     0x0000000008000000      0x3e8
 FILL mask 0xff
                0x0000000008000000                __vectors_start = ABSOLUTE (.)
                0x0000000008000000                __vectors_start__ = ABSOLUTE (.)
 *(.isr_vector)
 .isr_vector    0x0000000008000000      0x188 ./system/src/cmsis/vectors_stm32f407xx.o
                0x0000000008000000                __isr_vectors
 *(.cfmconfig)
 *(.after_vectors .after_vectors.*)
 .after_vectors
                0x0000000008000188      0x130 ./system/src/newlib/_startup.o
                0x0000000008000188                _start
 .after_vectors
                0x00000000080002b8      0x12c ./system/src/cortexm/exception_handlers.o
                0x00000000080002b8                Reset_Handler
                0x00000000080002be                NMI_Handler
                0x00000000080002c2                HardFault_Handler
                0x00000000080002d6                HardFault_Handler_C
                0x0000000008000334                MemManage_Handler
                0x0000000008000338                BusFault_Handler
                0x000000000800034c                BusFault_Handler_C
                0x0000000008000380                UsageFault_Handler
                0x0000000008000394                UsageFault_Handler_C
                0x00000000080003c8                SVC_Handler
                0x00000000080003cc                DebugMon_Handler
                0x00000000080003d0                PendSV_Handler
 .after_vectors
                0x00000000080003e4        0x4 ./system/src/cmsis/vectors_stm32f407xx.o
                0x00000000080003e4                DMA1_Stream3_IRQHandler
                0x00000000080003e4                HASH_RNG_IRQHandler
                0x00000000080003e4                EXTI2_IRQHandler
                0x00000000080003e4                TIM8_CC_IRQHandler
                0x00000000080003e4                TIM1_CC_IRQHandler
                0x00000000080003e4                DMA2_Stream5_IRQHandler
                0x00000000080003e4                DMA1_Stream5_IRQHandler
                0x00000000080003e4                PVD_IRQHandler
                0x00000000080003e4                SDIO_IRQHandler
                0x00000000080003e4                TAMP_STAMP_IRQHandler
                0x00000000080003e4                CAN2_RX1_IRQHandler
                0x00000000080003e4                EXTI3_IRQHandler
                0x00000000080003e4                TIM8_TRG_COM_TIM14_IRQHandler
                0x00000000080003e4                TIM1_UP_TIM10_IRQHandler
                0x00000000080003e4                TIM8_UP_TIM13_IRQHandler
                0x00000000080003e4                I2C3_ER_IRQHandler
                0x00000000080003e4                EXTI0_IRQHandler
                0x00000000080003e4                I2C2_EV_IRQHandler
                0x00000000080003e4                DMA1_Stream2_IRQHandler
                0x00000000080003e4                CAN1_RX0_IRQHandler
                0x00000000080003e4                FPU_IRQHandler
                0x00000000080003e4                OTG_HS_WKUP_IRQHandler
                0x00000000080003e4                CAN2_SCE_IRQHandler
                0x00000000080003e4                DMA2_Stream2_IRQHandler
                0x00000000080003e4                SPI1_IRQHandler
                0x00000000080003e4                TIM6_DAC_IRQHandler
                0x00000000080003e4                TIM1_BRK_TIM9_IRQHandler
                0x00000000080003e4                DCMI_IRQHandler
                0x00000000080003e4                CAN2_RX0_IRQHandler
                0x00000000080003e4                DMA2_Stream3_IRQHandler
                0x00000000080003e4                USART6_IRQHandler
                0x00000000080003e4                USART3_IRQHandler
                0x00000000080003e4                CAN1_RX1_IRQHandler
                0x00000000080003e4                UART5_IRQHandler
                0x00000000080003e4                DMA2_Stream0_IRQHandler
                0x00000000080003e4                TIM4_IRQHandler
                0x00000000080003e4                I2C1_EV_IRQHandler
                0x00000000080003e4                DMA1_Stream6_IRQHandler
                0x00000000080003e4                DMA1_Stream1_IRQHandler
                0x00000000080003e4                UART4_IRQHandler
                0x00000000080003e4                TIM3_IRQHandler
                0x00000000080003e4                RCC_IRQHandler
                0x00000000080003e4                TIM8_BRK_TIM12_IRQHandler
                0x00000000080003e4                Default_Handler
                0x00000000080003e4                EXTI15_10_IRQHandler
                0x00000000080003e4                ADC_IRQHandler
                0x00000000080003e4                DMA1_Stream7_IRQHandler
                0x00000000080003e4                TIM7_IRQHandler
                0x00000000080003e4                CAN2_TX_IRQHandler
                0x00000000080003e4                TIM5_IRQHandler
                0x00000000080003e4                DMA2_Stream7_IRQHandler
                0x00000000080003e4                I2C3_EV_IRQHandler
                0x00000000080003e4                EXTI9_5_IRQHandler
                0x00000000080003e4                RTC_WKUP_IRQHandler
                0x00000000080003e4                ETH_WKUP_IRQHandler
                0x00000000080003e4                SPI2_IRQHandler
                0x00000000080003e4                OTG_HS_EP1_IN_IRQHandler
                0x00000000080003e4                DMA1_Stream0_IRQHandler
                0x00000000080003e4                CAN1_TX_IRQHandler
                0x00000000080003e4                EXTI4_IRQHandler
                0x00000000080003e4                ETH_IRQHandler
                0x00000000080003e4                OTG_HS_EP1_OUT_IRQHandler
                0x00000000080003e4                WWDG_IRQHandler
                0x00000000080003e4                TIM2_IRQHandler
                0x00000000080003e4                OTG_FS_WKUP_IRQHandler
                0x00000000080003e4                TIM1_TRG_COM_TIM11_IRQHandler
                0x00000000080003e4                OTG_HS_IRQHandler
                0x00000000080003e4                EXTI1_IRQHandler
                0x00000000080003e4                USART2_IRQHandler
                0x00000000080003e4                I2C2_ER_IRQHandler
                0x00000000080003e4                DMA2_Stream1_IRQHandler
                0x00000000080003e4                CAN1_SCE_IRQHandler
                0x00000000080003e4                FLASH_IRQHandler
                0x00000000080003e4                DMA2_Stream4_IRQHandler
                0x00000000080003e4                USART1_IRQHandler
                0x00000000080003e4                OTG_FS_IRQHandler
                0x00000000080003e4                SPI3_IRQHandler
                0x00000000080003e4                DMA1_Stream4_IRQHandler
                0x00000000080003e4                I2C1_ER_IRQHandler
                0x00000000080003e4                FMC_IRQHandler
                0x00000000080003e4                DMA2_Stream6_IRQHandler
                0x00000000080003e4                RTC_Alarm_IRQHandler

.inits          0x00000000080003e8       0x2c
                0x00000000080003e8                __data_regions_array_start = .
                0x00000000080003e8        0x4 LONG 0x8003434 LOADADDR (.data)
                0x00000000080003ec        0x4 LONG 0x20000000 ADDR (.data)
                0x00000000080003f0        0x4 LONG 0x20000070 (ADDR (.data) + SIZEOF (.data))
                0x00000000080003f4        0x4 LONG 0x8003434 LOADADDR (.data_CCMRAM)
                0x00000000080003f8        0x4 LONG 0x10000000 ADDR (.data_CCMRAM)
                0x00000000080003fc        0x4 LONG 0x10000000 (ADDR (.data_CCMRAM) + SIZEOF (.data_CCMRAM))
                0x0000000008000400                __data_regions_array_end = .
                0x0000000008000400                __bss_regions_array_start = .
                0x0000000008000400        0x4 LONG 0x20000070 ADDR (.bss)
                0x0000000008000404        0x4 LONG 0x20000280 (ADDR (.bss) + SIZEOF (.bss))
                0x0000000008000408        0x4 LONG 0x10000000 ADDR (.bss_CCMRAM)
                0x000000000800040c        0x4 LONG 0x10000000 (ADDR (.bss_CCMRAM) + SIZEOF (.bss_CCMRAM))
                0x0000000008000410                __bss_regions_array_end = .
 *(.init)
 *(.fini)
                0x0000000008000410                . = ALIGN (0x4)
                0x0000000008000410                PROVIDE (__preinit_array_start = .)
 *(.preinit_array_sysinit .preinit_array_sysinit.*)
 *(.preinit_array_platform .preinit_array_platform.*)
 *(.preinit_array .preinit_array.*)
                0x0000000008000410                PROVIDE (__preinit_array_end = .)
                0x0000000008000410                . = ALIGN (0x4)
                0x0000000008000410                PROVIDE (__init_array_start = .)
 *(SORT_BY_NAME(.init_array.*))
 *(.init_array)
 .init_array    0x0000000008000410        0x4 ./src/main.o
                0x0000000008000414                PROVIDE (__init_array_end = .)
                0x0000000008000414                . = ALIGN (0x4)
                0x0000000008000414                PROVIDE (__fini_array_start = .)
 *(SORT_BY_NAME(.fini_array.*))
 *(.fini_array)
                0x0000000008000414                PROVIDE (__fini_array_end = .)

.flashtext
 *(.flashtext .flashtext.*)

.text           0x0000000008000420     0x3013
 *(.text .text.*)
 .text.HAL_InitTick
                0x0000000008000420       0x2c ./system/src/stm32f4-hal/stm32f4xx_hal.o
                0x0000000008000420                HAL_InitTick
 .text.HAL_Init
                0x000000000800044c       0x34 ./system/src/stm32f4-hal/stm32f4xx_hal.o
                0x000000000800044c                HAL_Init
 .text.HAL_IncTick
                0x0000000008000480       0x10 ./system/src/stm32f4-hal/stm32f4xx_hal.o
                0x0000000008000480                HAL_IncTick
 .text.HAL_GetTick
                0x0000000008000490        0xc ./system/src/stm32f4-hal/stm32f4xx_hal.o
                0x0000000008000490                HAL_GetTick
 .text.HAL_NVIC_SetPriorityGrouping
                0x000000000800049c       0x3c ./system/src/stm32f4-hal/stm32f4xx_hal_cortex.o
                0x000000000800049c                HAL_NVIC_SetPriorityGrouping
 .text.HAL_NVIC_SetPriority
                0x00000000080004d8       0x8c ./system/src/stm32f4-hal/stm32f4xx_hal_cortex.o
                0x00000000080004d8                HAL_NVIC_SetPriority
 .text.HAL_SYSTICK_Config
                0x0000000008000564       0x2c ./system/src/stm32f4-hal/stm32f4xx_hal_cortex.o
                0x0000000008000564                HAL_SYSTICK_Config
 .text.HAL_SYSTICK_CLKSourceConfig
                0x0000000008000590       0x3c ./system/src/stm32f4-hal/stm32f4xx_hal_cortex.o
                0x0000000008000590                HAL_SYSTICK_CLKSourceConfig
 .text.HAL_GPIO_Init
                0x00000000080005cc      0x304 ./system/src/stm32f4-hal/stm32f4xx_hal_gpio.o
                0x00000000080005cc                HAL_GPIO_Init
 .text.HAL_RCC_OscConfig
                0x00000000080008d0      0x43c ./system/src/stm32f4-hal/stm32f4xx_hal_rcc.o
                0x00000000080008d0                HAL_RCC_OscConfig
 .text.HAL_RCC_GetSysClockFreq
                0x0000000008000d0c       0x94 ./system/src/stm32f4-hal/stm32f4xx_hal_rcc.o
                0x0000000008000d0c                HAL_RCC_GetSysClockFreq
 .text.HAL_RCC_ClockConfig
                0x0000000008000da0      0x258 ./system/src/stm32f4-hal/stm32f4xx_hal_rcc.o
                0x0000000008000da0                HAL_RCC_ClockConfig
 .text.HAL_RCC_GetHCLKFreq
                0x0000000008000ff8        0xc ./system/src/stm32f4-hal/stm32f4xx_hal_rcc.o
                0x0000000008000ff8                HAL_RCC_GetHCLKFreq
 .text.abort    0x0000000008001004       0x14 ./system/src/newlib/_exit.o
                0x0000000008001004                abort
 .text._sbrk    0x0000000008001018       0x44 ./system/src/newlib/_sbrk.o
                0x0000000008001018                _sbrk
 .text.get_errno
                0x000000000800105c       0x12 ./system/src/newlib/_syscalls.o
 .text.error    0x000000000800106e       0x14 ./system/src/newlib/_syscalls.o
 .text.checkerror
                0x0000000008001082       0x10 ./system/src/newlib/_syscalls.o
 *fill*         0x0000000008001092        0x2 
 .text.findslot
                0x0000000008001094       0x3c ./system/src/newlib/_syscalls.o
 .text._exit    0x00000000080010d0       0x20 ./system/src/newlib/_syscalls.o
                0x00000000080010d0                _exit
 .text.initialise_monitor_handles
                0x00000000080010f0       0xa8 ./system/src/newlib/_syscalls.o
                0x00000000080010f0                initialise_monitor_handles
 .text.__initialize_args
                0x0000000008001198       0xbc ./system/src/newlib/_syscalls.o
                0x0000000008001198                __initialize_args
 .text._swiread
                0x0000000008001254       0x20 ./system/src/newlib/_syscalls.o
                0x0000000008001254                _swiread
 .text._read    0x0000000008001274       0x36 ./system/src/newlib/_syscalls.o
                0x0000000008001274                _read
 .text._swilseek
                0x00000000080012aa       0xaa ./system/src/newlib/_syscalls.o
                0x00000000080012aa                _swilseek
 .text._lseek   0x0000000008001354        0x8 ./system/src/newlib/_syscalls.o
                0x0000000008001354                _lseek
 .text._swiwrite
                0x000000000800135c       0x20 ./system/src/newlib/_syscalls.o
                0x000000000800135c                _swiwrite
 .text._write   0x000000000800137c       0x46 ./system/src/newlib/_syscalls.o
                0x000000000800137c                _write
 .text._swiclose
                0x00000000080013c2       0x1c ./system/src/newlib/_syscalls.o
                0x00000000080013c2                _swiclose
 *fill*         0x00000000080013de        0x2 
 .text._close   0x00000000080013e0       0x4c ./system/src/newlib/_syscalls.o
                0x00000000080013e0                _close
 .text._swistat
                0x000000000800142c       0x44 ./system/src/newlib/_syscalls.o
                0x000000000800142c                _swistat
 .text._fstat   0x0000000008001470       0x1a ./system/src/newlib/_syscalls.o
                0x0000000008001470                _fstat
 .text._isatty  0x000000000800148a       0x36 ./system/src/newlib/_syscalls.o
                0x000000000800148a                _isatty
 .text.assert_failed
                0x00000000080014c0       0x14 ./system/src/newlib/assert.o
                0x00000000080014c0                assert_failed
 .text.trace_printf
                0x00000000080014d4       0x34 ./system/src/diag/Trace.o
                0x00000000080014d4                trace_printf
 .text.trace_puts
                0x0000000008001508       0x20 ./system/src/diag/Trace.o
                0x0000000008001508                trace_puts
 .text.trace_dump_args
                0x0000000008001528       0x48 ./system/src/diag/Trace.o
                0x0000000008001528                trace_dump_args
 .text._trace_write_semihosting_debug
                0x0000000008001570       0x60 ./system/src/diag/trace_impl.o
 .text.trace_write
                0x00000000080015d0        0x8 ./system/src/diag/trace_impl.o
                0x00000000080015d0                trace_write
 .text.__initialize_hardware_early
                0x00000000080015d8       0x18 ./system/src/cortexm/_initialize_hardware.o
                0x00000000080015d8                __initialize_hardware_early
 .text.dumpExceptionStack
                0x00000000080015f0       0xf4 ./system/src/cortexm/exception_handlers.o
                0x00000000080015f0                dumpExceptionStack
 .text.isSemihosting
                0x00000000080016e4      0x100 ./system/src/cortexm/exception_handlers.o
                0x00000000080016e4                isSemihosting
 .text.SystemInit
                0x00000000080017e4       0x40 ./system/src/cmsis/system_stm32f4xx.o
                0x00000000080017e4                SystemInit
 .text.SystemCoreClockUpdate
                0x0000000008001824       0xa0 ./system/src/cmsis/system_stm32f4xx.o
                0x0000000008001824                SystemCoreClockUpdate
 .text._ZN8BlinkLedC2Ejjb
                0x00000000080018c4       0x12 ./src/BlinkLed.o
                0x00000000080018c4                BlinkLed::BlinkLed(unsigned int, unsigned int, bool)
                0x00000000080018c4                BlinkLed::BlinkLed(unsigned int, unsigned int, bool)
 .text._ZN8BlinkLed6turnOnEv
                0x00000000080018d6       0x2c ./src/BlinkLed.o
                0x00000000080018d6                BlinkLed::turnOn()
 .text._ZN8BlinkLed7turnOffEv
                0x0000000008001902       0x2c ./src/BlinkLed.o
                0x0000000008001902                BlinkLed::turnOff()
 *fill*         0x000000000800192e        0x2 
 .text._ZN8BlinkLed7powerUpEv
                0x0000000008001930       0x40 ./src/BlinkLed.o
                0x0000000008001930                BlinkLed::powerUp()
 .text._ZN8BlinkLed6toggleEv
                0x0000000008001970       0x24 ./src/BlinkLed.o
                0x0000000008001970                BlinkLed::toggle()
 .text._ZN8BlinkLed4isOnEv
                0x0000000008001994       0x34 ./src/BlinkLed.o
                0x0000000008001994                BlinkLed::isOn()
 .text._ZN5Timer5sleepEm
                0x00000000080019c8       0x14 ./src/Timer.o
                0x00000000080019c8                Timer::sleep(unsigned long)
 .text.SysTick_Handler
                0x00000000080019dc       0x1c ./src/Timer.o
                0x00000000080019dc                SysTick_Handler
 .text.SystemClock_Config
                0x00000000080019f8       0x9c ./src/_initialize_hardware.o
                0x00000000080019f8                SystemClock_Config
 .text.__initialize_hardware
                0x0000000008001a94       0x10 ./src/_initialize_hardware.o
                0x0000000008001a94                __initialize_hardware
 .text._Z41__static_initialization_and_destruction_0ii
                0x0000000008001aa4       0x50 ./src/main.o
 .text.main     0x0000000008001af4      0x184 ./src/main.o
                0x0000000008001af4                main
 .text._GLOBAL__sub_I_blinkLeds
                0x0000000008001c78        0xe ./src/main.o
 .text.HAL_MspInit
                0x0000000008001c86        0x2 ./src/stm32f4xx_hal_msp.o
                0x0000000008001c86                HAL_MspInit
 .text.atoi     0x0000000008001c88        0x8 /Users/ilg/Library/xPacks/@gnu-mcu-eclipse/arm-none-eabi-gcc/8.2.1-1.4.1/.content/bin/../lib/gcc/arm-none-eabi/8.2.1/../../../../arm-none-eabi/lib/thumb/v7e-m/nofp/libg_nano.a(lib_a-atoi.o)
                0x0000000008001c88                atoi
 .text.__errno  0x0000000008001c90        0xc /Users/ilg/Library/xPacks/@gnu-mcu-eclipse/arm-none-eabi-gcc/8.2.1-1.4.1/.content/bin/../lib/gcc/arm-none-eabi/8.2.1/../../../../arm-none-eabi/lib/thumb/v7e-m/nofp/libg_nano.a(lib_a-errno.o)
                0x0000000008001c90                __errno
 .text.std      0x0000000008001c9c       0x48 /Users/ilg/Library/xPacks/@gnu-mcu-eclipse/arm-none-eabi-gcc/8.2.1-1.4.1/.content/bin/../lib/gcc/arm-none-eabi/8.2.1/../../../../arm-none-eabi/lib/thumb/v7e-m/nofp/libg_nano.a(lib_a-findfp.o)
 .text._cleanup_r
                0x0000000008001ce4        0xc /Users/ilg/Library/xPacks/@gnu-mcu-eclipse/arm-none-eabi-gcc/8.2.1-1.4.1/.content/bin/../lib/gcc/arm-none-eabi/8.2.1/../../../../arm-none-eabi/lib/thumb/v7e-m/nofp/libg_nano.a(lib_a-findfp.o)
                0x0000000008001ce4                _cleanup_r
 .text.__sfmoreglue
                0x0000000008001cf0       0x2c /Users/ilg/Library/xPacks/@gnu-mcu-eclipse/arm-none-eabi-gcc/8.2.1-1.4.1/.content/bin/../lib/gcc/arm-none-eabi/8.2.1/../../../../arm-none-eabi/lib/thumb/v7e-m/nofp/libg_nano.a(lib_a-findfp.o)
                0x0000000008001cf0                __sfmoreglue
 .text.__sfp_lock_acquire
                0x0000000008001d1c        0xc /Users/ilg/Library/xPacks/@gnu-mcu-eclipse/arm-none-eabi-gcc/8.2.1-1.4.1/.content/bin/../lib/gcc/arm-none-eabi/8.2.1/../../../../arm-none-eabi/lib/thumb/v7e-m/nofp/libg_nano.a(lib_a-findfp.o)
                0x0000000008001d1c                __sfp_lock_acquire
 .text.__sfp_lock_release
                0x0000000008001d28        0xc /Users/ilg/Library/xPacks/@gnu-mcu-eclipse/arm-none-eabi-gcc/8.2.1-1.4.1/.content/bin/../lib/gcc/arm-none-eabi/8.2.1/../../../../arm-none-eabi/lib/thumb/v7e-m/nofp/libg_nano.a(lib_a-findfp.o)
                0x0000000008001d28                __sfp_lock_release
 .text.__sinit_lock_acquire
                0x0000000008001d34        0xc /Users/ilg/Library/xPacks/@gnu-mcu-eclipse/arm-none-eabi-gcc/8.2.1-1.4.1/.content/bin/../lib/gcc/arm-none-eabi/8.2.1/../../../../arm-none-eabi/lib/thumb/v7e-m/nofp/libg_nano.a(lib_a-findfp.o)
                0x0000000008001d34                __sinit_lock_acquire
 .text.__sinit_lock_release
                0x0000000008001d40        0xc /Users/ilg/Library/xPacks/@gnu-mcu-eclipse/arm-none-eabi-gcc/8.2.1-1.4.1/.content/bin/../lib/gcc/arm-none-eabi/8.2.1/../../../../arm-none-eabi/lib/thumb/v7e-m/nofp/libg_nano.a(lib_a-findfp.o)
                0x0000000008001d40                __sinit_lock_release
 .text.__sinit  0x0000000008001d4c       0x70 /Users/ilg/Library/xPacks/@gnu-mcu-eclipse/arm-none-eabi-gcc/8.2.1-1.4.1/.content/bin/../lib/gcc/arm-none-eabi/8.2.1/../../../../arm-none-eabi/lib/thumb/v7e-m/nofp/libg_nano.a(lib_a-findfp.o)
                0x0000000008001d4c                __sinit
 .text.__sfp    0x0000000008001dbc       0x8c /Users/ilg/Library/xPacks/@gnu-mcu-eclipse/arm-none-eabi-gcc/8.2.1-1.4.1/.content/bin/../lib/gcc/arm-none-eabi/8.2.1/../../../../arm-none-eabi/lib/thumb/v7e-m/nofp/libg_nano.a(lib_a-findfp.o)
                0x0000000008001dbc                __sfp
 .text._fwalk_reent
                0x0000000008001e48       0x3c /Users/ilg/Library/xPacks/@gnu-mcu-eclipse/arm-none-eabi-gcc/8.2.1-1.4.1/.content/bin/../lib/gcc/arm-none-eabi/8.2.1/../../../../arm-none-eabi/lib/thumb/v7e-m/nofp/libg_nano.a(lib_a-fwalk.o)
                0x0000000008001e48                _fwalk_reent
 .text._fwrite_r
                0x0000000008001e84       0xc0 /Users/ilg/Library/xPacks/@gnu-mcu-eclipse/arm-none-eabi-gcc/8.2.1-1.4.1/.content/bin/../lib/gcc/arm-none-eabi/8.2.1/../../../../arm-none-eabi/lib/thumb/v7e-m/nofp/libg_nano.a(lib_a-fwrite.o)
                0x0000000008001e84                _fwrite_r
 .text.fwrite   0x0000000008001f44       0x1c /Users/ilg/Library/xPacks/@gnu-mcu-eclipse/arm-none-eabi-gcc/8.2.1-1.4.1/.content/bin/../lib/gcc/arm-none-eabi/8.2.1/../../../../arm-none-eabi/lib/thumb/v7e-m/nofp/libg_nano.a(lib_a-fwrite.o)
                0x0000000008001f44                fwrite
 .text.__retarget_lock_init_recursive
                0x0000000008001f60        0x2 /Users/ilg/Library/xPacks/@gnu-mcu-eclipse/arm-none-eabi-gcc/8.2.1-1.4.1/.content/bin/../lib/gcc/arm-none-eabi/8.2.1/../../../../arm-none-eabi/lib/thumb/v7e-m/nofp/libg_nano.a(lib_a-lock.o)
                0x0000000008001f60                __retarget_lock_init_recursive
 .text.__retarget_lock_acquire_recursive
                0x0000000008001f62        0x2 /Users/ilg/Library/xPacks/@gnu-mcu-eclipse/arm-none-eabi-gcc/8.2.1-1.4.1/.content/bin/../lib/gcc/arm-none-eabi/8.2.1/../../../../arm-none-eabi/lib/thumb/v7e-m/nofp/libg_nano.a(lib_a-lock.o)
                0x0000000008001f62                __retarget_lock_acquire_recursive
 .text.__retarget_lock_release_recursive
                0x0000000008001f64        0x2 /Users/ilg/Library/xPacks/@gnu-mcu-eclipse/arm-none-eabi-gcc/8.2.1-1.4.1/.content/bin/../lib/gcc/arm-none-eabi/8.2.1/../../../../arm-none-eabi/lib/thumb/v7e-m/nofp/libg_nano.a(lib_a-lock.o)
                0x0000000008001f64                __retarget_lock_release_recursive
 .text.memset   0x0000000008001f66       0x10 /Users/ilg/Library/xPacks/@gnu-mcu-eclipse/arm-none-eabi-gcc/8.2.1-1.4.1/.content/bin/../lib/gcc/arm-none-eabi/8.2.1/../../../../arm-none-eabi/lib/thumb/v7e-m/nofp/libg_nano.a(lib_a-memset.o)
                0x0000000008001f66                memset
 *fill*         0x0000000008001f76        0x2 
 .text._malloc_r
                0x0000000008001f78       0xb4 /Users/ilg/Library/xPacks/@gnu-mcu-eclipse/arm-none-eabi-gcc/8.2.1-1.4.1/.content/bin/../lib/gcc/arm-none-eabi/8.2.1/../../../../arm-none-eabi/lib/thumb/v7e-m/nofp/libg_nano.a(lib_a-nano-mallocr.o)
                0x0000000008001f78                _malloc_r
 .text._puts_r  0x000000000800202c       0xdc /Users/ilg/Library/xPacks/@gnu-mcu-eclipse/arm-none-eabi-gcc/8.2.1-1.4.1/.content/bin/../lib/gcc/arm-none-eabi/8.2.1/../../../../arm-none-eabi/lib/thumb/v7e-m/nofp/libg_nano.a(lib_a-puts.o)
                0x000000000800202c                _puts_r
 .text.puts     0x0000000008002108       0x10 /Users/ilg/Library/xPacks/@gnu-mcu-eclipse/arm-none-eabi-gcc/8.2.1-1.4.1/.content/bin/../lib/gcc/arm-none-eabi/8.2.1/../../../../arm-none-eabi/lib/thumb/v7e-m/nofp/libg_nano.a(lib_a-puts.o)
                0x0000000008002108                puts
 .text._sbrk_r  0x0000000008002118       0x20 /Users/ilg/Library/xPacks/@gnu-mcu-eclipse/arm-none-eabi-gcc/8.2.1-1.4.1/.content/bin/../lib/gcc/arm-none-eabi/8.2.1/../../../../arm-none-eabi/lib/thumb/v7e-m/nofp/libg_nano.a(lib_a-sbrkr.o)
                0x0000000008002118                _sbrk_r
 .text.__sread  0x0000000008002138       0x22 /Users/ilg/Library/xPacks/@gnu-mcu-eclipse/arm-none-eabi-gcc/8.2.1-1.4.1/.content/bin/../lib/gcc/arm-none-eabi/8.2.1/../../../../arm-none-eabi/lib/thumb/v7e-m/nofp/libg_nano.a(lib_a-stdio.o)
                0x0000000008002138                __sread
 .text.__swrite
                0x000000000800215a       0x38 /Users/ilg/Library/xPacks/@gnu-mcu-eclipse/arm-none-eabi-gcc/8.2.1-1.4.1/.content/bin/../lib/gcc/arm-none-eabi/8.2.1/../../../../arm-none-eabi/lib/thumb/v7e-m/nofp/libg_nano.a(lib_a-stdio.o)
                0x000000000800215a                __swrite
 .text.__sseek  0x0000000008002192       0x24 /Users/ilg/Library/xPacks/@gnu-mcu-eclipse/arm-none-eabi-gcc/8.2.1-1.4.1/.content/bin/../lib/gcc/arm-none-eabi/8.2.1/../../../../arm-none-eabi/lib/thumb/v7e-m/nofp/libg_nano.a(lib_a-stdio.o)
                0x0000000008002192                __sseek
 .text.__sclose
                0x00000000080021b6        0x8 /Users/ilg/Library/xPacks/@gnu-mcu-eclipse/arm-none-eabi-gcc/8.2.1-1.4.1/.content/bin/../lib/gcc/arm-none-eabi/8.2.1/../../../../arm-none-eabi/lib/thumb/v7e-m/nofp/libg_nano.a(lib_a-stdio.o)
                0x00000000080021b6                __sclose
 .text          0x00000000080021be       0x14 /Users/ilg/Library/xPacks/@gnu-mcu-eclipse/arm-none-eabi-gcc/8.2.1-1.4.1/.content/bin/../lib/gcc/arm-none-eabi/8.2.1/../../../../arm-none-eabi/lib/thumb/v7e-m/nofp/libg_nano.a(lib_a-strcmp.o)
                0x00000000080021be                strcmp
 .text          0x00000000080021d2       0x10 /Users/ilg/Library/xPacks/@gnu-mcu-eclipse/arm-none-eabi-gcc/8.2.1-1.4.1/.content/bin/../lib/gcc/arm-none-eabi/8.2.1/../../../../arm-none-eabi/lib/thumb/v7e-m/nofp/libg_nano.a(lib_a-strlen.o)
                0x00000000080021d2                strlen
 *fill*         0x00000000080021e2        0x2 
 .text._strtol_l.isra.0
                0x00000000080021e4       0xf0 /Users/ilg/Library/xPacks/@gnu-mcu-eclipse/arm-none-eabi-gcc/8.2.1-1.4.1/.content/bin/../lib/gcc/arm-none-eabi/8.2.1/../../../../arm-none-eabi/lib/thumb/v7e-m/nofp/libg_nano.a(lib_a-strtol.o)
 .text.strtol   0x00000000080022d4       0x14 /Users/ilg/Library/xPacks/@gnu-mcu-eclipse/arm-none-eabi-gcc/8.2.1-1.4.1/.content/bin/../lib/gcc/arm-none-eabi/8.2.1/../../../../arm-none-eabi/lib/thumb/v7e-m/nofp/libg_nano.a(lib_a-strtol.o)
                0x00000000080022d4                strtol
 .text._vsnprintf_r
                0x00000000080022e8       0x58 /Users/ilg/Library/xPacks/@gnu-mcu-eclipse/arm-none-eabi-gcc/8.2.1-1.4.1/.content/bin/../lib/gcc/arm-none-eabi/8.2.1/../../../../arm-none-eabi/lib/thumb/v7e-m/nofp/libg_nano.a(lib_a-vsnprintf.o)
                0x00000000080022e8                _vsnprintf_r
                0x00000000080022e8                _vsniprintf_r
 .text.vsnprintf
                0x0000000008002340       0x1c /Users/ilg/Library/xPacks/@gnu-mcu-eclipse/arm-none-eabi-gcc/8.2.1-1.4.1/.content/bin/../lib/gcc/arm-none-eabi/8.2.1/../../../../arm-none-eabi/lib/thumb/v7e-m/nofp/libg_nano.a(lib_a-vsnprintf.o)
                0x0000000008002340                vsnprintf
                0x0000000008002340                vsniprintf
 .text.__swbuf_r
                0x000000000800235c       0xa4 /Users/ilg/Library/xPacks/@gnu-mcu-eclipse/arm-none-eabi-gcc/8.2.1-1.4.1/.content/bin/../lib/gcc/arm-none-eabi/8.2.1/../../../../arm-none-eabi/lib/thumb/v7e-m/nofp/libg_nano.a(lib_a-wbuf.o)
                0x000000000800235c                __swbuf_r
 .text._write_r
                0x0000000008002400       0x24 /Users/ilg/Library/xPacks/@gnu-mcu-eclipse/arm-none-eabi-gcc/8.2.1-1.4.1/.content/bin/../lib/gcc/arm-none-eabi/8.2.1/../../../../arm-none-eabi/lib/thumb/v7e-m/nofp/libg_nano.a(lib_a-writer.o)
                0x0000000008002400                _write_r
 .text.__swsetup_r
                0x0000000008002424       0xdc /Users/ilg/Library/xPacks/@gnu-mcu-eclipse/arm-none-eabi-gcc/8.2.1-1.4.1/.content/bin/../lib/gcc/arm-none-eabi/8.2.1/../../../../arm-none-eabi/lib/thumb/v7e-m/nofp/libg_nano.a(lib_a-wsetup.o)
                0x0000000008002424                __swsetup_r
 .text._close_r
                0x0000000008002500       0x20 /Users/ilg/Library/xPacks/@gnu-mcu-eclipse/arm-none-eabi-gcc/8.2.1-1.4.1/.content/bin/../lib/gcc/arm-none-eabi/8.2.1/../../../../arm-none-eabi/lib/thumb/v7e-m/nofp/libg_nano.a(lib_a-closer.o)
                0x0000000008002500                _close_r
 .text.__sflush_r
                0x0000000008002520      0x10c /Users/ilg/Library/xPacks/@gnu-mcu-eclipse/arm-none-eabi-gcc/8.2.1-1.4.1/.content/bin/../lib/gcc/arm-none-eabi/8.2.1/../../../../arm-none-eabi/lib/thumb/v7e-m/nofp/libg_nano.a(lib_a-fflush.o)
                0x0000000008002520                __sflush_r
 .text._fflush_r
                0x000000000800262c       0x78 /Users/ilg/Library/xPacks/@gnu-mcu-eclipse/arm-none-eabi-gcc/8.2.1-1.4.1/.content/bin/../lib/gcc/arm-none-eabi/8.2.1/../../../../arm-none-eabi/lib/thumb/v7e-m/nofp/libg_nano.a(lib_a-fflush.o)
                0x000000000800262c                _fflush_r
 .text._lseek_r
                0x00000000080026a4       0x24 /Users/ilg/Library/xPacks/@gnu-mcu-eclipse/arm-none-eabi-gcc/8.2.1-1.4.1/.content/bin/../lib/gcc/arm-none-eabi/8.2.1/../../../../arm-none-eabi/lib/thumb/v7e-m/nofp/libg_nano.a(lib_a-lseekr.o)
                0x00000000080026a4                _lseek_r
 .text.__swhatbuf_r
                0x00000000080026c8       0x48 /Users/ilg/Library/xPacks/@gnu-mcu-eclipse/arm-none-eabi-gcc/8.2.1-1.4.1/.content/bin/../lib/gcc/arm-none-eabi/8.2.1/../../../../arm-none-eabi/lib/thumb/v7e-m/nofp/libg_nano.a(lib_a-makebuf.o)
                0x00000000080026c8                __swhatbuf_r
 .text.__smakebuf_r
                0x0000000008002710       0x80 /Users/ilg/Library/xPacks/@gnu-mcu-eclipse/arm-none-eabi-gcc/8.2.1-1.4.1/.content/bin/../lib/gcc/arm-none-eabi/8.2.1/../../../../arm-none-eabi/lib/thumb/v7e-m/nofp/libg_nano.a(lib_a-makebuf.o)
                0x0000000008002710                __smakebuf_r
 .text.__malloc_lock
                0x0000000008002790        0xc /Users/ilg/Library/xPacks/@gnu-mcu-eclipse/arm-none-eabi-gcc/8.2.1-1.4.1/.content/bin/../lib/gcc/arm-none-eabi/8.2.1/../../../../arm-none-eabi/lib/thumb/v7e-m/nofp/libg_nano.a(lib_a-mlock.o)
                0x0000000008002790                __malloc_lock
 .text.__malloc_unlock
                0x000000000800279c        0xc /Users/ilg/Library/xPacks/@gnu-mcu-eclipse/arm-none-eabi-gcc/8.2.1-1.4.1/.content/bin/../lib/gcc/arm-none-eabi/8.2.1/../../../../arm-none-eabi/lib/thumb/v7e-m/nofp/libg_nano.a(lib_a-mlock.o)
                0x000000000800279c                __malloc_unlock
 .text._free_r  0x00000000080027a8       0x9c /Users/ilg/Library/xPacks/@gnu-mcu-eclipse/arm-none-eabi-gcc/8.2.1-1.4.1/.content/bin/../lib/gcc/arm-none-eabi/8.2.1/../../../../arm-none-eabi/lib/thumb/v7e-m/nofp/libg_nano.a(lib_a-nano-freer.o)
                0x00000000080027a8                _free_r
 .text.__ssputs_r
                0x0000000008002844       0xb6 /Users/ilg/Library/xPacks/@gnu-mcu-eclipse/arm-none-eabi-gcc/8.2.1-1.4.1/.content/bin/../lib/gcc/arm-none-eabi/8.2.1/../../../../arm-none-eabi/lib/thumb/v7e-m/nofp/libg_nano.a(lib_a-nano-svfprintf.o)
                0x0000000008002844                __ssputs_r
 *fill*         0x00000000080028fa        0x2 
 .text._svfprintf_r
                0x00000000080028fc      0x1f0 /Users/ilg/Library/xPacks/@gnu-mcu-eclipse/arm-none-eabi-gcc/8.2.1-1.4.1/.content/bin/../lib/gcc/arm-none-eabi/8.2.1/../../../../arm-none-eabi/lib/thumb/v7e-m/nofp/libg_nano.a(lib_a-nano-svfprintf.o)
                0x00000000080028fc                _svfprintf_r
                0x00000000080028fc                _svfiprintf_r
 .text._printf_common
                0x0000000008002aec       0xea /Users/ilg/Library/xPacks/@gnu-mcu-eclipse/arm-none-eabi-gcc/8.2.1-1.4.1/.content/bin/../lib/gcc/arm-none-eabi/8.2.1/../../../../arm-none-eabi/lib/thumb/v7e-m/nofp/libg_nano.a(lib_a-nano-vfprintf_i.o)
                0x0000000008002aec                _printf_common
 *fill*         0x0000000008002bd6        0x2 
 .text._printf_i
                0x0000000008002bd8      0x228 /Users/ilg/Library/xPacks/@gnu-mcu-eclipse/arm-none-eabi-gcc/8.2.1-1.4.1/.content/bin/../lib/gcc/arm-none-eabi/8.2.1/../../../../arm-none-eabi/lib/thumb/v7e-m/nofp/libg_nano.a(lib_a-nano-vfprintf_i.o)
                0x0000000008002bd8                _printf_i
 .text._read_r  0x0000000008002e00       0x24 /Users/ilg/Library/xPacks/@gnu-mcu-eclipse/arm-none-eabi-gcc/8.2.1-1.4.1/.content/bin/../lib/gcc/arm-none-eabi/8.2.1/../../../../arm-none-eabi/lib/thumb/v7e-m/nofp/libg_nano.a(lib_a-readr.o)
                0x0000000008002e00                _read_r
 .text._fstat_r
                0x0000000008002e24       0x24 /Users/ilg/Library/xPacks/@gnu-mcu-eclipse/arm-none-eabi-gcc/8.2.1-1.4.1/.content/bin/../lib/gcc/arm-none-eabi/8.2.1/../../../../arm-none-eabi/lib/thumb/v7e-m/nofp/libg_nano.a(lib_a-fstatr.o)
                0x0000000008002e24                _fstat_r
 .text._isatty_r
                0x0000000008002e48       0x20 /Users/ilg/Library/xPacks/@gnu-mcu-eclipse/arm-none-eabi-gcc/8.2.1-1.4.1/.content/bin/../lib/gcc/arm-none-eabi/8.2.1/../../../../arm-none-eabi/lib/thumb/v7e-m/nofp/libg_nano.a(lib_a-isattyr.o)
                0x0000000008002e48                _isatty_r
 *fill*         0x0000000008002e68        0x8 
 .text          0x0000000008002e70       0xa0 /Users/ilg/Library/xPacks/@gnu-mcu-eclipse/arm-none-eabi-gcc/8.2.1-1.4.1/.content/bin/../lib/gcc/arm-none-eabi/8.2.1/../../../../arm-none-eabi/lib/thumb/v7e-m/nofp/libg_nano.a(lib_a-memchr.o)
                0x0000000008002e70                memchr
 .text.memcpy   0x0000000008002f10       0x1c /Users/ilg/Library/xPacks/@gnu-mcu-eclipse/arm-none-eabi-gcc/8.2.1-1.4.1/.content/bin/../lib/gcc/arm-none-eabi/8.2.1/../../../../arm-none-eabi/lib/thumb/v7e-m/nofp/libg_nano.a(lib_a-memcpy-stub.o)
                0x0000000008002f10                memcpy
 .text.memmove  0x0000000008002f2c       0x34 /Users/ilg/Library/xPacks/@gnu-mcu-eclipse/arm-none-eabi-gcc/8.2.1-1.4.1/.content/bin/../lib/gcc/arm-none-eabi/8.2.1/../../../../arm-none-eabi/lib/thumb/v7e-m/nofp/libg_nano.a(lib_a-memmove.o)
                0x0000000008002f2c                memmove
 .text._realloc_r
                0x0000000008002f60       0x4c /Users/ilg/Library/xPacks/@gnu-mcu-eclipse/arm-none-eabi-gcc/8.2.1-1.4.1/.content/bin/../lib/gcc/arm-none-eabi/8.2.1/../../../../arm-none-eabi/lib/thumb/v7e-m/nofp/libg_nano.a(lib_a-nano-reallocr.o)
                0x0000000008002f60                _realloc_r
 .text._malloc_usable_size_r
                0x0000000008002fac       0x10 /Users/ilg/Library/xPacks/@gnu-mcu-eclipse/arm-none-eabi-gcc/8.2.1-1.4.1/.content/bin/../lib/gcc/arm-none-eabi/8.2.1/../../../../arm-none-eabi/lib/thumb/v7e-m/nofp/libg_nano.a(lib_a-nano-msizer.o)
                0x0000000008002fac                _malloc_usable_size_r
 *(.rodata .rodata.* .constdata .constdata.*)
 .rodata.HAL_NVIC_SetPriorityGrouping.str1.4
                0x0000000008002fbc       0x31 ./system/src/stm32f4-hal/stm32f4xx_hal_cortex.o
 *fill*         0x0000000008002fed        0x3 
 .rodata.HAL_GPIO_Init.str1.4
                0x0000000008002ff0       0x2f ./system/src/stm32f4-hal/stm32f4xx_hal_gpio.o
 *fill*         0x000000000800301f        0x1 
 .rodata.APBAHBPrescTable
                0x0000000008003020       0x10 ./system/src/stm32f4-hal/stm32f4xx_hal_rcc.o
                0x0000000008003020                APBAHBPrescTable
 .rodata.HAL_RCC_OscConfig.str1.4
                0x0000000008003030       0x2e ./system/src/stm32f4-hal/stm32f4xx_hal_rcc.o
 *fill*         0x000000000800305e        0x2 
 .rodata.abort.str1.4
                0x0000000008003060       0x14 ./system/src/newlib/_exit.o
 .rodata.initialise_monitor_handles.str1.4
                0x0000000008003074        0x4 ./system/src/newlib/_syscalls.o
 .rodata.assert_failed.str1.4
                0x0000000008003078       0x2b ./system/src/newlib/assert.o
 *fill*         0x00000000080030a3        0x1 
 .rodata.trace_dump_args.str1.4
                0x00000000080030a4       0x29 ./system/src/diag/Trace.o
 .rodata.trace_puts.str1.4
                0x00000000080030cd       0x29 ./system/src/diag/Trace.o
                                          0x2 (size before relaxing)
 *fill*         0x00000000080030cd        0x3 
 .rodata.dumpExceptionStack.str1.4
                0x00000000080030d0      0x11a ./system/src/cortexm/exception_handlers.o
 .rodata.isSemihosting.str1.4
                0x00000000080031ea        0x4 ./system/src/cortexm/exception_handlers.o
 *fill*         0x00000000080031ea        0x2 
 .rodata.str1.4
                0x00000000080031ec       0x2a ./system/src/cortexm/exception_handlers.o
 *fill*         0x0000000008003216        0x2 
 .rodata.AHBPrescTable
                0x0000000008003218       0x10 ./system/src/cmsis/system_stm32f4xx.o
                0x0000000008003218                AHBPrescTable
 .rodata.main.str1.4
                0x0000000008003228       0x70 ./src/main.o
                                         0x6f (size before relaxing)
 .rodata._ctype_
                0x0000000008003298      0x101 /Users/ilg/Library/xPacks/@gnu-mcu-eclipse/arm-none-eabi-gcc/8.2.1-1.4.1/.content/bin/../lib/gcc/arm-none-eabi/8.2.1/../../../../arm-none-eabi/lib/thumb/v7e-m/nofp/libg_nano.a(lib_a-ctype_.o)
                0x0000000008003298                _ctype_
 *fill*         0x0000000008003399        0x3 
 .rodata.__sf_fake_stderr
                0x000000000800339c       0x20 /Users/ilg/Library/xPacks/@gnu-mcu-eclipse/arm-none-eabi-gcc/8.2.1-1.4.1/.content/bin/../lib/gcc/arm-none-eabi/8.2.1/../../../../arm-none-eabi/lib/thumb/v7e-m/nofp/libg_nano.a(lib_a-findfp.o)
                0x000000000800339c                __sf_fake_stderr
 .rodata.__sf_fake_stdin
                0x00000000080033bc       0x20 /Users/ilg/Library/xPacks/@gnu-mcu-eclipse/arm-none-eabi-gcc/8.2.1-1.4.1/.content/bin/../lib/gcc/arm-none-eabi/8.2.1/../../../../arm-none-eabi/lib/thumb/v7e-m/nofp/libg_nano.a(lib_a-findfp.o)
                0x00000000080033bc                __sf_fake_stdin
 .rodata.__sf_fake_stdout
                0x00000000080033dc       0x20 /Users/ilg/Library/xPacks/@gnu-mcu-eclipse/arm-none-eabi-gcc/8.2.1-1.4.1/.content/bin/../lib/gcc/arm-none-eabi/8.2.1/../../../../arm-none-eabi/lib/thumb/v7e-m/nofp/libg_nano.a(lib_a-findfp.o)
                0x00000000080033dc                __sf_fake_stdout
 .rodata._global_impure_ptr
                0x00000000080033fc        0x4 /Users/ilg/Library/xPacks/@gnu-mcu-eclipse/arm-none-eabi-gcc/8.2.1-1.4.1/.content/bin/../lib/gcc/arm-none-eabi/8.2.1/../../../../arm-none-eabi/lib/thumb/v7e-m/nofp/libg_nano.a(lib_a-impure.o)
                0x00000000080033fc                _global_impure_ptr
 .rodata._svfprintf_r.str1.1
                0x0000000008003400       0x11 /Users/ilg/Library/xPacks/@gnu-mcu-eclipse/arm-none-eabi-gcc/8.2.1-1.4.1/.content/bin/../lib/gcc/arm-none-eabi/8.2.1/../../../../arm-none-eabi/lib/thumb/v7e-m/nofp/libg_nano.a(lib_a-nano-svfprintf.o)
 .rodata._printf_i.str1.1
                0x0000000008003411       0x22 /Users/ilg/Library/xPacks/@gnu-mcu-eclipse/arm-none-eabi-gcc/8.2.1-1.4.1/.content/bin/../lib/gcc/arm-none-eabi/8.2.1/../../../../arm-none-eabi/lib/thumb/v7e-m/nofp/libg_nano.a(lib_a-nano-vfprintf_i.o)
 *(vtable)
 *(.eh_frame*)
 *(.glue_7)
 .glue_7        0x0000000008003433        0x0 linker stubs
 *(.glue_7t)
 .glue_7t       0x0000000008003433        0x0 linker stubs

.vfp11_veneer   0x0000000008003434        0x0
 .vfp11_veneer  0x0000000008003434        0x0 linker stubs

.v4_bx          0x0000000008003434        0x0
 .v4_bx         0x0000000008003434        0x0 linker stubs

.iplt           0x0000000008003434        0x0
 .iplt          0x0000000008003434        0x0 ./system/src/stm32f4-hal/stm32f4xx_hal.o

.rel.dyn        0x0000000008003434        0x0
 .rel.iplt      0x0000000008003434        0x0 ./system/src/stm32f4-hal/stm32f4xx_hal.o

.ARM.extab
 *(.ARM.extab* .gnu.linkonce.armextab.*)
                0x0000000008003434                . = ALIGN (0x4)
                0x0000000008003434                __exidx_start = .

.ARM.exidx
 *(.ARM.exidx* .gnu.linkonce.armexidx.*)
                0x0000000008003434                __exidx_end = .
                0x0000000008003434                . = ALIGN (0x4)
                0x0000000008003434                _etext = .
                0x0000000008003434                __etext = .

.data_CCMRAM    0x0000000010000000        0x0 load address 0x0000000008003434
 FILL mask 0xff
 *(.data.CCMRAM .data.CCMRAM.*)
                0x0000000010000000                . = ALIGN (0x4)
                0x0000000008003434                _sidata = LOADADDR (.data)

.data           0x0000000020000000       0x70 load address 0x0000000008003434
 FILL mask 0xff
                0x0000000020000000                _sdata = .
                0x0000000020000000                __data_start__ = .
 *(.data_begin .data_begin.*)
 .data_begin    0x0000000020000000        0x4 ./system/src/newlib/_startup.o
 *(.data .data.*)
 .data.SystemCoreClock
                0x0000000020000004        0x4 ./system/src/cmsis/system_stm32f4xx.o
                0x0000000020000004                SystemCoreClock
 .data._impure_ptr
                0x0000000020000008        0x4 /Users/ilg/Library/xPacks/@gnu-mcu-eclipse/arm-none-eabi-gcc/8.2.1-1.4.1/.content/bin/../lib/gcc/arm-none-eabi/8.2.1/../../../../arm-none-eabi/lib/thumb/v7e-m/nofp/libg_nano.a(lib_a-impure.o)
                0x0000000020000008                _impure_ptr
 .data.impure_data
                0x000000002000000c       0x60 /Users/ilg/Library/xPacks/@gnu-mcu-eclipse/arm-none-eabi-gcc/8.2.1-1.4.1/.content/bin/../lib/gcc/arm-none-eabi/8.2.1/../../../../arm-none-eabi/lib/thumb/v7e-m/nofp/libg_nano.a(lib_a-impure.o)
 *(.data_end .data_end.*)
 .data_end      0x000000002000006c        0x4 ./system/src/newlib/_startup.o
                0x0000000020000070                . = ALIGN (0x4)
                0x0000000020000070                _edata = .
                0x0000000020000070                __data_end__ = .

.igot.plt       0x0000000020000070        0x0 load address 0x00000000080034a4
 .igot.plt      0x0000000020000070        0x0 ./system/src/stm32f4-hal/stm32f4xx_hal.o

.bss_CCMRAM     0x0000000010000000        0x0
 *(.bss.CCMRAM .bss.CCMRAM.*)

.bss            0x0000000020000070      0x210
                0x0000000020000070                __bss_start__ = .
                0x0000000020000070                _sbss = .
 *(.bss_begin .bss_begin.*)
 .bss_begin     0x0000000020000070        0x4 ./system/src/newlib/_startup.o
 *(.bss .bss.*)
 .bss.current_heap_end.4534
                0x0000000020000074        0x4 ./system/src/newlib/_sbrk.o
 .bss.args_buf.6482
                0x0000000020000078       0x50 ./system/src/newlib/_syscalls.o
 .bss.argv_buf.6483
                0x00000000200000c8       0x28 ./system/src/newlib/_syscalls.o
 .bss.monitor_stderr
                0x00000000200000f0        0x4 ./system/src/newlib/_syscalls.o
 .bss.monitor_stdin
                0x00000000200000f4        0x4 ./system/src/newlib/_syscalls.o
 .bss.monitor_stdout
                0x00000000200000f8        0x4 ./system/src/newlib/_syscalls.o
 .bss.openfiles
                0x00000000200000fc       0xa0 ./system/src/newlib/_syscalls.o
 .bss.buf.5778  0x000000002000019c       0x80 ./system/src/diag/Trace.o
 .bss._ZN5Timer13ms_delayCountE
                0x000000002000021c        0x4 ./src/Timer.o
                0x000000002000021c                Timer::ms_delayCount
 .bss.blinkLeds
                0x0000000020000220       0x40 ./src/main.o
                0x0000000020000220                blinkLeds
 .bss.__malloc_free_list
                0x0000000020000260        0x4 /Users/ilg/Library/xPacks/@gnu-mcu-eclipse/arm-none-eabi-gcc/8.2.1-1.4.1/.content/bin/../lib/gcc/arm-none-eabi/8.2.1/../../../../arm-none-eabi/lib/thumb/v7e-m/nofp/libg_nano.a(lib_a-nano-mallocr.o)
                0x0000000020000260                __malloc_free_list
 .bss.__malloc_sbrk_start
                0x0000000020000264        0x4 /Users/ilg/Library/xPacks/@gnu-mcu-eclipse/arm-none-eabi-gcc/8.2.1-1.4.1/.content/bin/../lib/gcc/arm-none-eabi/8.2.1/../../../../arm-none-eabi/lib/thumb/v7e-m/nofp/libg_nano.a(lib_a-nano-mallocr.o)
                0x0000000020000264                __malloc_sbrk_start
 *(COMMON)
 COMMON         0x0000000020000268        0x4 ./system/src/stm32f4-hal/stm32f4xx_hal.o
                0x0000000020000268                uwTick
 COMMON         0x000000002000026c        0x4 ./system/src/newlib/_syscalls.o
                0x000000002000026c                errno
 COMMON         0x0000000020000270        0x9 /Users/ilg/Library/xPacks/@gnu-mcu-eclipse/arm-none-eabi-gcc/8.2.1-1.4.1/.content/bin/../lib/gcc/arm-none-eabi/8.2.1/../../../../arm-none-eabi/lib/thumb/v7e-m/nofp/libg_nano.a(lib_a-lock.o)
                0x0000000020000270                __lock___atexit_recursive_mutex
                0x0000000020000271                __lock___arc4random_mutex
                0x0000000020000272                __lock___env_recursive_mutex
                0x0000000020000273                __lock___sinit_recursive_mutex
                0x0000000020000274                __lock___malloc_recursive_mutex
                0x0000000020000275                __lock___at_quick_exit_mutex
                0x0000000020000276                __lock___dd_hash_mutex
                0x0000000020000277                __lock___tz_mutex
                0x0000000020000278                __lock___sfp_recursive_mutex
 *(.bss_end .bss_end.*)
 *fill*         0x0000000020000279        0x3 
 .bss_end       0x000000002000027c        0x4 ./system/src/newlib/_startup.o
                0x0000000020000280                . = ALIGN (0x4)
                0x0000000020000280                __bss_end__ = .
                0x0000000020000280                _ebss = .

.noinit_CCMRAM
 *(.noinit.CCMRAM .noinit.CCMRAM.*)

.noinit         0x0000000020000280        0x0
                0x0000000020000280                _noinit = .
 *(.noinit .noinit.*)
                0x0000000020000280                . = ALIGN (0x4)
                0x0000000020000280                _end_noinit = .
                [!provide]                        PROVIDE (end = _end_noinit)
                [!provide]                        PROVIDE (_end = _end_noinit)
                [!provide]                        PROVIDE (__end = _end_noinit)
                [!provide]                        PROVIDE (__end__ = _end_noinit)

._check_stack   0x0000000020000280      0x100
                0x0000000020000380                . = (. + _Minimum_Stack_Size)
 *fill*         0x0000000020000280      0x100 

.b1text
 *(.b1text)
 *(.b1rodata)
 *(.b1rodata.*)

.eb0text
 *(.eb0text)
 *(.eb0rodata)
 *(.eb0rodata.*)

.eb1text
 *(.eb1text)
 *(.eb1rodata)
 *(.eb1rodata.*)

.eb2text
 *(.eb2text)
 *(.eb2rodata)
 *(.eb2rodata.*)

.eb3text
 *(.eb3text)
 *(.eb3rodata)
 *(.eb3rodata.*)

.stab
 *(.stab)

.stabstr
 *(.stabstr)

.stab.excl
 *(.stab.excl)

.stab.exclstr
 *(.stab.exclstr)

.stab.index
 *(.stab.index)

.stab.indexstr
 *(.stab.indexstr)

.comment        0x0000000000000000       0x68
 *(.comment)
 .comment       0x0000000000000000       0x68 ./system/src/stm32f4-hal/stm32f4xx_hal.o
                                         0x69 (size before relaxing)
 .comment       0x0000000000000068       0x69 ./system/src/stm32f4-hal/stm32f4xx_hal_cortex.o
 .comment       0x0000000000000068       0x69 ./system/src/stm32f4-hal/stm32f4xx_hal_gpio.o
 .comment       0x0000000000000068       0x69 ./system/src/stm32f4-hal/stm32f4xx_hal_rcc.o
 .comment       0x0000000000000068       0x69 ./system/src/newlib/_exit.o
 .comment       0x0000000000000068       0x69 ./system/src/newlib/_sbrk.o
 .comment       0x0000000000000068       0x69 ./system/src/newlib/_startup.o
 .comment       0x0000000000000068       0x69 ./system/src/newlib/_syscalls.o
 .comment       0x0000000000000068       0x69 ./system/src/newlib/assert.o
 .comment       0x0000000000000068       0x69 ./system/src/diag/Trace.o
 .comment       0x0000000000000068       0x69 ./system/src/diag/trace_impl.o
 .comment       0x0000000000000068       0x69 ./system/src/cortexm/_initialize_hardware.o
 .comment       0x0000000000000068       0x69 ./system/src/cortexm/exception_handlers.o
 .comment       0x0000000000000068       0x69 ./system/src/cmsis/system_stm32f4xx.o
 .comment       0x0000000000000068       0x69 ./system/src/cmsis/vectors_stm32f407xx.o
 .comment       0x0000000000000068       0x69 ./src/BlinkLed.o
 .comment       0x0000000000000068       0x69 ./src/Timer.o
 .comment       0x0000000000000068       0x69 ./src/_initialize_hardware.o
 .comment       0x0000000000000068       0x69 ./src/main.o
 .comment       0x0000000000000068       0x69 ./src/stm32f4xx_hal_msp.o

.ARM.attributes
                0x0000000000000000       0x2c
 .ARM.attributes
                0x0000000000000000       0x2e ./system/src/stm32f4-hal/stm32f4xx_hal.o
 .ARM.attributes
                0x000000000000002e       0x2e ./system/src/stm32f4-hal/stm32f4xx_hal_cortex.o
 .ARM.attributes
                0x000000000000005c       0x2e ./system/src/stm32f4-hal/stm32f4xx_hal_gpio.o
 .ARM.attributes
                0x000000000000008a       0x2e ./system/src/stm32f4-hal/stm32f4xx_hal_rcc.o
 .ARM.attributes
                0x00000000000000b8       0x2e ./system/src/newlib/_exit.o
 .ARM.attributes
                0x00000000000000e6       0x2e ./system/src/newlib/_sbrk.o
 .ARM.attributes
                0x0000000000000114       0x2e ./system/src/newlib/_startup.o
 .ARM.attributes
                0x0000000000000142       0x2e ./system/src/newlib/_syscalls.o
 .ARM.attributes
                0x0000000000000170       0x2e ./system/src/newlib/assert.o
 .ARM.attributes
                0x000000000000019e       0x2e ./system/src/diag/Trace.o
 .ARM.attributes
                0x00000000000001cc       0x2e ./system/src/diag/trace_impl.o
 .ARM.attributes
                0x00000000000001fa       0x2e ./system/src/cortexm/_initialize_hardware.o
 .ARM.attributes
                0x0000000000000228       0x2e ./system/src/cortexm/exception_handlers.o
 .ARM.attributes
                0x0000000000000256       0x2e ./system/src/cmsis/system_stm32f4xx.o
 .ARM.attributes
                0x0000000000000284       0x2e ./system/src/cmsis/vectors_stm32f407xx.o
 .ARM.attributes
                0x00000000000002b2       0x2e ./src/BlinkLed.o
 .ARM.attributes
                0x00000000000002e0       0x2e ./src/Timer.o
 .ARM.attributes
                0x000000000000030e       0x2e ./src/_initialize_hardware.o
 .ARM.attributes
                0x000000000000033c       0x2e ./src/main.o
 .ARM.attributes
                0x000000000000036a       0x2e ./src/stm32f4xx_hal_msp.o
 .ARM.attributes
                0x0000000000000398       0x2e /Users/ilg/Library/xPacks/@gnu-mcu-eclipse/arm-none-eabi-gcc/8.2.1-1.4.1/.content/bin/../lib/gcc/arm-none-eabi/8.2.1/../../../../arm-none-eabi/lib/thumb/v7e-m/nofp/libg_nano.a(lib_a-atoi.o)
 .ARM.attributes
                0x00000000000003c6       0x2e /Users/ilg/Library/xPacks/@gnu-mcu-eclipse/arm-none-eabi-gcc/8.2.1-1.4.1/.content/bin/../lib/gcc/arm-none-eabi/8.2.1/../../../../arm-none-eabi/lib/thumb/v7e-m/nofp/libg_nano.a(lib_a-ctype_.o)
 .ARM.attributes
                0x00000000000003f4       0x2e /Users/ilg/Library/xPacks/@gnu-mcu-eclipse/arm-none-eabi-gcc/8.2.1-1.4.1/.content/bin/../lib/gcc/arm-none-eabi/8.2.1/../../../../arm-none-eabi/lib/thumb/v7e-m/nofp/libg_nano.a(lib_a-errno.o)
 .ARM.attributes
                0x0000000000000422       0x2e /Users/ilg/Library/xPacks/@gnu-mcu-eclipse/arm-none-eabi-gcc/8.2.1-1.4.1/.content/bin/../lib/gcc/arm-none-eabi/8.2.1/../../../../arm-none-eabi/lib/thumb/v7e-m/nofp/libg_nano.a(lib_a-findfp.o)
 .ARM.attributes
                0x0000000000000450       0x2e /Users/ilg/Library/xPacks/@gnu-mcu-eclipse/arm-none-eabi-gcc/8.2.1-1.4.1/.content/bin/../lib/gcc/arm-none-eabi/8.2.1/../../../../arm-none-eabi/lib/thumb/v7e-m/nofp/libg_nano.a(lib_a-fwalk.o)
 .ARM.attributes
                0x000000000000047e       0x2e /Users/ilg/Library/xPacks/@gnu-mcu-eclipse/arm-none-eabi-gcc/8.2.1-1.4.1/.content/bin/../lib/gcc/arm-none-eabi/8.2.1/../../../../arm-none-eabi/lib/thumb/v7e-m/nofp/libg_nano.a(lib_a-fwrite.o)
 .ARM.attributes
                0x00000000000004ac       0x2e /Users/ilg/Library/xPacks/@gnu-mcu-eclipse/arm-none-eabi-gcc/8.2.1-1.4.1/.content/bin/../lib/gcc/arm-none-eabi/8.2.1/../../../../arm-none-eabi/lib/thumb/v7e-m/nofp/libg_nano.a(lib_a-impure.o)
 .ARM.attributes
                0x00000000000004da       0x2e /Users/ilg/Library/xPacks/@gnu-mcu-eclipse/arm-none-eabi-gcc/8.2.1-1.4.1/.content/bin/../lib/gcc/arm-none-eabi/8.2.1/../../../../arm-none-eabi/lib/thumb/v7e-m/nofp/libg_nano.a(lib_a-lock.o)
 .ARM.attributes
                0x0000000000000508       0x2e /Users/ilg/Library/xPacks/@gnu-mcu-eclipse/arm-none-eabi-gcc/8.2.1-1.4.1/.content/bin/../lib/gcc/arm-none-eabi/8.2.1/../../../../arm-none-eabi/lib/thumb/v7e-m/nofp/libg_nano.a(lib_a-memset.o)
 .ARM.attributes
                0x0000000000000536       0x2e /Users/ilg/Library/xPacks/@gnu-mcu-eclipse/arm-none-eabi-gcc/8.2.1-1.4.1/.content/bin/../lib/gcc/arm-none-eabi/8.2.1/../../../../arm-none-eabi/lib/thumb/v7e-m/nofp/libg_nano.a(lib_a-nano-mallocr.o)
 .ARM.attributes
                0x0000000000000564       0x2e /Users/ilg/Library/xPacks/@gnu-mcu-eclipse/arm-none-eabi-gcc/8.2.1-1.4.1/.content/bin/../lib/gcc/arm-none-eabi/8.2.1/../../../../arm-none-eabi/lib/thumb/v7e-m/nofp/libg_nano.a(lib_a-puts.o)
 .ARM.attributes
                0x0000000000000592       0x2e /Users/ilg/Library/xPacks/@gnu-mcu-eclipse/arm-none-eabi-gcc/8.2.1-1.4.1/.content/bin/../lib/gcc/arm-none-eabi/8.2.1/../../../../arm-none-eabi/lib/thumb/v7e-m/nofp/libg_nano.a(lib_a-sbrkr.o)
 .ARM.attributes
                0x00000000000005c0       0x2e /Users/ilg/Library/xPacks/@gnu-mcu-eclipse/arm-none-eabi-gcc/8.2.1-1.4.1/.content/bin/../lib/gcc/arm-none-eabi/8.2.1/../../../../arm-none-eabi/lib/thumb/v7e-m/nofp/libg_nano.a(lib_a-stdio.o)
 .ARM.attributes
                0x00000000000005ee       0x1c /Users/ilg/Library/xPacks/@gnu-mcu-eclipse/arm-none-eabi-gcc/8.2.1-1.4.1/.content/bin/../lib/gcc/arm-none-eabi/8.2.1/../../../../arm-none-eabi/lib/thumb/v7e-m/nofp/libg_nano.a(lib_a-strcmp.o)
 .ARM.attributes
                0x000000000000060a       0x17 /Users/ilg/Library/xPacks/@gnu-mcu-eclipse/arm-none-eabi-gcc/8.2.1-1.4.1/.content/bin/../lib/gcc/arm-none-eabi/8.2.1/../../../../arm-none-eabi/lib/thumb/v7e-m/nofp/libg_nano.a(lib_a-strlen.o)
 .ARM.attributes
                0x0000000000000621       0x2e /Users/ilg/Library/xPacks/@gnu-mcu-eclipse/arm-none-eabi-gcc/8.2.1-1.4.1/.content/bin/../lib/gcc/arm-none-eabi/8.2.1/../../../../arm-none-eabi/lib/thumb/v7e-m/nofp/libg_nano.a(lib_a-strtol.o)
 .ARM.attributes
                0x000000000000064f       0x2e /Users/ilg/Library/xPacks/@gnu-mcu-eclipse/arm-none-eabi-gcc/8.2.1-1.4.1/.content/bin/../lib/gcc/arm-none-eabi/8.2.1/../../../../arm-none-eabi/lib/thumb/v7e-m/nofp/libg_nano.a(lib_a-vsnprintf.o)
 .ARM.attributes
                0x000000000000067d       0x2e /Users/ilg/Library/xPacks/@gnu-mcu-eclipse/arm-none-eabi-gcc/8.2.1-1.4.1/.content/bin/../lib/gcc/arm-none-eabi/8.2.1/../../../../arm-none-eabi/lib/thumb/v7e-m/nofp/libg_nano.a(lib_a-wbuf.o)
 .ARM.attributes
                0x00000000000006ab       0x2e /Users/ilg/Library/xPacks/@gnu-mcu-eclipse/arm-none-eabi-gcc/8.2.1-1.4.1/.content/bin/../lib/gcc/arm-none-eabi/8.2.1/../../../../arm-none-eabi/lib/thumb/v7e-m/nofp/libg_nano.a(lib_a-writer.o)
 .ARM.attributes
                0x00000000000006d9       0x2e /Users/ilg/Library/xPacks/@gnu-mcu-eclipse/arm-none-eabi-gcc/8.2.1-1.4.1/.content/bin/../lib/gcc/arm-none-eabi/8.2.1/../../../../arm-none-eabi/lib/thumb/v7e-m/nofp/libg_nano.a(lib_a-wsetup.o)
 .ARM.attributes
                0x0000000000000707       0x2e /Users/ilg/Library/xPacks/@gnu-mcu-eclipse/arm-none-eabi-gcc/8.2.1-1.4.1/.content/bin/../lib/gcc/arm-none-eabi/8.2.1/../../../../arm-none-eabi/lib/thumb/v7e-m/nofp/libg_nano.a(lib_a-closer.o)
 .ARM.attributes
                0x0000000000000735       0x2e /Users/ilg/Library/xPacks/@gnu-mcu-eclipse/arm-none-eabi-gcc/8.2.1-1.4.1/.content/bin/../lib/gcc/arm-none-eabi/8.2.1/../../../../arm-none-eabi/lib/thumb/v7e-m/nofp/libg_nano.a(lib_a-fflush.o)
 .ARM.attributes
                0x0000000000000763       0x2e /Users/ilg/Library/xPacks/@gnu-mcu-eclipse/arm-none-eabi-gcc/8.2.1-1.4.1/.content/bin/../lib/gcc/arm-none-eabi/8.2.1/../../../../arm-none-eabi/lib/thumb/v7e-m/nofp/libg_nano.a(lib_a-lseekr.o)
 .ARM.attributes
                0x0000000000000791       0x2e /Users/ilg/Library/xPacks/@gnu-mcu-eclipse/arm-none-eabi-gcc/8.2.1-1.4.1/.content/bin/../lib/gcc/arm-none-eabi/8.2.1/../../../../arm-none-eabi/lib/thumb/v7e-m/nofp/libg_nano.a(lib_a-makebuf.o)
 .ARM.attributes
                0x00000000000007bf       0x2e /Users/ilg/Library/xPacks/@gnu-mcu-eclipse/arm-none-eabi-gcc/8.2.1-1.4.1/.content/bin/../lib/gcc/arm-none-eabi/8.2.1/../../../../arm-none-eabi/lib/thumb/v7e-m/nofp/libg_nano.a(lib_a-mlock.o)
 .ARM.attributes
                0x00000000000007ed       0x2e /Users/ilg/Library/xPacks/@gnu-mcu-eclipse/arm-none-eabi-gcc/8.2.1-1.4.1/.content/bin/../lib/gcc/arm-none-eabi/8.2.1/../../../../arm-none-eabi/lib/thumb/v7e-m/nofp/libg_nano.a(lib_a-nano-freer.o)
 .ARM.attributes
                0x000000000000081b       0x2e /Users/ilg/Library/xPacks/@gnu-mcu-eclipse/arm-none-eabi-gcc/8.2.1-1.4.1/.content/bin/../lib/gcc/arm-none-eabi/8.2.1/../../../../arm-none-eabi/lib/thumb/v7e-m/nofp/libg_nano.a(lib_a-nano-svfprintf.o)
 .ARM.attributes
                0x0000000000000849       0x2e /Users/ilg/Library/xPacks/@gnu-mcu-eclipse/arm-none-eabi-gcc/8.2.1-1.4.1/.content/bin/../lib/gcc/arm-none-eabi/8.2.1/../../../../arm-none-eabi/lib/thumb/v7e-m/nofp/libg_nano.a(lib_a-nano-vfprintf_i.o)
 .ARM.attributes
                0x0000000000000877       0x2e /Users/ilg/Library/xPacks/@gnu-mcu-eclipse/arm-none-eabi-gcc/8.2.1-1.4.1/.content/bin/../lib/gcc/arm-none-eabi/8.2.1/../../../../arm-none-eabi/lib/thumb/v7e-m/nofp/libg_nano.a(lib_a-readr.o)
 .ARM.attributes
                0x00000000000008a5       0x2e /Users/ilg/Library/xPacks/@gnu-mcu-eclipse/arm-none-eabi-gcc/8.2.1-1.4.1/.content/bin/../lib/gcc/arm-none-eabi/8.2.1/../../../../arm-none-eabi/lib/thumb/v7e-m/nofp/libg_nano.a(lib_a-fstatr.o)
 .ARM.attributes
                0x00000000000008d3       0x2e /Users/ilg/Library/xPacks/@gnu-mcu-eclipse/arm-none-eabi-gcc/8.2.1-1.4.1/.content/bin/../lib/gcc/arm-none-eabi/8.2.1/../../../../arm-none-eabi/lib/thumb/v7e-m/nofp/libg_nano.a(lib_a-isattyr.o)
 .ARM.attributes
                0x0000000000000901       0x1c /Users/ilg/Library/xPacks/@gnu-mcu-eclipse/arm-none-eabi-gcc/8.2.1-1.4.1/.content/bin/../lib/gcc/arm-none-eabi/8.2.1/../../../../arm-none-eabi/lib/thumb/v7e-m/nofp/libg_nano.a(lib_a-memchr.o)
 .ARM.attributes
                0x000000000000091d       0x2e /Users/ilg/Library/xPacks/@gnu-mcu-eclipse/arm-none-eabi-gcc/8.2.1-1.4.1/.content/bin/../lib/gcc/arm-none-eabi/8.2.1/../../../../arm-none-eabi/lib/thumb/v7e-m/nofp/libg_nano.a(lib_a-memcpy-stub.o)
 .ARM.attributes
                0x000000000000094b       0x2e /Users/ilg/Library/xPacks/@gnu-mcu-eclipse/arm-none-eabi-gcc/8.2.1-1.4.1/.content/bin/../lib/gcc/arm-none-eabi/8.2.1/../../../../arm-none-eabi/lib/thumb/v7e-m/nofp/libg_nano.a(lib_a-memmove.o)
 .ARM.attributes
                0x0000000000000979       0x2e /Users/ilg/Library/xPacks/@gnu-mcu-eclipse/arm-none-eabi-gcc/8.2.1-1.4.1/.content/bin/../lib/gcc/arm-none-eabi/8.2.1/../../../../arm-none-eabi/lib/thumb/v7e-m/nofp/libg_nano.a(lib_a-nano-reallocr.o)
 .ARM.attributes
                0x00000000000009a7       0x2e /Users/ilg/Library/xPacks/@gnu-mcu-eclipse/arm-none-eabi-gcc/8.2.1-1.4.1/.content/bin/../lib/gcc/arm-none-eabi/8.2.1/../../../../arm-none-eabi/lib/thumb/v7e-m/nofp/libg_nano.a(lib_a-nano-msizer.o)

.debug
 *(.debug)

.line
 *(.line)

.debug_srcinfo
 *(.debug_srcinfo)

.debug_sfnames
 *(.debug_sfnames)

.debug_aranges  0x0000000000000000      0x670
 *(.debug_aranges)
 .debug_aranges
                0x0000000000000000       0xc0 ./system/src/stm32f4-hal/stm32f4xx_hal.o
 .debug_aranges
                0x00000000000000c0       0x98 ./system/src/stm32f4-hal/stm32f4xx_hal_cortex.o
 .debug_aranges
                0x0000000000000158       0x58 ./system/src/stm32f4-hal/stm32f4xx_hal_gpio.o
 .debug_aranges
                0x00000000000001b0       0x88 ./system/src/stm32f4-hal/stm32f4xx_hal_rcc.o
 .debug_aranges
                0x0000000000000238       0x28 ./system/src/newlib/_exit.o
 .debug_aranges
                0x0000000000000260       0x20 ./system/src/newlib/_sbrk.o
 .debug_aranges
                0x0000000000000280       0x40 ./system/src/newlib/_startup.o
 .debug_aranges
                0x00000000000002c0      0x120 ./system/src/newlib/_syscalls.o
 .debug_aranges
                0x00000000000003e0       0x28 ./system/src/newlib/assert.o
 .debug_aranges
                0x0000000000000408       0x38 ./system/src/diag/Trace.o
 .debug_aranges
                0x0000000000000440       0x30 ./system/src/diag/trace_impl.o
 .debug_aranges
                0x0000000000000470       0x28 ./system/src/cortexm/_initialize_hardware.o
 .debug_aranges
                0x0000000000000498       0x90 ./system/src/cortexm/exception_handlers.o
 .debug_aranges
                0x0000000000000528       0x28 ./system/src/cmsis/system_stm32f4xx.o
 .debug_aranges
                0x0000000000000550       0x20 ./system/src/cmsis/vectors_stm32f407xx.o
 .debug_aranges
                0x0000000000000570       0x48 ./src/BlinkLed.o
 .debug_aranges
                0x00000000000005b8       0x28 ./src/Timer.o
 .debug_aranges
                0x00000000000005e0       0x28 ./src/_initialize_hardware.o
 .debug_aranges
                0x0000000000000608       0x30 ./src/main.o
 .debug_aranges
                0x0000000000000638       0x38 ./src/stm32f4xx_hal_msp.o

.debug_pubnames
 *(.debug_pubnames)

.debug_info     0x0000000000000000    0x136ab
 *(.debug_info .gnu.linkonce.wi.*)
 .debug_info    0x0000000000000000     0x1214 ./system/src/stm32f4-hal/stm32f4xx_hal.o
 .debug_info    0x0000000000001214     0x1b6b ./system/src/stm32f4-hal/stm32f4xx_hal_cortex.o
 .debug_info    0x0000000000002d7f     0x1209 ./system/src/stm32f4-hal/stm32f4xx_hal_gpio.o
 .debug_info    0x0000000000003f88     0x19db ./system/src/stm32f4-hal/stm32f4xx_hal_rcc.o
 .debug_info    0x0000000000005963      0x9e7 ./system/src/newlib/_exit.o
 .debug_info    0x000000000000634a      0x9d4 ./system/src/newlib/_sbrk.o
 .debug_info    0x0000000000006d1e      0x59d ./system/src/newlib/_startup.o
 .debug_info    0x00000000000072bb     0x2469 ./system/src/newlib/_syscalls.o
 .debug_info    0x0000000000009724      0xac2 ./system/src/newlib/assert.o
 .debug_info    0x000000000000a1e6      0xbdb ./system/src/diag/Trace.o
 .debug_info    0x000000000000adc1      0xc5e ./system/src/diag/trace_impl.o
 .debug_info    0x000000000000ba1f      0xba3 ./system/src/cortexm/_initialize_hardware.o
 .debug_info    0x000000000000c5c2     0x138e ./system/src/cortexm/exception_handlers.o
 .debug_info    0x000000000000d950      0xdd1 ./system/src/cmsis/system_stm32f4xx.o
 .debug_info    0x000000000000e721       0xce ./system/src/cmsis/vectors_stm32f407xx.o
 .debug_info    0x000000000000e7ef      0xee0 ./src/BlinkLed.o
 .debug_info    0x000000000000f6cf      0xa93 ./src/Timer.o
 .debug_info    0x0000000000010162      0xdfa ./src/_initialize_hardware.o
 .debug_info    0x0000000000010f5c     0x1da0 ./src/main.o
 .debug_info    0x0000000000012cfc      0x9af ./src/stm32f4xx_hal_msp.o

.debug_abbrev   0x0000000000000000     0x3b69
 *(.debug_abbrev)
 .debug_abbrev  0x0000000000000000      0x384 ./system/src/stm32f4-hal/stm32f4xx_hal.o
 .debug_abbrev  0x0000000000000384      0x479 ./system/src/stm32f4-hal/stm32f4xx_hal_cortex.o
 .debug_abbrev  0x00000000000007fd      0x32f ./system/src/stm32f4-hal/stm32f4xx_hal_gpio.o
 .debug_abbrev  0x0000000000000b2c      0x404 ./system/src/stm32f4-hal/stm32f4xx_hal_rcc.o
 .debug_abbrev  0x0000000000000f30      0x222 ./system/src/newlib/_exit.o
 .debug_abbrev  0x0000000000001152      0x232 ./system/src/newlib/_sbrk.o
 .debug_abbrev  0x0000000000001384      0x203 ./system/src/newlib/_startup.o
 .debug_abbrev  0x0000000000001587      0x499 ./system/src/newlib/_syscalls.o
 .debug_abbrev  0x0000000000001a20      0x222 ./system/src/newlib/assert.o
 .debug_abbrev  0x0000000000001c42      0x2c6 ./system/src/diag/Trace.o
 .debug_abbrev  0x0000000000001f08      0x34e ./system/src/diag/trace_impl.o
 .debug_abbrev  0x0000000000002256      0x20a ./system/src/cortexm/_initialize_hardware.o
 .debug_abbrev  0x0000000000002460      0x3b1 ./system/src/cortexm/exception_handlers.o
 .debug_abbrev  0x0000000000002811      0x250 ./system/src/cmsis/system_stm32f4xx.o
 .debug_abbrev  0x0000000000002a61       0xa5 ./system/src/cmsis/vectors_stm32f407xx.o
 .debug_abbrev  0x0000000000002b06      0x316 ./src/BlinkLed.o
 .debug_abbrev  0x0000000000002e1c      0x30d ./src/Timer.o
 .debug_abbrev  0x0000000000003129      0x25d ./src/_initialize_hardware.o
 .debug_abbrev  0x0000000000003386      0x60a ./src/main.o
 .debug_abbrev  0x0000000000003990      0x1d9 ./src/stm32f4xx_hal_msp.o

.debug_line     0x0000000000000000     0xdf15
 *(.debug_line)
 .debug_line    0x0000000000000000      0xd4c ./system/src/stm32f4-hal/stm32f4xx_hal.o
 .debug_line    0x0000000000000d4c     0x1082 ./system/src/stm32f4-hal/stm32f4xx_hal_cortex.o
 .debug_line    0x0000000000001dce     0x111a ./system/src/stm32f4-hal/stm32f4xx_hal_gpio.o
 .debug_line    0x0000000000002ee8     0x15ff ./system/src/stm32f4-hal/stm32f4xx_hal_rcc.o
 .debug_line    0x00000000000044e7      0x3d2 ./system/src/newlib/_exit.o
 .debug_line    0x00000000000048b9      0x3c3 ./system/src/newlib/_sbrk.o
 .debug_line    0x0000000000004c7c      0x645 ./system/src/newlib/_startup.o
 .debug_line    0x00000000000052c1     0x116d ./system/src/newlib/_syscalls.o
 .debug_line    0x000000000000642e      0x41e ./system/src/newlib/assert.o
 .debug_line    0x000000000000684c      0x4ae ./system/src/diag/Trace.o
 .debug_line    0x0000000000006cfa      0xc02 ./system/src/diag/trace_impl.o
 .debug_line    0x00000000000078fc      0xafe ./system/src/cortexm/_initialize_hardware.o
 .debug_line    0x00000000000083fa      0xf24 ./system/src/cortexm/exception_handlers.o
 .debug_line    0x000000000000931e      0xbc1 ./system/src/cmsis/system_stm32f4xx.o
 .debug_line    0x0000000000009edf      0x2bd ./system/src/cmsis/vectors_stm32f407xx.o
 .debug_line    0x000000000000a19c      0xc3b ./src/BlinkLed.o
 .debug_line    0x000000000000add7      0xb3d ./src/Timer.o
 .debug_line    0x000000000000b914      0xb5d ./src/_initialize_hardware.o
 .debug_line    0x000000000000c471      0xfb5 ./src/main.o
 .debug_line    0x000000000000d426      0xaef ./src/stm32f4xx_hal_msp.o

.debug_frame    0x0000000000000000     0x17fc
 *(.debug_frame)
 .debug_frame   0x0000000000000000      0x188 ./system/src/stm32f4-hal/stm32f4xx_hal.o
 .debug_frame   0x0000000000000188      0x17c ./system/src/stm32f4-hal/stm32f4xx_hal_cortex.o
 .debug_frame   0x0000000000000304       0xfc ./system/src/stm32f4-hal/stm32f4xx_hal_gpio.o
 .debug_frame   0x0000000000000400      0x13c ./system/src/stm32f4-hal/stm32f4xx_hal_rcc.o
 .debug_frame   0x000000000000053c       0x38 ./system/src/newlib/_exit.o
 .debug_frame   0x0000000000000574       0x28 ./system/src/newlib/_sbrk.o
 .debug_frame   0x000000000000059c       0x7c ./system/src/newlib/_startup.o
 .debug_frame   0x0000000000000618      0x3d4 ./system/src/newlib/_syscalls.o
 .debug_frame   0x00000000000009ec       0x40 ./system/src/newlib/assert.o
 .debug_frame   0x0000000000000a2c       0x94 ./system/src/diag/Trace.o
 .debug_frame   0x0000000000000ac0       0x64 ./system/src/diag/trace_impl.o
 .debug_frame   0x0000000000000b24       0x40 ./system/src/cortexm/_initialize_hardware.o
 .debug_frame   0x0000000000000b64      0x164 ./system/src/cortexm/exception_handlers.o
 .debug_frame   0x0000000000000cc8       0x30 ./system/src/cmsis/system_stm32f4xx.o
 .debug_frame   0x0000000000000cf8       0x20 ./system/src/cmsis/vectors_stm32f407xx.o
 .debug_frame   0x0000000000000d18       0x8c ./src/BlinkLed.o
 .debug_frame   0x0000000000000da4       0x38 ./src/Timer.o
 .debug_frame   0x0000000000000ddc       0x48 ./src/_initialize_hardware.o
 .debug_frame   0x0000000000000e24       0x60 ./src/main.o
 .debug_frame   0x0000000000000e84       0x50 ./src/stm32f4xx_hal_msp.o
 .debug_frame   0x0000000000000ed4       0x30 /Users/ilg/Library/xPacks/@gnu-mcu-eclipse/arm-none-eabi-gcc/8.2.1-1.4.1/.content/bin/../lib/gcc/arm-none-eabi/8.2.1/../../../../arm-none-eabi/lib/thumb/v7e-m/nofp/libg_nano.a(lib_a-atoi.o)
 .debug_frame   0x0000000000000f04       0x20 /Users/ilg/Library/xPacks/@gnu-mcu-eclipse/arm-none-eabi-gcc/8.2.1-1.4.1/.content/bin/../lib/gcc/arm-none-eabi/8.2.1/../../../../arm-none-eabi/lib/thumb/v7e-m/nofp/libg_nano.a(lib_a-errno.o)
 .debug_frame   0x0000000000000f24      0x14c /Users/ilg/Library/xPacks/@gnu-mcu-eclipse/arm-none-eabi-gcc/8.2.1-1.4.1/.content/bin/../lib/gcc/arm-none-eabi/8.2.1/../../../../arm-none-eabi/lib/thumb/v7e-m/nofp/libg_nano.a(lib_a-findfp.o)
 .debug_frame   0x0000000000001070       0x54 /Users/ilg/Library/xPacks/@gnu-mcu-eclipse/arm-none-eabi-gcc/8.2.1-1.4.1/.content/bin/../lib/gcc/arm-none-eabi/8.2.1/../../../../arm-none-eabi/lib/thumb/v7e-m/nofp/libg_nano.a(lib_a-fwalk.o)
 .debug_frame   0x00000000000010c4       0x4c /Users/ilg/Library/xPacks/@gnu-mcu-eclipse/arm-none-eabi-gcc/8.2.1-1.4.1/.content/bin/../lib/gcc/arm-none-eabi/8.2.1/../../../../arm-none-eabi/lib/thumb/v7e-m/nofp/libg_nano.a(lib_a-fwrite.o)
 .debug_frame   0x0000000000001110       0xb0 /Users/ilg/Library/xPacks/@gnu-mcu-eclipse/arm-none-eabi-gcc/8.2.1-1.4.1/.content/bin/../lib/gcc/arm-none-eabi/8.2.1/../../../../arm-none-eabi/lib/thumb/v7e-m/nofp/libg_nano.a(lib_a-lock.o)
 .debug_frame   0x00000000000011c0       0x20 /Users/ilg/Library/xPacks/@gnu-mcu-eclipse/arm-none-eabi-gcc/8.2.1-1.4.1/.content/bin/../lib/gcc/arm-none-eabi/8.2.1/../../../../arm-none-eabi/lib/thumb/v7e-m/nofp/libg_nano.a(lib_a-memset.o)
 .debug_frame   0x00000000000011e0       0x30 /Users/ilg/Library/xPacks/@gnu-mcu-eclipse/arm-none-eabi-gcc/8.2.1-1.4.1/.content/bin/../lib/gcc/arm-none-eabi/8.2.1/../../../../arm-none-eabi/lib/thumb/v7e-m/nofp/libg_nano.a(lib_a-nano-mallocr.o)
 .debug_frame   0x0000000000001210       0x3c /Users/ilg/Library/xPacks/@gnu-mcu-eclipse/arm-none-eabi-gcc/8.2.1-1.4.1/.content/bin/../lib/gcc/arm-none-eabi/8.2.1/../../../../arm-none-eabi/lib/thumb/v7e-m/nofp/libg_nano.a(lib_a-puts.o)
 .debug_frame   0x000000000000124c       0x2c /Users/ilg/Library/xPacks/@gnu-mcu-eclipse/arm-none-eabi-gcc/8.2.1-1.4.1/.content/bin/../lib/gcc/arm-none-eabi/8.2.1/../../../../arm-none-eabi/lib/thumb/v7e-m/nofp/libg_nano.a(lib_a-sbrkr.o)
 .debug_frame   0x0000000000001278       0x88 /Users/ilg/Library/xPacks/@gnu-mcu-eclipse/arm-none-eabi-gcc/8.2.1-1.4.1/.content/bin/../lib/gcc/arm-none-eabi/8.2.1/../../../../arm-none-eabi/lib/thumb/v7e-m/nofp/libg_nano.a(lib_a-stdio.o)
 .debug_frame   0x0000000000001300       0x20 /Users/ilg/Library/xPacks/@gnu-mcu-eclipse/arm-none-eabi-gcc/8.2.1-1.4.1/.content/bin/../lib/gcc/arm-none-eabi/8.2.1/../../../../arm-none-eabi/lib/thumb/v7e-m/nofp/libg_nano.a(lib_a-strcmp.o)
 .debug_frame   0x0000000000001320       0x64 /Users/ilg/Library/xPacks/@gnu-mcu-eclipse/arm-none-eabi-gcc/8.2.1-1.4.1/.content/bin/../lib/gcc/arm-none-eabi/8.2.1/../../../../arm-none-eabi/lib/thumb/v7e-m/nofp/libg_nano.a(lib_a-strtol.o)
 .debug_frame   0x0000000000001384       0x4c /Users/ilg/Library/xPacks/@gnu-mcu-eclipse/arm-none-eabi-gcc/8.2.1-1.4.1/.content/bin/../lib/gcc/arm-none-eabi/8.2.1/../../../../arm-none-eabi/lib/thumb/v7e-m/nofp/libg_nano.a(lib_a-vsnprintf.o)
 .debug_frame   0x00000000000013d0       0x40 /Users/ilg/Library/xPacks/@gnu-mcu-eclipse/arm-none-eabi-gcc/8.2.1-1.4.1/.content/bin/../lib/gcc/arm-none-eabi/8.2.1/../../../../arm-none-eabi/lib/thumb/v7e-m/nofp/libg_nano.a(lib_a-wbuf.o)
 .debug_frame   0x0000000000001410       0x2c /Users/ilg/Library/xPacks/@gnu-mcu-eclipse/arm-none-eabi-gcc/8.2.1-1.4.1/.content/bin/../lib/gcc/arm-none-eabi/8.2.1/../../../../arm-none-eabi/lib/thumb/v7e-m/nofp/libg_nano.a(lib_a-writer.o)
 .debug_frame   0x000000000000143c       0x2c /Users/ilg/Library/xPacks/@gnu-mcu-eclipse/arm-none-eabi-gcc/8.2.1-1.4.1/.content/bin/../lib/gcc/arm-none-eabi/8.2.1/../../../../arm-none-eabi/lib/thumb/v7e-m/nofp/libg_nano.a(lib_a-wsetup.o)
 .debug_frame   0x0000000000001468       0x2c /Users/ilg/Library/xPacks/@gnu-mcu-eclipse/arm-none-eabi-gcc/8.2.1-1.4.1/.content/bin/../lib/gcc/arm-none-eabi/8.2.1/../../../../arm-none-eabi/lib/thumb/v7e-m/nofp/libg_nano.a(lib_a-closer.o)
 .debug_frame   0x0000000000001494       0x5c /Users/ilg/Library/xPacks/@gnu-mcu-eclipse/arm-none-eabi-gcc/8.2.1-1.4.1/.content/bin/../lib/gcc/arm-none-eabi/8.2.1/../../../../arm-none-eabi/lib/thumb/v7e-m/nofp/libg_nano.a(lib_a-fflush.o)
 .debug_frame   0x00000000000014f0       0x2c /Users/ilg/Library/xPacks/@gnu-mcu-eclipse/arm-none-eabi-gcc/8.2.1-1.4.1/.content/bin/../lib/gcc/arm-none-eabi/8.2.1/../../../../arm-none-eabi/lib/thumb/v7e-m/nofp/libg_nano.a(lib_a-lseekr.o)
 .debug_frame   0x000000000000151c       0x58 /Users/ilg/Library/xPacks/@gnu-mcu-eclipse/arm-none-eabi-gcc/8.2.1-1.4.1/.content/bin/../lib/gcc/arm-none-eabi/8.2.1/../../../../arm-none-eabi/lib/thumb/v7e-m/nofp/libg_nano.a(lib_a-makebuf.o)
 .debug_frame   0x0000000000001574       0x30 /Users/ilg/Library/xPacks/@gnu-mcu-eclipse/arm-none-eabi-gcc/8.2.1-1.4.1/.content/bin/../lib/gcc/arm-none-eabi/8.2.1/../../../../arm-none-eabi/lib/thumb/v7e-m/nofp/libg_nano.a(lib_a-mlock.o)
 .debug_frame   0x00000000000015a4       0x38 /Users/ilg/Library/xPacks/@gnu-mcu-eclipse/arm-none-eabi-gcc/8.2.1-1.4.1/.content/bin/../lib/gcc/arm-none-eabi/8.2.1/../../../../arm-none-eabi/lib/thumb/v7e-m/nofp/libg_nano.a(lib_a-nano-freer.o)
 .debug_frame   0x00000000000015dc       0x90 /Users/ilg/Library/xPacks/@gnu-mcu-eclipse/arm-none-eabi-gcc/8.2.1-1.4.1/.content/bin/../lib/gcc/arm-none-eabi/8.2.1/../../../../arm-none-eabi/lib/thumb/v7e-m/nofp/libg_nano.a(lib_a-nano-svfprintf.o)
 .debug_frame   0x000000000000166c       0x60 /Users/ilg/Library/xPacks/@gnu-mcu-eclipse/arm-none-eabi-gcc/8.2.1-1.4.1/.content/bin/../lib/gcc/arm-none-eabi/8.2.1/../../../../arm-none-eabi/lib/thumb/v7e-m/nofp/libg_nano.a(lib_a-nano-vfprintf_i.o)
 .debug_frame   0x00000000000016cc       0x2c /Users/ilg/Library/xPacks/@gnu-mcu-eclipse/arm-none-eabi-gcc/8.2.1-1.4.1/.content/bin/../lib/gcc/arm-none-eabi/8.2.1/../../../../arm-none-eabi/lib/thumb/v7e-m/nofp/libg_nano.a(lib_a-readr.o)
 .debug_frame   0x00000000000016f8       0x2c /Users/ilg/Library/xPacks/@gnu-mcu-eclipse/arm-none-eabi-gcc/8.2.1-1.4.1/.content/bin/../lib/gcc/arm-none-eabi/8.2.1/../../../../arm-none-eabi/lib/thumb/v7e-m/nofp/libg_nano.a(lib_a-fstatr.o)
 .debug_frame   0x0000000000001724       0x2c /Users/ilg/Library/xPacks/@gnu-mcu-eclipse/arm-none-eabi-gcc/8.2.1-1.4.1/.content/bin/../lib/gcc/arm-none-eabi/8.2.1/../../../../arm-none-eabi/lib/thumb/v7e-m/nofp/libg_nano.a(lib_a-isattyr.o)
 .debug_frame   0x0000000000001750       0x28 /Users/ilg/Library/xPacks/@gnu-mcu-eclipse/arm-none-eabi-gcc/8.2.1-1.4.1/.content/bin/../lib/gcc/arm-none-eabi/8.2.1/../../../../arm-none-eabi/lib/thumb/v7e-m/nofp/libg_nano.a(lib_a-memcpy-stub.o)
 .debug_frame   0x0000000000001778       0x28 /Users/ilg/Library/xPacks/@gnu-mcu-eclipse/arm-none-eabi-gcc/8.2.1-1.4.1/.content/bin/../lib/gcc/arm-none-eabi/8.2.1/../../../../arm-none-eabi/lib/thumb/v7e-m/nofp/libg_nano.a(lib_a-memmove.o)
 .debug_frame   0x00000000000017a0       0x3c /Users/ilg/Library/xPacks/@gnu-mcu-eclipse/arm-none-eabi-gcc/8.2.1-1.4.1/.content/bin/../lib/gcc/arm-none-eabi/8.2.1/../../../../arm-none-eabi/lib/thumb/v7e-m/nofp/libg_nano.a(lib_a-nano-reallocr.o)
 .debug_frame   0x00000000000017dc       0x20 /Users/ilg/Library/xPacks/@gnu-mcu-eclipse/arm-none-eabi-gcc/8.2.1-1.4.1/.content/bin/../lib/gcc/arm-none-eabi/8.2.1/../../../../arm-none-eabi/lib/thumb/v7e-m/nofp/libg_nano.a(lib_a-nano-msizer.o)

.debug_str      0x0000000000000000    0x9e7c0
 *(.debug_str)
 .debug_str     0x0000000000000000    0x97bcc ./system/src/stm32f4-hal/stm32f4xx_hal.o
                                      0x98017 (size before relaxing)
 .debug_str     0x0000000000097bcc      0x374 ./system/src/stm32f4-hal/stm32f4xx_hal_cortex.o
                                      0x97ea8 (size before relaxing)
 .debug_str     0x0000000000097f40      0x2bf ./system/src/stm32f4-hal/stm32f4xx_hal_gpio.o
                                      0x978b9 (size before relaxing)
 .debug_str     0x00000000000981ff      0x393 ./system/src/stm32f4-hal/stm32f4xx_hal_rcc.o
                                      0x97a47 (size before relaxing)
 .debug_str     0x0000000000098592     0x10fa ./system/src/newlib/_exit.o
                                       0x7ece (size before relaxing)
 .debug_str     0x000000000009968c      0x4ed ./system/src/newlib/_sbrk.o
                                       0x7280 (size before relaxing)
 .debug_str     0x0000000000099b79      0x2c6 ./system/src/newlib/_startup.o
                                       0x69c8 (size before relaxing)
 .debug_str     0x0000000000099e3f     0x2052 ./system/src/newlib/_syscalls.o
                                       0xb3ee (size before relaxing)
 .debug_str     0x000000000009be91       0xd0 ./system/src/newlib/assert.o
                                       0x8984 (size before relaxing)
 .debug_str     0x000000000009bf61      0x156 ./system/src/diag/Trace.o
                                       0x8646 (size before relaxing)
 .debug_str     0x000000000009c0b7       0xa2 ./system/src/diag/trace_impl.o
                                      0x987c1 (size before relaxing)
 .debug_str     0x000000000009c159       0x5e ./system/src/cortexm/_initialize_hardware.o
                                      0x9755d (size before relaxing)
 .debug_str     0x000000000009c1b7      0x1dc ./system/src/cortexm/exception_handlers.o
                                      0x989bc (size before relaxing)
 .debug_str     0x000000000009c393       0x46 ./system/src/cmsis/system_stm32f4xx.o
                                      0x9762c (size before relaxing)
 .debug_str     0x000000000009c3d9       0x59 ./system/src/cmsis/vectors_stm32f407xx.o
                                       0x3d9b (size before relaxing)
 .debug_str     0x000000000009c432      0x8b2 ./src/BlinkLed.o
                                      0x97ace (size before relaxing)
 .debug_str     0x000000000009cce4       0xac ./src/Timer.o
                                      0x97891 (size before relaxing)
 .debug_str     0x000000000009cd90       0x31 ./src/_initialize_hardware.o
                                      0x97742 (size before relaxing)
 .debug_str     0x000000000009cdc1     0x19c2 ./src/main.o
                                      0x9aa43 (size before relaxing)
 .debug_str     0x000000000009e783       0x3d ./src/stm32f4xx_hal_msp.o
                                      0x9749b (size before relaxing)

.debug_loc      0x0000000000000000     0x3f36
 *(.debug_loc)
 .debug_loc     0x0000000000000000       0xdb ./system/src/stm32f4-hal/stm32f4xx_hal.o
 .debug_loc     0x00000000000000db      0x8cf ./system/src/stm32f4-hal/stm32f4xx_hal_cortex.o
 .debug_loc     0x00000000000009aa      0x683 ./system/src/stm32f4-hal/stm32f4xx_hal_gpio.o
 .debug_loc     0x000000000000102d      0x7a1 ./system/src/stm32f4-hal/stm32f4xx_hal_rcc.o
 .debug_loc     0x00000000000017ce       0x15 ./system/src/newlib/_exit.o
 .debug_loc     0x00000000000017e3       0x97 ./system/src/newlib/_sbrk.o
 .debug_loc     0x000000000000187a      0x465 ./system/src/newlib/_startup.o
 .debug_loc     0x0000000000001cdf     0x148c ./system/src/newlib/_syscalls.o
 .debug_loc     0x000000000000316b      0x160 ./system/src/newlib/assert.o
 .debug_loc     0x00000000000032cb      0x118 ./system/src/diag/Trace.o
 .debug_loc     0x00000000000033e3      0x1a1 ./system/src/diag/trace_impl.o
 .debug_loc     0x0000000000003584      0x524 ./system/src/cortexm/exception_handlers.o
 .debug_loc     0x0000000000003aa8      0x16c ./system/src/cmsis/system_stm32f4xx.o
 .debug_loc     0x0000000000003c14       0x97 ./src/BlinkLed.o
 .debug_loc     0x0000000000003cab      0x28b ./src/main.o

.debug_macinfo
 *(.debug_macinfo)

.debug_weaknames
 *(.debug_weaknames)

.debug_funcnames
 *(.debug_funcnames)

.debug_typenames
 *(.debug_typenames)

.debug_varnames
 *(.debug_varnames)
OUTPUT(f407-disc-blink-tutorial.elf elf32-littlearm)

.debug_ranges   0x0000000000000000      0x620
 .debug_ranges  0x0000000000000000       0xb0 ./system/src/stm32f4-hal/stm32f4xx_hal.o
 .debug_ranges  0x00000000000000b0       0xe8 ./system/src/stm32f4-hal/stm32f4xx_hal_cortex.o
 .debug_ranges  0x0000000000000198       0x48 ./system/src/stm32f4-hal/stm32f4xx_hal_gpio.o
 .debug_ranges  0x00000000000001e0       0x78 ./system/src/stm32f4-hal/stm32f4xx_hal_rcc.o
 .debug_ranges  0x0000000000000258       0x18 ./system/src/newlib/_exit.o
 .debug_ranges  0x0000000000000270       0x10 ./system/src/newlib/_sbrk.o
 .debug_ranges  0x0000000000000280       0x78 ./system/src/newlib/_startup.o
 .debug_ranges  0x00000000000002f8      0x128 ./system/src/newlib/_syscalls.o
 .debug_ranges  0x0000000000000420       0x18 ./system/src/newlib/assert.o
 .debug_ranges  0x0000000000000438       0x28 ./system/src/diag/Trace.o
 .debug_ranges  0x0000000000000460       0x38 ./system/src/diag/trace_impl.o
 .debug_ranges  0x0000000000000498       0x18 ./system/src/cortexm/_initialize_hardware.o
 .debug_ranges  0x00000000000004b0       0x80 ./system/src/cortexm/exception_handlers.o
 .debug_ranges  0x0000000000000530       0x18 ./system/src/cmsis/system_stm32f4xx.o
 .debug_ranges  0x0000000000000548       0x10 ./system/src/cmsis/vectors_stm32f407xx.o
 .debug_ranges  0x0000000000000558       0x38 ./src/BlinkLed.o
 .debug_ranges  0x0000000000000590       0x18 ./src/Timer.o
 .debug_ranges  0x00000000000005a8       0x18 ./src/_initialize_hardware.o
 .debug_ranges  0x00000000000005c0       0x38 ./src/main.o
 .debug_ranges  0x00000000000005f8       0x28 ./src/stm32f4xx_hal_msp.o

.debug_macro    0x0000000000000000    0x1e2a8
 .debug_macro   0x0000000000000000      0x56d ./system/src/stm32f4-hal/stm32f4xx_hal.o
 .debug_macro   0x000000000000056d      0xaa8 ./system/src/stm32f4-hal/stm32f4xx_hal.o
 .debug_macro   0x0000000000001015      0x289 ./system/src/stm32f4-hal/stm32f4xx_hal.o
 .debug_macro   0x000000000000129e       0x31 ./system/src/stm32f4-hal/stm32f4xx_hal.o
 .debug_macro   0x00000000000012cf       0x28 ./system/src/stm32f4-hal/stm32f4xx_hal.o
 .debug_macro   0x00000000000012f7       0x22 ./system/src/stm32f4-hal/stm32f4xx_hal.o
 .debug_macro   0x0000000000001319       0x8e ./system/src/stm32f4-hal/stm32f4xx_hal.o
 .debug_macro   0x00000000000013a7       0x51 ./system/src/stm32f4-hal/stm32f4xx_hal.o
 .debug_macro   0x00000000000013f8       0xef ./system/src/stm32f4-hal/stm32f4xx_hal.o
 .debug_macro   0x00000000000014e7       0x6a ./system/src/stm32f4-hal/stm32f4xx_hal.o
 .debug_macro   0x0000000000001551      0x1df ./system/src/stm32f4-hal/stm32f4xx_hal.o
 .debug_macro   0x0000000000001730       0x35 ./system/src/stm32f4-hal/stm32f4xx_hal.o
 .debug_macro   0x0000000000001765       0x50 ./system/src/stm32f4-hal/stm32f4xx_hal.o
 .debug_macro   0x00000000000017b5      0xe66 ./system/src/stm32f4-hal/stm32f4xx_hal.o
 .debug_macro   0x000000000000261b     0x93f9 ./system/src/stm32f4-hal/stm32f4xx_hal.o
 .debug_macro   0x000000000000ba14       0x43 ./system/src/stm32f4-hal/stm32f4xx_hal.o
 .debug_macro   0x000000000000ba57     0x347f ./system/src/stm32f4-hal/stm32f4xx_hal.o
 .debug_macro   0x000000000000eed6       0x64 ./system/src/stm32f4-hal/stm32f4xx_hal.o
 .debug_macro   0x000000000000ef3a       0x18 ./system/src/stm32f4-hal/stm32f4xx_hal.o
 .debug_macro   0x000000000000ef52       0x35 ./system/src/stm32f4-hal/stm32f4xx_hal.o
 .debug_macro   0x000000000000ef87       0x34 ./system/src/stm32f4-hal/stm32f4xx_hal.o
 .debug_macro   0x000000000000efbb       0x16 ./system/src/stm32f4-hal/stm32f4xx_hal.o
 .debug_macro   0x000000000000efd1       0x97 ./system/src/stm32f4-hal/stm32f4xx_hal.o
 .debug_macro   0x000000000000f068      0x339 ./system/src/stm32f4-hal/stm32f4xx_hal.o
 .debug_macro   0x000000000000f3a1       0xfd ./system/src/stm32f4-hal/stm32f4xx_hal.o
 .debug_macro   0x000000000000f49e       0x10 ./system/src/stm32f4-hal/stm32f4xx_hal.o
 .debug_macro   0x000000000000f4ae       0x58 ./system/src/stm32f4-hal/stm32f4xx_hal.o
 .debug_macro   0x000000000000f506       0x1f ./system/src/stm32f4-hal/stm32f4xx_hal.o
 .debug_macro   0x000000000000f525       0x43 ./system/src/stm32f4-hal/stm32f4xx_hal.o
 .debug_macro   0x000000000000f568       0x20 ./system/src/stm32f4-hal/stm32f4xx_hal.o
 .debug_macro   0x000000000000f588      0x18e ./system/src/stm32f4-hal/stm32f4xx_hal.o
 .debug_macro   0x000000000000f716       0x10 ./system/src/stm32f4-hal/stm32f4xx_hal.o
 .debug_macro   0x000000000000f726       0x1c ./system/src/stm32f4-hal/stm32f4xx_hal.o
 .debug_macro   0x000000000000f742       0x52 ./system/src/stm32f4-hal/stm32f4xx_hal.o
 .debug_macro   0x000000000000f794       0x40 ./system/src/stm32f4-hal/stm32f4xx_hal.o
 .debug_macro   0x000000000000f7d4       0x10 ./system/src/stm32f4-hal/stm32f4xx_hal.o
 .debug_macro   0x000000000000f7e4       0x40 ./system/src/stm32f4-hal/stm32f4xx_hal.o
 .debug_macro   0x000000000000f824       0xd7 ./system/src/stm32f4-hal/stm32f4xx_hal.o
 .debug_macro   0x000000000000f8fb       0x1c ./system/src/stm32f4-hal/stm32f4xx_hal.o
 .debug_macro   0x000000000000f917       0x3d ./system/src/stm32f4-hal/stm32f4xx_hal.o
 .debug_macro   0x000000000000f954       0x16 ./system/src/stm32f4-hal/stm32f4xx_hal.o
 .debug_macro   0x000000000000f96a      0x16f ./system/src/stm32f4-hal/stm32f4xx_hal.o
 .debug_macro   0x000000000000fad9       0x57 ./system/src/stm32f4-hal/stm32f4xx_hal.o
 .debug_macro   0x000000000000fb30      0x964 ./system/src/stm32f4-hal/stm32f4xx_hal.o
 .debug_macro   0x0000000000010494      0x9e1 ./system/src/stm32f4-hal/stm32f4xx_hal.o
 .debug_macro   0x0000000000010e75      0x11e ./system/src/stm32f4-hal/stm32f4xx_hal.o
 .debug_macro   0x0000000000010f93      0x13e ./system/src/stm32f4-hal/stm32f4xx_hal.o
 .debug_macro   0x00000000000110d1       0x27 ./system/src/stm32f4-hal/stm32f4xx_hal.o
 .debug_macro   0x00000000000110f8      0x287 ./system/src/stm32f4-hal/stm32f4xx_hal.o
 .debug_macro   0x000000000001137f       0x5f ./system/src/stm32f4-hal/stm32f4xx_hal.o
 .debug_macro   0x00000000000113de      0x23a ./system/src/stm32f4-hal/stm32f4xx_hal.o
 .debug_macro   0x0000000000011618      0x391 ./system/src/stm32f4-hal/stm32f4xx_hal.o
 .debug_macro   0x00000000000119a9      0x16f ./system/src/stm32f4-hal/stm32f4xx_hal.o
 .debug_macro   0x0000000000011b18       0xf9 ./system/src/stm32f4-hal/stm32f4xx_hal.o
 .debug_macro   0x0000000000011c11      0x36e ./system/src/stm32f4-hal/stm32f4xx_hal.o
 .debug_macro   0x0000000000011f7f       0x23 ./system/src/stm32f4-hal/stm32f4xx_hal.o
 .debug_macro   0x0000000000011fa2       0xe6 ./system/src/stm32f4-hal/stm32f4xx_hal.o
 .debug_macro   0x0000000000012088       0xa1 ./system/src/stm32f4-hal/stm32f4xx_hal.o
 .debug_macro   0x0000000000012129       0x3c ./system/src/stm32f4-hal/stm32f4xx_hal.o
 .debug_macro   0x0000000000012165       0x1f ./system/src/stm32f4-hal/stm32f4xx_hal.o
 .debug_macro   0x0000000000012184      0x1cd ./system/src/stm32f4-hal/stm32f4xx_hal.o
 .debug_macro   0x0000000000012351      0xcd6 ./system/src/stm32f4-hal/stm32f4xx_hal.o
 .debug_macro   0x0000000000013027      0x13a ./system/src/stm32f4-hal/stm32f4xx_hal.o
 .debug_macro   0x0000000000013161      0x21e ./system/src/stm32f4-hal/stm32f4xx_hal.o
 .debug_macro   0x000000000001337f       0x2e ./system/src/stm32f4-hal/stm32f4xx_hal.o
 .debug_macro   0x00000000000133ad      0x543 ./system/src/stm32f4-hal/stm32f4xx_hal.o
 .debug_macro   0x00000000000138f0       0x88 ./system/src/stm32f4-hal/stm32f4xx_hal.o
 .debug_macro   0x0000000000013978       0xd5 ./system/src/stm32f4-hal/stm32f4xx_hal.o
 .debug_macro   0x0000000000013a4d      0x183 ./system/src/stm32f4-hal/stm32f4xx_hal.o
 .debug_macro   0x0000000000013bd0      0x1a7 ./system/src/stm32f4-hal/stm32f4xx_hal.o
 .debug_macro   0x0000000000013d77       0xa5 ./system/src/stm32f4-hal/stm32f4xx_hal.o
 .debug_macro   0x0000000000013e1c      0x18b ./system/src/stm32f4-hal/stm32f4xx_hal.o
 .debug_macro   0x0000000000013fa7       0x24 ./system/src/stm32f4-hal/stm32f4xx_hal.o
 .debug_macro   0x0000000000013fcb       0x35 ./system/src/stm32f4-hal/stm32f4xx_hal.o
 .debug_macro   0x0000000000014000       0x79 ./system/src/stm32f4-hal/stm32f4xx_hal.o
 .debug_macro   0x0000000000014079      0x11e ./system/src/stm32f4-hal/stm32f4xx_hal.o