Archive member included to satisfy reference by file (symbol)

/Users/ilg/Library/xPacks/@xpack-dev-tools/arm-none-eabi-gcc/9.2.1-1.1.1/.content/bin/../lib/gcc/arm-none-eabi/9.2.1/../../../../arm-none-eabi/lib/thumb/v7-m/nofp/libg_nano.a(lib_a-atoi.o)
                              ./src/main.o (atoi)
/Users/ilg/Library/xPacks/@xpack-dev-tools/arm-none-eabi-gcc/9.2.1-1.1.1/.content/bin/../lib/gcc/arm-none-eabi/9.2.1/../../../../arm-none-eabi/lib/thumb/v7-m/nofp/libg_nano.a(lib_a-ctype_.o)
                              ./system/src/newlib/_syscalls.o (_ctype_)
/Users/ilg/Library/xPacks/@xpack-dev-tools/arm-none-eabi-gcc/9.2.1-1.1.1/.content/bin/../lib/gcc/arm-none-eabi/9.2.1/../../../../arm-none-eabi/lib/thumb/v7-m/nofp/libg_nano.a(lib_a-errno.o)
                              ./system/src/newlib/_sbrk.o (__errno)
/Users/ilg/Library/xPacks/@xpack-dev-tools/arm-none-eabi-gcc/9.2.1-1.1.1/.content/bin/../lib/gcc/arm-none-eabi/9.2.1/../../../../arm-none-eabi/lib/thumb/v7-m/nofp/libg_nano.a(lib_a-findfp.o)
                              ./system/src/newlib/_syscalls.o (__sinit)
/Users/ilg/Library/xPacks/@xpack-dev-tools/arm-none-eabi-gcc/9.2.1-1.1.1/.content/bin/../lib/gcc/arm-none-eabi/9.2.1/../../../../arm-none-eabi/lib/thumb/v7-m/nofp/libg_nano.a(lib_a-fwalk.o)
                              /Users/ilg/Library/xPacks/@xpack-dev-tools/arm-none-eabi-gcc/9.2.1-1.1.1/.content/bin/../lib/gcc/arm-none-eabi/9.2.1/../../../../arm-none-eabi/lib/thumb/v7-m/nofp/libg_nano.a(lib_a-findfp.o) (_fwalk)
/Users/ilg/Library/xPacks/@xpack-dev-tools/arm-none-eabi-gcc/9.2.1-1.1.1/.content/bin/../lib/gcc/arm-none-eabi/9.2.1/../../../../arm-none-eabi/lib/thumb/v7-m/nofp/libg_nano.a(lib_a-fwrite.o)
                              ./src/main.o (fwrite)
/Users/ilg/Library/xPacks/@xpack-dev-tools/arm-none-eabi-gcc/9.2.1-1.1.1/.content/bin/../lib/gcc/arm-none-eabi/9.2.1/../../../../arm-none-eabi/lib/thumb/v7-m/nofp/libg_nano.a(lib_a-impure.o)
                              /Users/ilg/Library/xPacks/@xpack-dev-tools/arm-none-eabi-gcc/9.2.1-1.1.1/.content/bin/../lib/gcc/arm-none-eabi/9.2.1/../../../../arm-none-eabi/lib/thumb/v7-m/nofp/libg_nano.a(lib_a-findfp.o) (_global_impure_ptr)
/Users/ilg/Library/xPacks/@xpack-dev-tools/arm-none-eabi-gcc/9.2.1-1.1.1/.content/bin/../lib/gcc/arm-none-eabi/9.2.1/../../../../arm-none-eabi/lib/thumb/v7-m/nofp/libg_nano.a(lib_a-lock.o)
                              /Users/ilg/Library/xPacks/@xpack-dev-tools/arm-none-eabi-gcc/9.2.1-1.1.1/.content/bin/../lib/gcc/arm-none-eabi/9.2.1/../../../../arm-none-eabi/lib/thumb/v7-m/nofp/libg_nano.a(lib_a-findfp.o) (__retarget_lock_init_recursive)
/Users/ilg/Library/xPacks/@xpack-dev-tools/arm-none-eabi-gcc/9.2.1-1.1.1/.content/bin/../lib/gcc/arm-none-eabi/9.2.1/../../../../arm-none-eabi/lib/thumb/v7-m/nofp/libg_nano.a(lib_a-memset.o)
                              ./system/src/newlib/_syscalls.o (memset)
/Users/ilg/Library/xPacks/@xpack-dev-tools/arm-none-eabi-gcc/9.2.1-1.1.1/.content/bin/../lib/gcc/arm-none-eabi/9.2.1/../../../../arm-none-eabi/lib/thumb/v7-m/nofp/libg_nano.a(lib_a-nano-mallocr.o)
                              /Users/ilg/Library/xPacks/@xpack-dev-tools/arm-none-eabi-gcc/9.2.1-1.1.1/.content/bin/../lib/gcc/arm-none-eabi/9.2.1/../../../../arm-none-eabi/lib/thumb/v7-m/nofp/libg_nano.a(lib_a-findfp.o) (_malloc_r)
/Users/ilg/Library/xPacks/@xpack-dev-tools/arm-none-eabi-gcc/9.2.1-1.1.1/.content/bin/../lib/gcc/arm-none-eabi/9.2.1/../../../../arm-none-eabi/lib/thumb/v7-m/nofp/libg_nano.a(lib_a-puts.o)
                              ./src/main.o (puts)
/Users/ilg/Library/xPacks/@xpack-dev-tools/arm-none-eabi-gcc/9.2.1-1.1.1/.content/bin/../lib/gcc/arm-none-eabi/9.2.1/../../../../arm-none-eabi/lib/thumb/v7-m/nofp/libg_nano.a(lib_a-sbrkr.o)
                              /Users/ilg/Library/xPacks/@xpack-dev-tools/arm-none-eabi-gcc/9.2.1-1.1.1/.content/bin/../lib/gcc/arm-none-eabi/9.2.1/../../../../arm-none-eabi/lib/thumb/v7-m/nofp/libg_nano.a(lib_a-nano-mallocr.o) (_sbrk_r)
/Users/ilg/Library/xPacks/@xpack-dev-tools/arm-none-eabi-gcc/9.2.1-1.1.1/.content/bin/../lib/gcc/arm-none-eabi/9.2.1/../../../../arm-none-eabi/lib/thumb/v7-m/nofp/libg_nano.a(lib_a-stdio.o)
                              /Users/ilg/Library/xPacks/@xpack-dev-tools/arm-none-eabi-gcc/9.2.1-1.1.1/.content/bin/../lib/gcc/arm-none-eabi/9.2.1/../../../../arm-none-eabi/lib/thumb/v7-m/nofp/libg_nano.a(lib_a-findfp.o) (__sread)
/Users/ilg/Library/xPacks/@xpack-dev-tools/arm-none-eabi-gcc/9.2.1-1.1.1/.content/bin/../lib/gcc/arm-none-eabi/9.2.1/../../../../arm-none-eabi/lib/thumb/v7-m/nofp/libg_nano.a(lib_a-strcmp.o)
                              ./system/src/cortexm/exception_handlers.o (strcmp)
/Users/ilg/Library/xPacks/@xpack-dev-tools/arm-none-eabi-gcc/9.2.1-1.1.1/.content/bin/../lib/gcc/arm-none-eabi/9.2.1/../../../../arm-none-eabi/lib/thumb/v7-m/nofp/libg_nano.a(lib_a-strlen.o)
                              ./system/src/newlib/_syscalls.o (strlen)
[...]
Memory Configuration

Name             Origin             Length             Attributes
RAM              0x0000000020000000 0x0000000000005000 xrw
CCMRAM           0x0000000000000000 0x0000000000000000 xrw
FLASH            0x0000000008000000 0x0000000000010000 xr
FLASHB1          0x0000000000000000 0x0000000000000000 xr
EXTMEMB0         0x0000000000000000 0x0000000000000000 xr
EXTMEMB1         0x0000000000000000 0x0000000000000000 xr
EXTMEMB2         0x0000000000000000 0x0000000000000000 xr
EXTMEMB3         0x0000000000000000 0x0000000000000000 xr
MEMORY_ARRAY     0x0000000000000000 0x0000000000000000 xrw
*default*        0x0000000000000000 0xffffffffffffffff

Linker script and memory map

LOAD ./system/src/stm32f1-stdperiph/misc.o
LOAD ./system/src/stm32f1-stdperiph/stm32f10x_gpio.o
LOAD ./system/src/stm32f1-stdperiph/stm32f10x_rcc.o
LOAD ./system/src/newlib/_cxx.o
LOAD ./system/src/newlib/_exit.o
LOAD ./system/src/newlib/_sbrk.o
LOAD ./system/src/newlib/_startup.o
LOAD ./system/src/newlib/_syscalls.o
LOAD ./system/src/newlib/assert.o
LOAD ./system/src/diag/Trace.o
LOAD ./system/src/diag/trace_impl.o
LOAD ./system/src/cortexm/_initialize_hardware.o
LOAD ./system/src/cortexm/_reset_hardware.o
LOAD ./system/src/cortexm/exception_handlers.o
LOAD ./system/src/cmsis/system_stm32f10x.o
LOAD ./system/src/cmsis/vectors_stm32f10x.o
LOAD ./src/BlinkLed.o
LOAD ./src/Timer.o
LOAD ./src/_write.o
LOAD ./src/main.o
LOAD /Users/ilg/Library/xPacks/@xpack-dev-tools/arm-none-eabi-gcc/9.2.1-1.1.1/.content/bin/../lib/gcc/arm-none-eabi/9.2.1/../../../../arm-none-eabi/lib/thumb/v7-m/nofp/libstdc++_nano.a
LOAD /Users/ilg/Library/xPacks/@xpack-dev-tools/arm-none-eabi-gcc/9.2.1-1.1.1/.content/bin/../lib/gcc/arm-none-eabi/9.2.1/../../../../arm-none-eabi/lib/thumb/v7-m/nofp/libm.a
START GROUP
LOAD /Users/ilg/Library/xPacks/@xpack-dev-tools/arm-none-eabi-gcc/9.2.1-1.1.1/.content/bin/../lib/gcc/arm-none-eabi/9.2.1/thumb/v7-m/nofp/libgcc.a
LOAD /Users/ilg/Library/xPacks/@xpack-dev-tools/arm-none-eabi-gcc/9.2.1-1.1.1/.content/bin/../lib/gcc/arm-none-eabi/9.2.1/../../../../arm-none-eabi/lib/thumb/v7-m/nofp/libg_nano.a
LOAD /Users/ilg/Library/xPacks/@xpack-dev-tools/arm-none-eabi-gcc/9.2.1-1.1.1/.content/bin/../lib/gcc/arm-none-eabi/9.2.1/../../../../arm-none-eabi/lib/thumb/v7-m/nofp/libc_nano.a
END GROUP
START GROUP
LOAD /Users/ilg/Library/xPacks/@xpack-dev-tools/arm-none-eabi-gcc/9.2.1-1.1.1/.content/bin/../lib/gcc/arm-none-eabi/9.2.1/thumb/v7-m/nofp/libgcc.a
LOAD /Users/ilg/Library/xPacks/@xpack-dev-tools/arm-none-eabi-gcc/9.2.1-1.1.1/.content/bin/../lib/gcc/arm-none-eabi/9.2.1/../../../../arm-none-eabi/lib/thumb/v7-m/nofp/libc_nano.a
END GROUP
                0x0000000020005000                __stack = (ORIGIN (RAM) + LENGTH (RAM))
                0x0000000020005000                _estack = __stack
                0x0000000000000400                __Main_Stack_Size = 0x400
                [!provide]                        PROVIDE (_Main_Stack_Size = __Main_Stack_Size)
                0x0000000020004c00                __Main_Stack_Limit = (__stack - __Main_Stack_Size)
                [!provide]                        PROVIDE (_Main_Stack_Limit = __Main_Stack_Limit)
                0x0000000000000100                _Minimum_Stack_Size = 0x100
                0x000000002000024c                PROVIDE (_Heap_Begin = _end_noinit)
                0x0000000020004c00                PROVIDE (_Heap_Limit = (__stack - __Main_Stack_Size))

.isr_vector     0x0000000008000000      0x350
 FILL mask 0xff
                0x0000000008000000                __vectors_start = ABSOLUTE (.)
                0x0000000008000000                __vectors_start__ = ABSOLUTE (.)
 *(.isr_vector)
 .isr_vector    0x0000000008000000      0x10c ./system/src/cmsis/vectors_stm32f10x.o
                0x0000000008000000                __isr_vectors
 *(.cfmconfig)
 *(.after_vectors .after_vectors.*)
 .after_vectors
                0x000000000800010c      0x114 ./system/src/newlib/_startup.o
                0x000000000800010c                _start
 .after_vectors
                0x0000000008000220      0x12c ./system/src/cortexm/exception_handlers.o
                0x0000000008000220                Reset_Handler
                0x0000000008000226                NMI_Handler
                0x000000000800022a                HardFault_Handler
                0x000000000800023e                HardFault_Handler_C
                0x000000000800029c                MemManage_Handler
                0x00000000080002a0                BusFault_Handler
                0x00000000080002b4                BusFault_Handler_C
                0x00000000080002e8                UsageFault_Handler
                0x00000000080002fc                UsageFault_Handler_C
                0x0000000008000330                SVC_Handler
                0x0000000008000334                DebugMon_Handler
                0x0000000008000338                PendSV_Handler
 .after_vectors
                0x000000000800034c        0x4 ./system/src/cmsis/vectors_stm32f10x.o
                0x000000000800034c                TIM1_BRK_TIM15_IRQHandler
                0x000000000800034c                TIM8_TRG_COM_IRQHandler
                0x000000000800034c                TIM8_CC_IRQHandler
                0x000000000800034c                TIM1_CC_IRQHandler
                0x000000000800034c                TIM6_IRQHandler
                0x000000000800034c                PVD_IRQHandler
                0x000000000800034c                SDIO_IRQHandler
                0x000000000800034c                CAN2_RX1_IRQHandler
                0x000000000800034c                EXTI3_IRQHandler
                0x000000000800034c                TIM8_TRG_COM_TIM14_IRQHandler
                0x000000000800034c                TIM1_UP_TIM10_IRQHandler
                0x000000000800034c                TIM8_UP_TIM13_IRQHandler
                0x000000000800034c                EXTI0_IRQHandler
                0x000000000800034c                I2C2_EV_IRQHandler
                0x000000000800034c                CAN1_RX0_IRQHandler
                0x000000000800034c                TIM1_UP_TIM16_IRQHandler
                0x000000000800034c                CAN2_SCE_IRQHandler
                0x000000000800034c                ADC1_2_IRQHandler
                0x000000000800034c                SPI1_IRQHandler
                0x000000000800034c                TAMPER_IRQHandler
                0x000000000800034c                TIM6_DAC_IRQHandler
                0x000000000800034c                TIM1_BRK_TIM9_IRQHandler
                0x000000000800034c                CAN2_RX0_IRQHandler
                0x000000000800034c                TIM8_UP_IRQHandler
                0x000000000800034c                DMA2_Channel2_IRQHandler
                0x000000000800034c                DMA1_Channel4_IRQHandler
                0x000000000800034c                USART3_IRQHandler
                0x000000000800034c                RTC_IRQHandler
                0x000000000800034c                DMA1_Channel7_IRQHandler
                0x000000000800034c                CAN1_RX1_IRQHandler
                0x000000000800034c                UART5_IRQHandler
                0x000000000800034c                ADC3_IRQHandler
                0x000000000800034c                TIM4_IRQHandler
                0x000000000800034c                DMA2_Channel1_IRQHandler
                0x000000000800034c                I2C1_EV_IRQHandler
                0x000000000800034c                DMA1_Channel6_IRQHandler
                0x000000000800034c                UART4_IRQHandler
                0x000000000800034c                DMA2_Channel4_IRQHandler
                0x000000000800034c                TIM3_IRQHandler
                0x000000000800034c                RCC_IRQHandler
                0x000000000800034c                TIM8_BRK_TIM12_IRQHandler
                0x000000000800034c                TIM1_TRG_COM_IRQHandler
                0x000000000800034c                DMA1_Channel1_IRQHandler
                0x000000000800034c                Default_Handler
                0x000000000800034c                CEC_IRQHandler
                0x000000000800034c                EXTI15_10_IRQHandler
                0x000000000800034c                TIM14_IRQHandler
                0x000000000800034c                TIM13_IRQHandler
                0x000000000800034c                TIM12_IRQHandler
                0x000000000800034c                TIM7_IRQHandler
                0x000000000800034c                CAN2_TX_IRQHandler
                0x000000000800034c                TIM5_IRQHandler
                0x000000000800034c                EXTI9_5_IRQHandler
                0x000000000800034c                ETH_WKUP_IRQHandler
                0x000000000800034c                SPI2_IRQHandler
                0x000000000800034c                CAN1_TX_IRQHandler
                0x000000000800034c                DMA2_Channel5_IRQHandler
                0x000000000800034c                DMA1_Channel5_IRQHandler
                0x000000000800034c                EXTI4_IRQHandler
                0x000000000800034c                USB_LP_CAN1_RX0_IRQHandler
                0x000000000800034c                TIM1_TRG_COM_TIM17_IRQHandler
                0x000000000800034c                USB_HP_CAN1_TX_IRQHandler
                0x000000000800034c                DMA1_Channel3_IRQHandler
                0x000000000800034c                FSMC_IRQHandler
                0x000000000800034c                ETH_IRQHandler
                0x000000000800034c                TIM1_UP_IRQHandler
                0x000000000800034c                WWDG_IRQHandler
                0x000000000800034c                TIM2_IRQHandler
                0x000000000800034c                OTG_FS_WKUP_IRQHandler
                0x000000000800034c                TIM1_TRG_COM_TIM11_IRQHandler
                0x000000000800034c                TIM1_BRK_IRQHandler
                0x000000000800034c                EXTI1_IRQHandler
                0x000000000800034c                RTCAlarm_IRQHandler
                0x000000000800034c                DMA2_Channel4_5_IRQHandler
                0x000000000800034c                USART2_IRQHandler
                0x000000000800034c                I2C2_ER_IRQHandler
                0x000000000800034c                DMA1_Channel2_IRQHandler
                0x000000000800034c                TIM8_BRK_IRQHandler
                0x000000000800034c                CAN1_SCE_IRQHandler
                0x000000000800034c                FLASH_IRQHandler
                0x000000000800034c                USART1_IRQHandler
                0x000000000800034c                OTG_FS_IRQHandler
                0x000000000800034c                SPI3_IRQHandler
                0x000000000800034c                I2C1_ER_IRQHandler
                0x000000000800034c                USBWakeUp_IRQHandler
                0x000000000800034c                DMA2_Channel3_IRQHandler
                0x000000000800034c                EXTI2_IRQHandler

.inits          0x0000000008000350       0x28
                0x0000000008000350                __data_regions_array_start = .
                0x0000000008000350        0x4 LONG 0x800277c LOADADDR (.data)
                0x0000000008000354        0x4 LONG 0x20000000 ADDR (.data)
                0x0000000008000358        0x4 LONG 0x20000080 (ADDR (.data) + SIZEOF (.data))
                0x000000000800035c        0x4 LONG 0x800277c LOADADDR (.data_CCMRAM)
                0x0000000008000360        0x4 LONG 0x0 ADDR (.data_CCMRAM)
                0x0000000008000364        0x4 LONG 0x0 (ADDR (.data_CCMRAM) + SIZEOF (.data_CCMRAM))
                0x0000000008000368                __data_regions_array_end = .
                0x0000000008000368                __bss_regions_array_start = .
                0x0000000008000368        0x4 LONG 0x20000080 ADDR (.bss)
                0x000000000800036c        0x4 LONG 0x2000024c (ADDR (.bss) + SIZEOF (.bss))
                0x0000000008000370        0x4 LONG 0x0 ADDR (.bss_CCMRAM)
                0x0000000008000374        0x4 LONG 0x0 (ADDR (.bss_CCMRAM) + SIZEOF (.bss_CCMRAM))
                0x0000000008000378                __bss_regions_array_end = .
 *(.init)
 *(.fini)
                0x0000000008000378                . = ALIGN (0x4)
                0x0000000008000378                PROVIDE (__preinit_array_start = .)
 *(.preinit_array_sysinit .preinit_array_sysinit.*)
 *(.preinit_array_platform .preinit_array_platform.*)
 *(.preinit_array .preinit_array.*)
                0x0000000008000378                PROVIDE (__preinit_array_end = .)
                0x0000000008000378                . = ALIGN (0x4)
                0x0000000008000378                PROVIDE (__init_array_start = .)
 *(SORT_BY_NAME(.init_array.*))
 *(.init_array)
                0x0000000008000378                PROVIDE (__init_array_end = .)
                0x0000000008000378                . = ALIGN (0x4)
                0x0000000008000378                PROVIDE (__fini_array_start = .)
 *(SORT_BY_NAME(.fini_array.*))
 *(.fini_array)
                0x0000000008000378                PROVIDE (__fini_array_end = .)

.flashtext
 *(.flashtext .flashtext.*)

.text           0x0000000008000378     0x2403
 *(.text .text.*)
 .text.GPIO_Init
                0x0000000008000378      0x134 ./system/src/stm32f1-stdperiph/stm32f10x_gpio.o
                0x0000000008000378                GPIO_Init
 .text.GPIO_SetBits
                0x00000000080004ac       0x60 ./system/src/stm32f1-stdperiph/stm32f10x_gpio.o
                0x00000000080004ac                GPIO_SetBits
 .text.GPIO_ResetBits
                0x000000000800050c       0x60 ./system/src/stm32f1-stdperiph/stm32f10x_gpio.o
                0x000000000800050c                GPIO_ResetBits
 .text.RCC_APB2PeriphClockCmd
                0x000000000800056c       0x4c ./system/src/stm32f1-stdperiph/stm32f10x_rcc.o
                0x000000000800056c                RCC_APB2PeriphClockCmd
 .text.abort    0x00000000080005b8       0x14 ./system/src/newlib/_exit.o
                0x00000000080005b8                abort
 .text._sbrk    0x00000000080005cc       0x44 ./system/src/newlib/_sbrk.o
                0x00000000080005cc                _sbrk
 .text.get_errno
                0x0000000008000610       0x12 ./system/src/newlib/_syscalls.o
 .text.error    0x0000000008000622       0x14 ./system/src/newlib/_syscalls.o
 .text.checkerror
                0x0000000008000636       0x10 ./system/src/newlib/_syscalls.o
 *fill*         0x0000000008000646        0x2 
 .text.findslot
                0x0000000008000648       0x3c ./system/src/newlib/_syscalls.o
 .text._exit    0x0000000008000684       0x20 ./system/src/newlib/_syscalls.o
                0x0000000008000684                _exit
 .text.initialise_monitor_handles
                0x00000000080006a4       0xa8 ./system/src/newlib/_syscalls.o
                0x00000000080006a4                initialise_monitor_handles
 .text.__initialize_args
                0x000000000800074c       0xc0 ./system/src/newlib/_syscalls.o
                0x000000000800074c                __initialize_args
 .text._swiread
                0x000000000800080c       0x20 ./system/src/newlib/_syscalls.o
                0x000000000800080c                _swiread
 .text._read    0x000000000800082c       0x36 ./system/src/newlib/_syscalls.o
                0x000000000800082c                _read
 .text._swilseek
                0x0000000008000862       0x96 ./system/src/newlib/_syscalls.o
                0x0000000008000862                _swilseek
 .text._lseek   0x00000000080008f8        0x8 ./system/src/newlib/_syscalls.o
                0x00000000080008f8                _lseek
 .text._swiwrite
                0x0000000008000900       0x20 ./system/src/newlib/_syscalls.o
                0x0000000008000900                _swiwrite
 .text._write   0x0000000008000920       0x46 ./system/src/newlib/_syscalls.o
                0x0000000008000920                _write
 .text._swiclose
                0x0000000008000966       0x1c ./system/src/newlib/_syscalls.o
                0x0000000008000966                _swiclose
 *fill*         0x0000000008000982        0x2 
 .text._close   0x0000000008000984       0x48 ./system/src/newlib/_syscalls.o
                0x0000000008000984                _close
 .text._swistat
                0x00000000080009cc       0x44 ./system/src/newlib/_syscalls.o
                0x00000000080009cc                _swistat
 .text._fstat   0x0000000008000a10       0x1a ./system/src/newlib/_syscalls.o
                0x0000000008000a10                _fstat
 .text._isatty  0x0000000008000a2a       0x36 ./system/src/newlib/_syscalls.o
                0x0000000008000a2a                _isatty
 .text.assert_failed
                0x0000000008000a60       0x14 ./system/src/newlib/assert.o
                0x0000000008000a60                assert_failed
 .text.trace_printf
                0x0000000008000a74       0x34 ./system/src/diag/Trace.o
                0x0000000008000a74                trace_printf
 .text.trace_puts
                0x0000000008000aa8       0x20 ./system/src/diag/Trace.o
                0x0000000008000aa8                trace_puts
 .text.trace_dump_args
                0x0000000008000ac8       0x48 ./system/src/diag/Trace.o
                0x0000000008000ac8                trace_dump_args
 .text._trace_write_semihosting_debug
                0x0000000008000b10       0x60 ./system/src/diag/trace_impl.o
 .text.trace_write
                0x0000000008000b70        0x8 ./system/src/diag/trace_impl.o
                0x0000000008000b70                trace_write
 .text.__initialize_hardware_early
                0x0000000008000b78       0x18 ./system/src/cortexm/_initialize_hardware.o
                0x0000000008000b78                __initialize_hardware_early
 .text.__initialize_hardware
                0x0000000008000b90        0x8 ./system/src/cortexm/_initialize_hardware.o
                0x0000000008000b90                __initialize_hardware
 .text.dumpExceptionStack
                0x0000000008000b98       0xf4 ./system/src/cortexm/exception_handlers.o
                0x0000000008000b98                dumpExceptionStack
 .text.isSemihosting
                0x0000000008000c8c      0x100 ./system/src/cortexm/exception_handlers.o
                0x0000000008000c8c                isSemihosting
 .text.SetSysClockTo72
                0x0000000008000d8c       0xc4 ./system/src/cmsis/system_stm32f10x.o
 .text.SetSysClock
                0x0000000008000e50        0x8 ./system/src/cmsis/system_stm32f10x.o
 .text.SystemInit
                0x0000000008000e58       0x50 ./system/src/cmsis/system_stm32f10x.o
                0x0000000008000e58                SystemInit
 .text.SystemCoreClockUpdate
                0x0000000008000ea8       0x94 ./system/src/cmsis/system_stm32f10x.o
                0x0000000008000ea8                SystemCoreClockUpdate
 .text._ZN8BlinkLed7powerUpEv
                0x0000000008000f3c       0x3c ./src/BlinkLed.o
                0x0000000008000f3c                BlinkLed::powerUp()
 .text._ZN5Timer5sleepEm
                0x0000000008000f78       0x14 ./src/Timer.o
                0x0000000008000f78                Timer::sleep(unsigned long)
 .text.SysTick_Handler
                0x0000000008000f8c       0x14 ./src/Timer.o
                0x0000000008000f8c                SysTick_Handler
 .text.main     0x0000000008000fa0       0xe4 ./src/main.o
                0x0000000008000fa0                main
 .text.atoi     0x0000000008001084        0x8 /Users/ilg/Library/xPacks/@xpack-dev-tools/arm-none-eabi-gcc/9.2.1-1.1.1/.content/bin/../lib/gcc/arm-none-eabi/9.2.1/../../../../arm-none-eabi/lib/thumb/v7-m/nofp/libg_nano.a(lib_a-atoi.o)
                0x0000000008001084                atoi
 .text.__errno  0x000000000800108c        0xc /Users/ilg/Library/xPacks/@xpack-dev-tools/arm-none-eabi-gcc/9.2.1-1.1.1/.content/bin/../lib/gcc/arm-none-eabi/9.2.1/../../../../arm-none-eabi/lib/thumb/v7-m/nofp/libg_nano.a(lib_a-errno.o)
                0x000000000800108c                __errno
 .text.std      0x0000000008001098       0x48 /Users/ilg/Library/xPacks/@xpack-dev-tools/arm-none-eabi-gcc/9.2.1-1.1.1/.content/bin/../lib/gcc/arm-none-eabi/9.2.1/../../../../arm-none-eabi/lib/thumb/v7-m/nofp/libg_nano.a(lib_a-findfp.o)
 .text._cleanup_r
                0x00000000080010e0        0xc /Users/ilg/Library/xPacks/@xpack-dev-tools/arm-none-eabi-gcc/9.2.1-1.1.1/.content/bin/../lib/gcc/arm-none-eabi/9.2.1/../../../../arm-none-eabi/lib/thumb/v7-m/nofp/libg_nano.a(lib_a-findfp.o)
                0x00000000080010e0                _cleanup_r
 .text.__sfmoreglue
                0x00000000080010ec       0x2c /Users/ilg/Library/xPacks/@xpack-dev-tools/arm-none-eabi-gcc/9.2.1-1.1.1/.content/bin/../lib/gcc/arm-none-eabi/9.2.1/../../../../arm-none-eabi/lib/thumb/v7-m/nofp/libg_nano.a(lib_a-findfp.o)
                0x00000000080010ec                __sfmoreglue
 .text.__sfp_lock_acquire
                0x0000000008001118        0xc /Users/ilg/Library/xPacks/@xpack-dev-tools/arm-none-eabi-gcc/9.2.1-1.1.1/.content/bin/../lib/gcc/arm-none-eabi/9.2.1/../../../../arm-none-eabi/lib/thumb/v7-m/nofp/libg_nano.a(lib_a-findfp.o)
                0x0000000008001118                __sfp_lock_acquire
 .text.__sfp_lock_release
                0x0000000008001124        0xc /Users/ilg/Library/xPacks/@xpack-dev-tools/arm-none-eabi-gcc/9.2.1-1.1.1/.content/bin/../lib/gcc/arm-none-eabi/9.2.1/../../../../arm-none-eabi/lib/thumb/v7-m/nofp/libg_nano.a(lib_a-findfp.o)
                0x0000000008001124                __sfp_lock_release
 .text.__sinit_lock_acquire
                0x0000000008001130        0xc /Users/ilg/Library/xPacks/@xpack-dev-tools/arm-none-eabi-gcc/9.2.1-1.1.1/.content/bin/../lib/gcc/arm-none-eabi/9.2.1/../../../../arm-none-eabi/lib/thumb/v7-m/nofp/libg_nano.a(lib_a-findfp.o)
                0x0000000008001130                __sinit_lock_acquire
 .text.__sinit_lock_release
                0x000000000800113c        0xc /Users/ilg/Library/xPacks/@xpack-dev-tools/arm-none-eabi-gcc/9.2.1-1.1.1/.content/bin/../lib/gcc/arm-none-eabi/9.2.1/../../../../arm-none-eabi/lib/thumb/v7-m/nofp/libg_nano.a(lib_a-findfp.o)
                0x000000000800113c                __sinit_lock_release
 .text.__sinit  0x0000000008001148       0x70 /Users/ilg/Library/xPacks/@xpack-dev-tools/arm-none-eabi-gcc/9.2.1-1.1.1/.content/bin/../lib/gcc/arm-none-eabi/9.2.1/../../../../arm-none-eabi/lib/thumb/v7-m/nofp/libg_nano.a(lib_a-findfp.o)
                0x0000000008001148                __sinit
 .text.__sfp    0x00000000080011b8       0x8c /Users/ilg/Library/xPacks/@xpack-dev-tools/arm-none-eabi-gcc/9.2.1-1.1.1/.content/bin/../lib/gcc/arm-none-eabi/9.2.1/../../../../arm-none-eabi/lib/thumb/v7-m/nofp/libg_nano.a(lib_a-findfp.o)
                0x00000000080011b8                __sfp
 .text._fwalk_reent
                0x0000000008001244       0x3e /Users/ilg/Library/xPacks/@xpack-dev-tools/arm-none-eabi-gcc/9.2.1-1.1.1/.content/bin/../lib/gcc/arm-none-eabi/9.2.1/../../../../arm-none-eabi/lib/thumb/v7-m/nofp/libg_nano.a(lib_a-fwalk.o)
                0x0000000008001244                _fwalk_reent
 *fill*         0x0000000008001282        0x2 
 .text._fwrite_r
                0x0000000008001284       0xc0 /Users/ilg/Library/xPacks/@xpack-dev-tools/arm-none-eabi-gcc/9.2.1-1.1.1/.content/bin/../lib/gcc/arm-none-eabi/9.2.1/../../../../arm-none-eabi/lib/thumb/v7-m/nofp/libg_nano.a(lib_a-fwrite.o)
                0x0000000008001284                _fwrite_r
 .text.fwrite   0x0000000008001344       0x1c /Users/ilg/Library/xPacks/@xpack-dev-tools/arm-none-eabi-gcc/9.2.1-1.1.1/.content/bin/../lib/gcc/arm-none-eabi/9.2.1/../../../../arm-none-eabi/lib/thumb/v7-m/nofp/libg_nano.a(lib_a-fwrite.o)
                0x0000000008001344                fwrite
 .text.__retarget_lock_init_recursive
                0x0000000008001360        0x2 /Users/ilg/Library/xPacks/@xpack-dev-tools/arm-none-eabi-gcc/9.2.1-1.1.1/.content/bin/../lib/gcc/arm-none-eabi/9.2.1/../../../../arm-none-eabi/lib/thumb/v7-m/nofp/libg_nano.a(lib_a-lock.o)
                0x0000000008001360                __retarget_lock_init_recursive
 .text.__retarget_lock_acquire_recursive
                0x0000000008001362        0x2 /Users/ilg/Library/xPacks/@xpack-dev-tools/arm-none-eabi-gcc/9.2.1-1.1.1/.content/bin/../lib/gcc/arm-none-eabi/9.2.1/../../../../arm-none-eabi/lib/thumb/v7-m/nofp/libg_nano.a(lib_a-lock.o)
                0x0000000008001362                __retarget_lock_acquire_recursive
 .text.__retarget_lock_release_recursive
                0x0000000008001364        0x2 /Users/ilg/Library/xPacks/@xpack-dev-tools/arm-none-eabi-gcc/9.2.1-1.1.1/.content/bin/../lib/gcc/arm-none-eabi/9.2.1/../../../../arm-none-eabi/lib/thumb/v7-m/nofp/libg_nano.a(lib_a-lock.o)
                0x0000000008001364                __retarget_lock_release_recursive
 .text.memset   0x0000000008001366       0x10 /Users/ilg/Library/xPacks/@xpack-dev-tools/arm-none-eabi-gcc/9.2.1-1.1.1/.content/bin/../lib/gcc/arm-none-eabi/9.2.1/../../../../arm-none-eabi/lib/thumb/v7-m/nofp/libg_nano.a(lib_a-memset.o)
                0x0000000008001366                memset
 *fill*         0x0000000008001376        0x2 
 .text._malloc_r
                0x0000000008001378       0xb4 /Users/ilg/Library/xPacks/@xpack-dev-tools/arm-none-eabi-gcc/9.2.1-1.1.1/.content/bin/../lib/gcc/arm-none-eabi/9.2.1/../../../../arm-none-eabi/lib/thumb/v7-m/nofp/libg_nano.a(lib_a-nano-mallocr.o)
                0x0000000008001378                _malloc_r
 .text._puts_r  0x000000000800142c       0xdc /Users/ilg/Library/xPacks/@xpack-dev-tools/arm-none-eabi-gcc/9.2.1-1.1.1/.content/bin/../lib/gcc/arm-none-eabi/9.2.1/../../../../arm-none-eabi/lib/thumb/v7-m/nofp/libg_nano.a(lib_a-puts.o)
                0x000000000800142c                _puts_r
 .text.puts     0x0000000008001508       0x10 /Users/ilg/Library/xPacks/@xpack-dev-tools/arm-none-eabi-gcc/9.2.1-1.1.1/.content/bin/../lib/gcc/arm-none-eabi/9.2.1/../../../../arm-none-eabi/lib/thumb/v7-m/nofp/libg_nano.a(lib_a-puts.o)
                0x0000000008001508                puts
 .text._sbrk_r  0x0000000008001518       0x20 /Users/ilg/Library/xPacks/@xpack-dev-tools/arm-none-eabi-gcc/9.2.1-1.1.1/.content/bin/../lib/gcc/arm-none-eabi/9.2.1/../../../../arm-none-eabi/lib/thumb/v7-m/nofp/libg_nano.a(lib_a-sbrkr.o)
                0x0000000008001518                _sbrk_r
 .text.__sread  0x0000000008001538       0x22 /Users/ilg/Library/xPacks/@xpack-dev-tools/arm-none-eabi-gcc/9.2.1-1.1.1/.content/bin/../lib/gcc/arm-none-eabi/9.2.1/../../../../arm-none-eabi/lib/thumb/v7-m/nofp/libg_nano.a(lib_a-stdio.o)
                0x0000000008001538                __sread
 .text.__swrite
                0x000000000800155a       0x38 /Users/ilg/Library/xPacks/@xpack-dev-tools/arm-none-eabi-gcc/9.2.1-1.1.1/.content/bin/../lib/gcc/arm-none-eabi/9.2.1/../../../../arm-none-eabi/lib/thumb/v7-m/nofp/libg_nano.a(lib_a-stdio.o)
                0x000000000800155a                __swrite
 .text.__sseek  0x0000000008001592       0x24 /Users/ilg/Library/xPacks/@xpack-dev-tools/arm-none-eabi-gcc/9.2.1-1.1.1/.content/bin/../lib/gcc/arm-none-eabi/9.2.1/../../../../arm-none-eabi/lib/thumb/v7-m/nofp/libg_nano.a(lib_a-stdio.o)
                0x0000000008001592                __sseek
 .text.__sclose
                0x00000000080015b6        0x8 /Users/ilg/Library/xPacks/@xpack-dev-tools/arm-none-eabi-gcc/9.2.1-1.1.1/.content/bin/../lib/gcc/arm-none-eabi/9.2.1/../../../../arm-none-eabi/lib/thumb/v7-m/nofp/libg_nano.a(lib_a-stdio.o)
                0x00000000080015b6                __sclose
 .text          0x00000000080015be       0x14 /Users/ilg/Library/xPacks/@xpack-dev-tools/arm-none-eabi-gcc/9.2.1-1.1.1/.content/bin/../lib/gcc/arm-none-eabi/9.2.1/../../../../arm-none-eabi/lib/thumb/v7-m/nofp/libg_nano.a(lib_a-strcmp.o)
                0x00000000080015be                strcmp
 .text          0x00000000080015d2       0x10 /Users/ilg/Library/xPacks/@xpack-dev-tools/arm-none-eabi-gcc/9.2.1-1.1.1/.content/bin/../lib/gcc/arm-none-eabi/9.2.1/../../../../arm-none-eabi/lib/thumb/v7-m/nofp/libg_nano.a(lib_a-strlen.o)
                0x00000000080015d2                strlen
 *fill*         0x00000000080015e2        0x2 
 .text._strtol_l.isra.0
                0x00000000080015e4       0xf4 /Users/ilg/Library/xPacks/@xpack-dev-tools/arm-none-eabi-gcc/9.2.1-1.1.1/.content/bin/../lib/gcc/arm-none-eabi/9.2.1/../../../../arm-none-eabi/lib/thumb/v7-m/nofp/libg_nano.a(lib_a-strtol.o)
 .text.strtol   0x00000000080016d8       0x14 /Users/ilg/Library/xPacks/@xpack-dev-tools/arm-none-eabi-gcc/9.2.1-1.1.1/.content/bin/../lib/gcc/arm-none-eabi/9.2.1/../../../../arm-none-eabi/lib/thumb/v7-m/nofp/libg_nano.a(lib_a-strtol.o)
                0x00000000080016d8                strtol
 .text._vsnprintf_r
                0x00000000080016ec       0x58 /Users/ilg/Library/xPacks/@xpack-dev-tools/arm-none-eabi-gcc/9.2.1-1.1.1/.content/bin/../lib/gcc/arm-none-eabi/9.2.1/../../../../arm-none-eabi/lib/thumb/v7-m/nofp/libg_nano.a(lib_a-vsnprintf.o)
                0x00000000080016ec                _vsnprintf_r
                0x00000000080016ec                _vsniprintf_r
 .text.vsnprintf
                0x0000000008001744       0x1c /Users/ilg/Library/xPacks/@xpack-dev-tools/arm-none-eabi-gcc/9.2.1-1.1.1/.content/bin/../lib/gcc/arm-none-eabi/9.2.1/../../../../arm-none-eabi/lib/thumb/v7-m/nofp/libg_nano.a(lib_a-vsnprintf.o)
                0x0000000008001744                vsnprintf
                0x0000000008001744                vsniprintf
 .text.__swbuf_r
                0x0000000008001760       0xa4 /Users/ilg/Library/xPacks/@xpack-dev-tools/arm-none-eabi-gcc/9.2.1-1.1.1/.content/bin/../lib/gcc/arm-none-eabi/9.2.1/../../../../arm-none-eabi/lib/thumb/v7-m/nofp/libg_nano.a(lib_a-wbuf.o)
                0x0000000008001760                __swbuf_r
 .text._write_r
                0x0000000008001804       0x24 /Users/ilg/Library/xPacks/@xpack-dev-tools/arm-none-eabi-gcc/9.2.1-1.1.1/.content/bin/../lib/gcc/arm-none-eabi/9.2.1/../../../../arm-none-eabi/lib/thumb/v7-m/nofp/libg_nano.a(lib_a-writer.o)
                0x0000000008001804                _write_r
 .text.__swsetup_r
                0x0000000008001828       0xdc /Users/ilg/Library/xPacks/@xpack-dev-tools/arm-none-eabi-gcc/9.2.1-1.1.1/.content/bin/../lib/gcc/arm-none-eabi/9.2.1/../../../../arm-none-eabi/lib/thumb/v7-m/nofp/libg_nano.a(lib_a-wsetup.o)
                0x0000000008001828                __swsetup_r
 .text._close_r
                0x0000000008001904       0x20 /Users/ilg/Library/xPacks/@xpack-dev-tools/arm-none-eabi-gcc/9.2.1-1.1.1/.content/bin/../lib/gcc/arm-none-eabi/9.2.1/../../../../arm-none-eabi/lib/thumb/v7-m/nofp/libg_nano.a(lib_a-closer.o)
                0x0000000008001904                _close_r
 .text.__sflush_r
                0x0000000008001924      0x10c /Users/ilg/Library/xPacks/@xpack-dev-tools/arm-none-eabi-gcc/9.2.1-1.1.1/.content/bin/../lib/gcc/arm-none-eabi/9.2.1/../../../../arm-none-eabi/lib/thumb/v7-m/nofp/libg_nano.a(lib_a-fflush.o)
                0x0000000008001924                __sflush_r
 .text._fflush_r
                0x0000000008001a30       0x78 /Users/ilg/Library/xPacks/@xpack-dev-tools/arm-none-eabi-gcc/9.2.1-1.1.1/.content/bin/../lib/gcc/arm-none-eabi/9.2.1/../../../../arm-none-eabi/lib/thumb/v7-m/nofp/libg_nano.a(lib_a-fflush.o)
                0x0000000008001a30                _fflush_r
 .text._lseek_r
                0x0000000008001aa8       0x24 /Users/ilg/Library/xPacks/@xpack-dev-tools/arm-none-eabi-gcc/9.2.1-1.1.1/.content/bin/../lib/gcc/arm-none-eabi/9.2.1/../../../../arm-none-eabi/lib/thumb/v7-m/nofp/libg_nano.a(lib_a-lseekr.o)
                0x0000000008001aa8                _lseek_r
 .text.__swhatbuf_r
                0x0000000008001acc       0x48 /Users/ilg/Library/xPacks/@xpack-dev-tools/arm-none-eabi-gcc/9.2.1-1.1.1/.content/bin/../lib/gcc/arm-none-eabi/9.2.1/../../../../arm-none-eabi/lib/thumb/v7-m/nofp/libg_nano.a(lib_a-makebuf.o)
                0x0000000008001acc                __swhatbuf_r
 .text.__smakebuf_r
                0x0000000008001b14       0x80 /Users/ilg/Library/xPacks/@xpack-dev-tools/arm-none-eabi-gcc/9.2.1-1.1.1/.content/bin/../lib/gcc/arm-none-eabi/9.2.1/../../../../arm-none-eabi/lib/thumb/v7-m/nofp/libg_nano.a(lib_a-makebuf.o)
                0x0000000008001b14                __smakebuf_r
 .text.__malloc_lock
                0x0000000008001b94        0xc /Users/ilg/Library/xPacks/@xpack-dev-tools/arm-none-eabi-gcc/9.2.1-1.1.1/.content/bin/../lib/gcc/arm-none-eabi/9.2.1/../../../../arm-none-eabi/lib/thumb/v7-m/nofp/libg_nano.a(lib_a-mlock.o)
                0x0000000008001b94                __malloc_lock
 .text.__malloc_unlock
                0x0000000008001ba0        0xc /Users/ilg/Library/xPacks/@xpack-dev-tools/arm-none-eabi-gcc/9.2.1-1.1.1/.content/bin/../lib/gcc/arm-none-eabi/9.2.1/../../../../arm-none-eabi/lib/thumb/v7-m/nofp/libg_nano.a(lib_a-mlock.o)
                0x0000000008001ba0                __malloc_unlock
 .text._free_r  0x0000000008001bac       0x98 /Users/ilg/Library/xPacks/@xpack-dev-tools/arm-none-eabi-gcc/9.2.1-1.1.1/.content/bin/../lib/gcc/arm-none-eabi/9.2.1/../../../../arm-none-eabi/lib/thumb/v7-m/nofp/libg_nano.a(lib_a-nano-freer.o)
                0x0000000008001bac                _free_r
 .text.__ssputs_r
                0x0000000008001c44       0xb6 /Users/ilg/Library/xPacks/@xpack-dev-tools/arm-none-eabi-gcc/9.2.1-1.1.1/.content/bin/../lib/gcc/arm-none-eabi/9.2.1/../../../../arm-none-eabi/lib/thumb/v7-m/nofp/libg_nano.a(lib_a-nano-svfprintf.o)
                0x0000000008001c44                __ssputs_r
 *fill*         0x0000000008001cfa        0x2 
 .text._svfprintf_r
                0x0000000008001cfc      0x200 /Users/ilg/Library/xPacks/@xpack-dev-tools/arm-none-eabi-gcc/9.2.1-1.1.1/.content/bin/../lib/gcc/arm-none-eabi/9.2.1/../../../../arm-none-eabi/lib/thumb/v7-m/nofp/libg_nano.a(lib_a-nano-svfprintf.o)
                0x0000000008001cfc                _svfprintf_r
                0x0000000008001cfc                _svfiprintf_r
 .text._printf_common
                0x0000000008001efc       0xde /Users/ilg/Library/xPacks/@xpack-dev-tools/arm-none-eabi-gcc/9.2.1-1.1.1/.content/bin/../lib/gcc/arm-none-eabi/9.2.1/../../../../arm-none-eabi/lib/thumb/v7-m/nofp/libg_nano.a(lib_a-nano-vfprintf_i.o)
                0x0000000008001efc                _printf_common
 *fill*         0x0000000008001fda        0x2 
 .text._printf_i
                0x0000000008001fdc      0x24c /Users/ilg/Library/xPacks/@xpack-dev-tools/arm-none-eabi-gcc/9.2.1-1.1.1/.content/bin/../lib/gcc/arm-none-eabi/9.2.1/../../../../arm-none-eabi/lib/thumb/v7-m/nofp/libg_nano.a(lib_a-nano-vfprintf_i.o)
                0x0000000008001fdc                _printf_i
 .text._read_r  0x0000000008002228       0x24 /Users/ilg/Library/xPacks/@xpack-dev-tools/arm-none-eabi-gcc/9.2.1-1.1.1/.content/bin/../lib/gcc/arm-none-eabi/9.2.1/../../../../arm-none-eabi/lib/thumb/v7-m/nofp/libg_nano.a(lib_a-readr.o)
                0x0000000008002228                _read_r
 .text._fstat_r
                0x000000000800224c       0x24 /Users/ilg/Library/xPacks/@xpack-dev-tools/arm-none-eabi-gcc/9.2.1-1.1.1/.content/bin/../lib/gcc/arm-none-eabi/9.2.1/../../../../arm-none-eabi/lib/thumb/v7-m/nofp/libg_nano.a(lib_a-fstatr.o)
                0x000000000800224c                _fstat_r
 .text._isatty_r
                0x0000000008002270       0x20 /Users/ilg/Library/xPacks/@xpack-dev-tools/arm-none-eabi-gcc/9.2.1-1.1.1/.content/bin/../lib/gcc/arm-none-eabi/9.2.1/../../../../arm-none-eabi/lib/thumb/v7-m/nofp/libg_nano.a(lib_a-isattyr.o)
                0x0000000008002270                _isatty_r
 .text.memchr   0x0000000008002290       0x1c /Users/ilg/Library/xPacks/@xpack-dev-tools/arm-none-eabi-gcc/9.2.1-1.1.1/.content/bin/../lib/gcc/arm-none-eabi/9.2.1/../../../../arm-none-eabi/lib/thumb/v7-m/nofp/libg_nano.a(lib_a-memchr-stub.o)
                0x0000000008002290                memchr
 .text.memcpy   0x00000000080022ac       0x1c /Users/ilg/Library/xPacks/@xpack-dev-tools/arm-none-eabi-gcc/9.2.1-1.1.1/.content/bin/../lib/gcc/arm-none-eabi/9.2.1/../../../../arm-none-eabi/lib/thumb/v7-m/nofp/libg_nano.a(lib_a-memcpy-stub.o)
                0x00000000080022ac                memcpy
 .text.memmove  0x00000000080022c8       0x34 /Users/ilg/Library/xPacks/@xpack-dev-tools/arm-none-eabi-gcc/9.2.1-1.1.1/.content/bin/../lib/gcc/arm-none-eabi/9.2.1/../../../../arm-none-eabi/lib/thumb/v7-m/nofp/libg_nano.a(lib_a-memmove.o)
                0x00000000080022c8                memmove
 .text._realloc_r
                0x00000000080022fc       0x4c /Users/ilg/Library/xPacks/@xpack-dev-tools/arm-none-eabi-gcc/9.2.1-1.1.1/.content/bin/../lib/gcc/arm-none-eabi/9.2.1/../../../../arm-none-eabi/lib/thumb/v7-m/nofp/libg_nano.a(lib_a-nano-reallocr.o)
                0x00000000080022fc                _realloc_r
 .text._malloc_usable_size_r
                0x0000000008002348       0x10 /Users/ilg/Library/xPacks/@xpack-dev-tools/arm-none-eabi-gcc/9.2.1-1.1.1/.content/bin/../lib/gcc/arm-none-eabi/9.2.1/../../../../arm-none-eabi/lib/thumb/v7-m/nofp/libg_nano.a(lib_a-nano-msizer.o)
                0x0000000008002348                _malloc_usable_size_r
 *(.rodata .rodata.* .constdata .constdata.*)
 .rodata.GPIO_DeInit.str1.4
                0x0000000008002358       0x31 ./system/src/stm32f1-stdperiph/stm32f10x_gpio.o
 *fill*         0x0000000008002389        0x3 
 .rodata.RCC_HSEConfig.str1.4
                0x000000000800238c       0x30 ./system/src/stm32f1-stdperiph/stm32f10x_rcc.o
 .rodata.abort.str1.4
                0x00000000080023bc       0x14 ./system/src/newlib/_exit.o
 .rodata.initialise_monitor_handles.str1.4
                0x00000000080023d0        0x4 ./system/src/newlib/_syscalls.o
 .rodata.assert_failed.str1.4
                0x00000000080023d4       0x2b ./system/src/newlib/assert.o
 .rodata.trace_puts.str1.4
                0x00000000080023ff       0x2b ./system/src/diag/Trace.o
                                          0x2 (size before relaxing)
 *fill*         0x00000000080023ff        0x1 
 .rodata.trace_dump_args.str1.4
                0x0000000008002400       0x29 ./system/src/diag/Trace.o
 *fill*         0x0000000008002429        0x3 
 .rodata.dumpExceptionStack.str1.4
                0x000000000800242c      0x11a ./system/src/cortexm/exception_handlers.o
 .rodata.isSemihosting.str1.4
                0x0000000008002546        0x4 ./system/src/cortexm/exception_handlers.o
 *fill*         0x0000000008002546        0x2 
 .rodata.str1.4
                0x0000000008002548       0x2a ./system/src/cortexm/exception_handlers.o
 *fill*         0x0000000008002572        0x2 
 .rodata.main.str1.4
                0x0000000008002574       0x6f ./src/main.o
 .rodata._ctype_
                0x00000000080025e3      0x101 /Users/ilg/Library/xPacks/@xpack-dev-tools/arm-none-eabi-gcc/9.2.1-1.1.1/.content/bin/../lib/gcc/arm-none-eabi/9.2.1/../../../../arm-none-eabi/lib/thumb/v7-m/nofp/libg_nano.a(lib_a-ctype_.o)
                0x00000000080025e3                _ctype_
 .rodata.__sf_fake_stderr
                0x00000000080026e4       0x20 /Users/ilg/Library/xPacks/@xpack-dev-tools/arm-none-eabi-gcc/9.2.1-1.1.1/.content/bin/../lib/gcc/arm-none-eabi/9.2.1/../../../../arm-none-eabi/lib/thumb/v7-m/nofp/libg_nano.a(lib_a-findfp.o)
                0x00000000080026e4                __sf_fake_stderr
 .rodata.__sf_fake_stdin
                0x0000000008002704       0x20 /Users/ilg/Library/xPacks/@xpack-dev-tools/arm-none-eabi-gcc/9.2.1-1.1.1/.content/bin/../lib/gcc/arm-none-eabi/9.2.1/../../../../arm-none-eabi/lib/thumb/v7-m/nofp/libg_nano.a(lib_a-findfp.o)
                0x0000000008002704                __sf_fake_stdin
 .rodata.__sf_fake_stdout
                0x0000000008002724       0x20 /Users/ilg/Library/xPacks/@xpack-dev-tools/arm-none-eabi-gcc/9.2.1-1.1.1/.content/bin/../lib/gcc/arm-none-eabi/9.2.1/../../../../arm-none-eabi/lib/thumb/v7-m/nofp/libg_nano.a(lib_a-findfp.o)
                0x0000000008002724                __sf_fake_stdout
 .rodata._global_impure_ptr
                0x0000000008002744        0x4 /Users/ilg/Library/xPacks/@xpack-dev-tools/arm-none-eabi-gcc/9.2.1-1.1.1/.content/bin/../lib/gcc/arm-none-eabi/9.2.1/../../../../arm-none-eabi/lib/thumb/v7-m/nofp/libg_nano.a(lib_a-impure.o)
                0x0000000008002744                _global_impure_ptr
 .rodata._svfprintf_r.str1.1
                0x0000000008002748       0x11 /Users/ilg/Library/xPacks/@xpack-dev-tools/arm-none-eabi-gcc/9.2.1-1.1.1/.content/bin/../lib/gcc/arm-none-eabi/9.2.1/../../../../arm-none-eabi/lib/thumb/v7-m/nofp/libg_nano.a(lib_a-nano-svfprintf.o)
 .rodata._printf_i.str1.1
                0x0000000008002759       0x22 /Users/ilg/Library/xPacks/@xpack-dev-tools/arm-none-eabi-gcc/9.2.1-1.1.1/.content/bin/../lib/gcc/arm-none-eabi/9.2.1/../../../../arm-none-eabi/lib/thumb/v7-m/nofp/libg_nano.a(lib_a-nano-vfprintf_i.o)
 *(vtable)
 *(.eh_frame*)
 *(.glue_7)
 .glue_7        0x000000000800277b        0x0 linker stubs
 *(.glue_7t)
 .glue_7t       0x000000000800277b        0x0 linker stubs

.vfp11_veneer   0x000000000800277c        0x0
 .vfp11_veneer  0x000000000800277c        0x0 linker stubs

.v4_bx          0x000000000800277c        0x0
 .v4_bx         0x000000000800277c        0x0 linker stubs

.iplt           0x000000000800277c        0x0
 .iplt          0x000000000800277c        0x0 ./system/src/stm32f1-stdperiph/stm32f10x_gpio.o

.rel.dyn        0x000000000800277c        0x0
 .rel.iplt      0x000000000800277c        0x0 ./system/src/stm32f1-stdperiph/stm32f10x_gpio.o

.ARM.extab
 *(.ARM.extab* .gnu.linkonce.armextab.*)
                0x000000000800277c                . = ALIGN (0x4)
                0x000000000800277c                __exidx_start = .

.ARM.exidx
 *(.ARM.exidx* .gnu.linkonce.armexidx.*)
                0x000000000800277c                __exidx_end = .
                0x000000000800277c                . = ALIGN (0x4)
                0x000000000800277c                _etext = .
                0x000000000800277c                __etext = .

.data_CCMRAM    0x0000000000000000        0x0 load address 0x000000000800277c
 FILL mask 0xff
 *(.data.CCMRAM .data.CCMRAM.*)
                0x0000000000000000                . = ALIGN (0x4)
                0x000000000800277c                _sidata = LOADADDR (.data)

.data           0x0000000020000000       0x80 load address 0x000000000800277c
 FILL mask 0xff
                0x0000000020000000                _sdata = .
                0x0000000020000000                __data_start__ = .
 *(.data_begin .data_begin.*)
 .data_begin    0x0000000020000000        0x4 ./system/src/newlib/_startup.o
 *(.data .data.*)
 .data.AHBPrescTable
                0x0000000020000004       0x10 ./system/src/cmsis/system_stm32f10x.o
                0x0000000020000004                AHBPrescTable
 .data.SystemCoreClock
                0x0000000020000014        0x4 ./system/src/cmsis/system_stm32f10x.o
                0x0000000020000014                SystemCoreClock
 .data._impure_ptr
                0x0000000020000018        0x4 /Users/ilg/Library/xPacks/@xpack-dev-tools/arm-none-eabi-gcc/9.2.1-1.1.1/.content/bin/../lib/gcc/arm-none-eabi/9.2.1/../../../../arm-none-eabi/lib/thumb/v7-m/nofp/libg_nano.a(lib_a-impure.o)
                0x0000000020000018                _impure_ptr
 .data.impure_data
                0x000000002000001c       0x60 /Users/ilg/Library/xPacks/@xpack-dev-tools/arm-none-eabi-gcc/9.2.1-1.1.1/.content/bin/../lib/gcc/arm-none-eabi/9.2.1/../../../../arm-none-eabi/lib/thumb/v7-m/nofp/libg_nano.a(lib_a-impure.o)
 *(.data_end .data_end.*)
 .data_end      0x000000002000007c        0x4 ./system/src/newlib/_startup.o
                0x0000000020000080                . = ALIGN (0x4)
                0x0000000020000080                _edata = .
                0x0000000020000080                __data_end__ = .

.igot.plt       0x0000000020000080        0x0 load address 0x00000000080027fc
 .igot.plt      0x0000000020000080        0x0 ./system/src/stm32f1-stdperiph/stm32f10x_gpio.o

.bss_CCMRAM     0x0000000000000000        0x0
 *(.bss.CCMRAM .bss.CCMRAM.*)

.bss            0x0000000020000080      0x1cc
                0x0000000020000080                __bss_start__ = .
                0x0000000020000080                _sbss = .
 *(.bss_begin .bss_begin.*)
 .bss_begin     0x0000000020000080        0x4 ./system/src/newlib/_startup.o
 *(.bss .bss.*)
 .bss.current_heap_end.4484
                0x0000000020000084        0x4 ./system/src/newlib/_sbrk.o
 .bss.args_buf.6432
                0x0000000020000088       0x50 ./system/src/newlib/_syscalls.o
 .bss.argv_buf.6433
                0x00000000200000d8       0x28 ./system/src/newlib/_syscalls.o
 .bss.monitor_stderr
                0x0000000020000100        0x4 ./system/src/newlib/_syscalls.o
 .bss.monitor_stdin
                0x0000000020000104        0x4 ./system/src/newlib/_syscalls.o
 .bss.monitor_stdout
                0x0000000020000108        0x4 ./system/src/newlib/_syscalls.o
 .bss.openfiles
                0x000000002000010c       0xa0 ./system/src/newlib/_syscalls.o
 .bss.buf.5728  0x00000000200001ac       0x80 ./system/src/diag/Trace.o
 .bss._ZN5Timer13ms_delayCountE
                0x000000002000022c        0x4 ./src/Timer.o
                0x000000002000022c                Timer::ms_delayCount
 .bss.__malloc_free_list
                0x0000000020000230        0x4 /Users/ilg/Library/xPacks/@xpack-dev-tools/arm-none-eabi-gcc/9.2.1-1.1.1/.content/bin/../lib/gcc/arm-none-eabi/9.2.1/../../../../arm-none-eabi/lib/thumb/v7-m/nofp/libg_nano.a(lib_a-nano-mallocr.o)
                0x0000000020000230                __malloc_free_list
 .bss.__malloc_sbrk_start
                0x0000000020000234        0x4 /Users/ilg/Library/xPacks/@xpack-dev-tools/arm-none-eabi-gcc/9.2.1-1.1.1/.content/bin/../lib/gcc/arm-none-eabi/9.2.1/../../../../arm-none-eabi/lib/thumb/v7-m/nofp/libg_nano.a(lib_a-nano-mallocr.o)
                0x0000000020000234                __malloc_sbrk_start
 *(COMMON)
 COMMON         0x0000000020000238        0x4 ./system/src/newlib/_syscalls.o
                0x0000000020000238                errno
 COMMON         0x000000002000023c        0x9 /Users/ilg/Library/xPacks/@xpack-dev-tools/arm-none-eabi-gcc/9.2.1-1.1.1/.content/bin/../lib/gcc/arm-none-eabi/9.2.1/../../../../arm-none-eabi/lib/thumb/v7-m/nofp/libg_nano.a(lib_a-lock.o)
                0x000000002000023c                __lock___atexit_recursive_mutex
                0x000000002000023d                __lock___arc4random_mutex
                0x000000002000023e                __lock___env_recursive_mutex
                0x000000002000023f                __lock___sinit_recursive_mutex
                0x0000000020000240                __lock___malloc_recursive_mutex
                0x0000000020000241                __lock___at_quick_exit_mutex
                0x0000000020000242                __lock___dd_hash_mutex
                0x0000000020000243                __lock___tz_mutex
                0x0000000020000244                __lock___sfp_recursive_mutex
 *(.bss_end .bss_end.*)
 *fill*         0x0000000020000245        0x3 
 .bss_end       0x0000000020000248        0x4 ./system/src/newlib/_startup.o
                0x000000002000024c                . = ALIGN (0x4)
                0x000000002000024c                __bss_end__ = .
                0x000000002000024c                _ebss = .

.noinit_CCMRAM
 *(.noinit.CCMRAM .noinit.CCMRAM.*)

.noinit         0x000000002000024c        0x0
                0x000000002000024c                _noinit = .
 *(.noinit .noinit.*)
                0x000000002000024c                . = ALIGN (0x4)
                0x000000002000024c                _end_noinit = .
                [!provide]                        PROVIDE (end = _end_noinit)
                [!provide]                        PROVIDE (_end = _end_noinit)
                [!provide]                        PROVIDE (__end = _end_noinit)
                [!provide]                        PROVIDE (__end__ = _end_noinit)

._check_stack   0x000000002000024c      0x100
                0x000000002000034c                . = (. + _Minimum_Stack_Size)
 *fill*         0x000000002000024c      0x100 

.b1text
 *(.b1text)
 *(.b1rodata)
 *(.b1rodata.*)

.eb0text
 *(.eb0text)
 *(.eb0rodata)
 *(.eb0rodata.*)

.eb1text
 *(.eb1text)
 *(.eb1rodata)
 *(.eb1rodata.*)

.eb2text
 *(.eb2text)
 *(.eb2rodata)
 *(.eb2rodata.*)

.eb3text
 *(.eb3text)
 *(.eb3rodata)
 *(.eb3rodata.*)

.stab
 *(.stab)

.stabstr
 *(.stabstr)

.stab.excl
 *(.stab.excl)

.stab.exclstr
 *(.stab.exclstr)

.stab.index
 *(.stab.index)

.stab.indexstr
 *(.stab.indexstr)

.comment        0x0000000000000000       0x66
 *(.comment)
 .comment       0x0000000000000000       0x66 ./system/src/stm32f1-stdperiph/stm32f10x_gpio.o
                                         0x67 (size before relaxing)
 .comment       0x0000000000000066       0x67 ./system/src/stm32f1-stdperiph/stm32f10x_rcc.o
 .comment       0x0000000000000066       0x67 ./system/src/newlib/_exit.o
 .comment       0x0000000000000066       0x67 ./system/src/newlib/_sbrk.o
 .comment       0x0000000000000066       0x67 ./system/src/newlib/_startup.o
 .comment       0x0000000000000066       0x67 ./system/src/newlib/_syscalls.o
 .comment       0x0000000000000066       0x67 ./system/src/newlib/assert.o
 .comment       0x0000000000000066       0x67 ./system/src/diag/Trace.o
 .comment       0x0000000000000066       0x67 ./system/src/diag/trace_impl.o
 .comment       0x0000000000000066       0x67 ./system/src/cortexm/_initialize_hardware.o
 .comment       0x0000000000000066       0x67 ./system/src/cortexm/exception_handlers.o
 .comment       0x0000000000000066       0x67 ./system/src/cmsis/system_stm32f10x.o
 .comment       0x0000000000000066       0x67 ./system/src/cmsis/vectors_stm32f10x.o
 .comment       0x0000000000000066       0x67 ./src/BlinkLed.o
 .comment       0x0000000000000066       0x67 ./src/Timer.o
 .comment       0x0000000000000066       0x67 ./src/main.o

.ARM.attributes
                0x0000000000000000       0x2b
 .ARM.attributes
                0x0000000000000000       0x2d ./system/src/stm32f1-stdperiph/stm32f10x_gpio.o
 .ARM.attributes
                0x000000000000002d       0x2d ./system/src/stm32f1-stdperiph/stm32f10x_rcc.o
 .ARM.attributes
                0x000000000000005a       0x2d ./system/src/newlib/_exit.o
 .ARM.attributes
                0x0000000000000087       0x2d ./system/src/newlib/_sbrk.o
 .ARM.attributes
                0x00000000000000b4       0x2d ./system/src/newlib/_startup.o
 .ARM.attributes
                0x00000000000000e1       0x2d ./system/src/newlib/_syscalls.o
 .ARM.attributes
                0x000000000000010e       0x2d ./system/src/newlib/assert.o
 .ARM.attributes
                0x000000000000013b       0x2d ./system/src/diag/Trace.o
 .ARM.attributes
                0x0000000000000168       0x2d ./system/src/diag/trace_impl.o
 .ARM.attributes
                0x0000000000000195       0x2d ./system/src/cortexm/_initialize_hardware.o
 .ARM.attributes
                0x00000000000001c2       0x2d ./system/src/cortexm/exception_handlers.o
 .ARM.attributes
                0x00000000000001ef       0x2d ./system/src/cmsis/system_stm32f10x.o
 .ARM.attributes
                0x000000000000021c       0x2d ./system/src/cmsis/vectors_stm32f10x.o
 .ARM.attributes
                0x0000000000000249       0x2d ./src/BlinkLed.o
 .ARM.attributes
                0x0000000000000276       0x2d ./src/Timer.o
 .ARM.attributes
                0x00000000000002a3       0x2d ./src/main.o
 .ARM.attributes
                0x00000000000002d0       0x2d /Users/ilg/Library/xPacks/@xpack-dev-tools/arm-none-eabi-gcc/9.2.1-1.1.1/.content/bin/../lib/gcc/arm-none-eabi/9.2.1/../../../../arm-none-eabi/lib/thumb/v7-m/nofp/libg_nano.a(lib_a-atoi.o)
 .ARM.attributes
                0x00000000000002fd       0x2d /Users/ilg/Library/xPacks/@xpack-dev-tools/arm-none-eabi-gcc/9.2.1-1.1.1/.content/bin/../lib/gcc/arm-none-eabi/9.2.1/../../../../arm-none-eabi/lib/thumb/v7-m/nofp/libg_nano.a(lib_a-ctype_.o)
 .ARM.attributes
                0x000000000000032a       0x2d /Users/ilg/Library/xPacks/@xpack-dev-tools/arm-none-eabi-gcc/9.2.1-1.1.1/.content/bin/../lib/gcc/arm-none-eabi/9.2.1/../../../../arm-none-eabi/lib/thumb/v7-m/nofp/libg_nano.a(lib_a-errno.o)
 .ARM.attributes
                0x0000000000000357       0x2d /Users/ilg/Library/xPacks/@xpack-dev-tools/arm-none-eabi-gcc/9.2.1-1.1.1/.content/bin/../lib/gcc/arm-none-eabi/9.2.1/../../../../arm-none-eabi/lib/thumb/v7-m/nofp/libg_nano.a(lib_a-findfp.o)
 .ARM.attributes
                0x0000000000000384       0x2d /Users/ilg/Library/xPacks/@xpack-dev-tools/arm-none-eabi-gcc/9.2.1-1.1.1/.content/bin/../lib/gcc/arm-none-eabi/9.2.1/../../../../arm-none-eabi/lib/thumb/v7-m/nofp/libg_nano.a(lib_a-fwalk.o)
 .ARM.attributes
                0x00000000000003b1       0x2d /Users/ilg/Library/xPacks/@xpack-dev-tools/arm-none-eabi-gcc/9.2.1-1.1.1/.content/bin/../lib/gcc/arm-none-eabi/9.2.1/../../../../arm-none-eabi/lib/thumb/v7-m/nofp/libg_nano.a(lib_a-fwrite.o)
 .ARM.attributes
                0x00000000000003de       0x2d /Users/ilg/Library/xPacks/@xpack-dev-tools/arm-none-eabi-gcc/9.2.1-1.1.1/.content/bin/../lib/gcc/arm-none-eabi/9.2.1/../../../../arm-none-eabi/lib/thumb/v7-m/nofp/libg_nano.a(lib_a-impure.o)
 .ARM.attributes
                0x000000000000040b       0x2d /Users/ilg/Library/xPacks/@xpack-dev-tools/arm-none-eabi-gcc/9.2.1-1.1.1/.content/bin/../lib/gcc/arm-none-eabi/9.2.1/../../../../arm-none-eabi/lib/thumb/v7-m/nofp/libg_nano.a(lib_a-lock.o)
 .ARM.attributes
                0x0000000000000438       0x2d /Users/ilg/Library/xPacks/@xpack-dev-tools/arm-none-eabi-gcc/9.2.1-1.1.1/.content/bin/../lib/gcc/arm-none-eabi/9.2.1/../../../../arm-none-eabi/lib/thumb/v7-m/nofp/libg_nano.a(lib_a-memset.o)
 .ARM.attributes
                0x0000000000000465       0x2d /Users/ilg/Library/xPacks/@xpack-dev-tools/arm-none-eabi-gcc/9.2.1-1.1.1/.content/bin/../lib/gcc/arm-none-eabi/9.2.1/../../../../arm-none-eabi/lib/thumb/v7-m/nofp/libg_nano.a(lib_a-nano-mallocr.o)
 .ARM.attributes
                0x0000000000000492       0x2d /Users/ilg/Library/xPacks/@xpack-dev-tools/arm-none-eabi-gcc/9.2.1-1.1.1/.content/bin/../lib/gcc/arm-none-eabi/9.2.1/../../../../arm-none-eabi/lib/thumb/v7-m/nofp/libg_nano.a(lib_a-puts.o)
 .ARM.attributes
                0x00000000000004bf       0x2d /Users/ilg/Library/xPacks/@xpack-dev-tools/arm-none-eabi-gcc/9.2.1-1.1.1/.content/bin/../lib/gcc/arm-none-eabi/9.2.1/../../../../arm-none-eabi/lib/thumb/v7-m/nofp/libg_nano.a(lib_a-sbrkr.o)
 .ARM.attributes
                0x00000000000004ec       0x2d /Users/ilg/Library/xPacks/@xpack-dev-tools/arm-none-eabi-gcc/9.2.1-1.1.1/.content/bin/../lib/gcc/arm-none-eabi/9.2.1/../../../../arm-none-eabi/lib/thumb/v7-m/nofp/libg_nano.a(lib_a-stdio.o)
 .ARM.attributes
                0x0000000000000519       0x1b /Users/ilg/Library/xPacks/@xpack-dev-tools/arm-none-eabi-gcc/9.2.1-1.1.1/.content/bin/../lib/gcc/arm-none-eabi/9.2.1/../../../../arm-none-eabi/lib/thumb/v7-m/nofp/libg_nano.a(lib_a-strcmp.o)
 .ARM.attributes
                0x0000000000000534       0x17 /Users/ilg/Library/xPacks/@xpack-dev-tools/arm-none-eabi-gcc/9.2.1-1.1.1/.content/bin/../lib/gcc/arm-none-eabi/9.2.1/../../../../arm-none-eabi/lib/thumb/v7-m/nofp/libg_nano.a(lib_a-strlen.o)
 .ARM.attributes
                0x000000000000054b       0x2d /Users/ilg/Library/xPacks/@xpack-dev-tools/arm-none-eabi-gcc/9.2.1-1.1.1/.content/bin/../lib/gcc/arm-none-eabi/9.2.1/../../../../arm-none-eabi/lib/thumb/v7-m/nofp/libg_nano.a(lib_a-strtol.o)
 .ARM.attributes
                0x0000000000000578       0x2d /Users/ilg/Library/xPacks/@xpack-dev-tools/arm-none-eabi-gcc/9.2.1-1.1.1/.content/bin/../lib/gcc/arm-none-eabi/9.2.1/../../../../arm-none-eabi/lib/thumb/v7-m/nofp/libg_nano.a(lib_a-vsnprintf.o)
 .ARM.attributes
                0x00000000000005a5       0x2d /Users/ilg/Library/xPacks/@xpack-dev-tools/arm-none-eabi-gcc/9.2.1-1.1.1/.content/bin/../lib/gcc/arm-none-eabi/9.2.1/../../../../arm-none-eabi/lib/thumb/v7-m/nofp/libg_nano.a(lib_a-wbuf.o)
 .ARM.attributes
                0x00000000000005d2       0x2d /Users/ilg/Library/xPacks/@xpack-dev-tools/arm-none-eabi-gcc/9.2.1-1.1.1/.content/bin/../lib/gcc/arm-none-eabi/9.2.1/../../../../arm-none-eabi/lib/thumb/v7-m/nofp/libg_nano.a(lib_a-writer.o)
 .ARM.attributes
                0x00000000000005ff       0x2d /Users/ilg/Library/xPacks/@xpack-dev-tools/arm-none-eabi-gcc/9.2.1-1.1.1/.content/bin/../lib/gcc/arm-none-eabi/9.2.1/../../../../arm-none-eabi/lib/thumb/v7-m/nofp/libg_nano.a(lib_a-wsetup.o)
 .ARM.attributes
                0x000000000000062c       0x2d /Users/ilg/Library/xPacks/@xpack-dev-tools/arm-none-eabi-gcc/9.2.1-1.1.1/.content/bin/../lib/gcc/arm-none-eabi/9.2.1/../../../../arm-none-eabi/lib/thumb/v7-m/nofp/libg_nano.a(lib_a-closer.o)
 .ARM.attributes
                0x0000000000000659       0x2d /Users/ilg/Library/xPacks/@xpack-dev-tools/arm-none-eabi-gcc/9.2.1-1.1.1/.content/bin/../lib/gcc/arm-none-eabi/9.2.1/../../../../arm-none-eabi/lib/thumb/v7-m/nofp/libg_nano.a(lib_a-fflush.o)
 .ARM.attributes
                0x0000000000000686       0x2d /Users/ilg/Library/xPacks/@xpack-dev-tools/arm-none-eabi-gcc/9.2.1-1.1.1/.content/bin/../lib/gcc/arm-none-eabi/9.2.1/../../../../arm-none-eabi/lib/thumb/v7-m/nofp/libg_nano.a(lib_a-lseekr.o)
 .ARM.attributes
                0x00000000000006b3       0x2d /Users/ilg/Library/xPacks/@xpack-dev-tools/arm-none-eabi-gcc/9.2.1-1.1.1/.content/bin/../lib/gcc/arm-none-eabi/9.2.1/../../../../arm-none-eabi/lib/thumb/v7-m/nofp/libg_nano.a(lib_a-makebuf.o)
 .ARM.attributes
                0x00000000000006e0       0x2d /Users/ilg/Library/xPacks/@xpack-dev-tools/arm-none-eabi-gcc/9.2.1-1.1.1/.content/bin/../lib/gcc/arm-none-eabi/9.2.1/../../../../arm-none-eabi/lib/thumb/v7-m/nofp/libg_nano.a(lib_a-mlock.o)
 .ARM.attributes
                0x000000000000070d       0x2d /Users/ilg/Library/xPacks/@xpack-dev-tools/arm-none-eabi-gcc/9.2.1-1.1.1/.content/bin/../lib/gcc/arm-none-eabi/9.2.1/../../../../arm-none-eabi/lib/thumb/v7-m/nofp/libg_nano.a(lib_a-nano-freer.o)
 .ARM.attributes
                0x000000000000073a       0x2d /Users/ilg/Library/xPacks/@xpack-dev-tools/arm-none-eabi-gcc/9.2.1-1.1.1/.content/bin/../lib/gcc/arm-none-eabi/9.2.1/../../../../arm-none-eabi/lib/thumb/v7-m/nofp/libg_nano.a(lib_a-nano-svfprintf.o)
 .ARM.attributes
                0x0000000000000767       0x2d /Users/ilg/Library/xPacks/@xpack-dev-tools/arm-none-eabi-gcc/9.2.1-1.1.1/.content/bin/../lib/gcc/arm-none-eabi/9.2.1/../../../../arm-none-eabi/lib/thumb/v7-m/nofp/libg_nano.a(lib_a-nano-vfprintf_i.o)
 .ARM.attributes
                0x0000000000000794       0x2d /Users/ilg/Library/xPacks/@xpack-dev-tools/arm-none-eabi-gcc/9.2.1-1.1.1/.content/bin/../lib/gcc/arm-none-eabi/9.2.1/../../../../arm-none-eabi/lib/thumb/v7-m/nofp/libg_nano.a(lib_a-readr.o)
 .ARM.attributes
                0x00000000000007c1       0x2d /Users/ilg/Library/xPacks/@xpack-dev-tools/arm-none-eabi-gcc/9.2.1-1.1.1/.content/bin/../lib/gcc/arm-none-eabi/9.2.1/../../../../arm-none-eabi/lib/thumb/v7-m/nofp/libg_nano.a(lib_a-fstatr.o)
 .ARM.attributes
                0x00000000000007ee       0x2d /Users/ilg/Library/xPacks/@xpack-dev-tools/arm-none-eabi-gcc/9.2.1-1.1.1/.content/bin/../lib/gcc/arm-none-eabi/9.2.1/../../../../arm-none-eabi/lib/thumb/v7-m/nofp/libg_nano.a(lib_a-isattyr.o)
 .ARM.attributes
                0x000000000000081b       0x2d /Users/ilg/Library/xPacks/@xpack-dev-tools/arm-none-eabi-gcc/9.2.1-1.1.1/.content/bin/../lib/gcc/arm-none-eabi/9.2.1/../../../../arm-none-eabi/lib/thumb/v7-m/nofp/libg_nano.a(lib_a-memchr-stub.o)
 .ARM.attributes
                0x0000000000000848       0x2d /Users/ilg/Library/xPacks/@xpack-dev-tools/arm-none-eabi-gcc/9.2.1-1.1.1/.content/bin/../lib/gcc/arm-none-eabi/9.2.1/../../../../arm-none-eabi/lib/thumb/v7-m/nofp/libg_nano.a(lib_a-memcpy-stub.o)
 .ARM.attributes
                0x0000000000000875       0x2d /Users/ilg/Library/xPacks/@xpack-dev-tools/arm-none-eabi-gcc/9.2.1-1.1.1/.content/bin/../lib/gcc/arm-none-eabi/9.2.1/../../../../arm-none-eabi/lib/thumb/v7-m/nofp/libg_nano.a(lib_a-memmove.o)
 .ARM.attributes
                0x00000000000008a2       0x2d /Users/ilg/Library/xPacks/@xpack-dev-tools/arm-none-eabi-gcc/9.2.1-1.1.1/.content/bin/../lib/gcc/arm-none-eabi/9.2.1/../../../../arm-none-eabi/lib/thumb/v7-m/nofp/libg_nano.a(lib_a-nano-reallocr.o)
 .ARM.attributes
                0x00000000000008cf       0x2d /Users/ilg/Library/xPacks/@xpack-dev-tools/arm-none-eabi-gcc/9.2.1-1.1.1/.content/bin/../lib/gcc/arm-none-eabi/9.2.1/../../../../arm-none-eabi/lib/thumb/v7-m/nofp/libg_nano.a(lib_a-nano-msizer.o)

.debug
 *(.debug)

.line
 *(.line)

.debug_srcinfo
 *(.debug_srcinfo)

.debug_sfnames
 *(.debug_sfnames)

.debug_aranges  0x0000000000000000      0x570
 *(.debug_aranges)
 .debug_aranges
                0x0000000000000000       0xa8 ./system/src/stm32f1-stdperiph/stm32f10x_gpio.o
 .debug_aranges
                0x00000000000000a8      0x118 ./system/src/stm32f1-stdperiph/stm32f10x_rcc.o
 .debug_aranges
                0x00000000000001c0       0x28 ./system/src/newlib/_exit.o
 .debug_aranges
                0x00000000000001e8       0x20 ./system/src/newlib/_sbrk.o
 .debug_aranges
                0x0000000000000208       0x40 ./system/src/newlib/_startup.o
 .debug_aranges
                0x0000000000000248      0x120 ./system/src/newlib/_syscalls.o
 .debug_aranges
                0x0000000000000368       0x28 ./system/src/newlib/assert.o
 .debug_aranges
                0x0000000000000390       0x38 ./system/src/diag/Trace.o
 .debug_aranges
                0x00000000000003c8       0x30 ./system/src/diag/trace_impl.o
 .debug_aranges
                0x00000000000003f8       0x28 ./system/src/cortexm/_initialize_hardware.o
 .debug_aranges
                0x0000000000000420       0x90 ./system/src/cortexm/exception_handlers.o
 .debug_aranges
                0x00000000000004b0       0x38 ./system/src/cmsis/system_stm32f10x.o
 .debug_aranges
                0x00000000000004e8       0x20 ./system/src/cmsis/vectors_stm32f10x.o
 .debug_aranges
                0x0000000000000508       0x20 ./src/BlinkLed.o
 .debug_aranges
                0x0000000000000528       0x28 ./src/Timer.o
 .debug_aranges
                0x0000000000000550       0x20 ./src/main.o

.debug_pubnames
 *(.debug_pubnames)

.debug_info     0x0000000000000000     0xadd1
 *(.debug_info .gnu.linkonce.wi.*)
 .debug_info    0x0000000000000000      0xd14 ./system/src/stm32f1-stdperiph/stm32f10x_gpio.o
 .debug_info    0x0000000000000d14      0xdeb ./system/src/stm32f1-stdperiph/stm32f10x_rcc.o
 .debug_info    0x0000000000001aff      0x9e7 ./system/src/newlib/_exit.o
 .debug_info    0x00000000000024e6      0x9d4 ./system/src/newlib/_sbrk.o
 .debug_info    0x0000000000002eba      0x4ba ./system/src/newlib/_startup.o
 .debug_info    0x0000000000003374     0x23a2 ./system/src/newlib/_syscalls.o
 .debug_info    0x0000000000005716      0xac2 ./system/src/newlib/assert.o
 .debug_info    0x00000000000061d8      0xbdb ./system/src/diag/Trace.o
 .debug_info    0x0000000000006db3      0x3c2 ./system/src/diag/trace_impl.o
 .debug_info    0x0000000000007175      0x2fa ./system/src/cortexm/_initialize_hardware.o
 .debug_info    0x000000000000746f     0x1373 ./system/src/cortexm/exception_handlers.o
 .debug_info    0x00000000000087e2      0x50b ./system/src/cmsis/system_stm32f10x.o
 .debug_info    0x0000000000008ced       0xce ./system/src/cmsis/vectors_stm32f10x.o
 .debug_info    0x0000000000008dbb      0x3b2 ./src/BlinkLed.o
 .debug_info    0x000000000000916d      0x1cc ./src/Timer.o
 .debug_info    0x0000000000009339     0x1a98 ./src/main.o

.debug_abbrev   0x0000000000000000     0x2691
 *(.debug_abbrev)
 .debug_abbrev  0x0000000000000000      0x24b ./system/src/stm32f1-stdperiph/stm32f10x_gpio.o
 .debug_abbrev  0x000000000000024b      0x240 ./system/src/stm32f1-stdperiph/stm32f10x_rcc.o
 .debug_abbrev  0x000000000000048b      0x222 ./system/src/newlib/_exit.o
 .debug_abbrev  0x00000000000006ad      0x232 ./system/src/newlib/_sbrk.o
 .debug_abbrev  0x00000000000008df      0x1b1 ./system/src/newlib/_startup.o
 .debug_abbrev  0x0000000000000a90      0x499 ./system/src/newlib/_syscalls.o
 .debug_abbrev  0x0000000000000f29      0x222 ./system/src/newlib/assert.o
 .debug_abbrev  0x000000000000114b      0x2c6 ./system/src/diag/Trace.o
 .debug_abbrev  0x0000000000001411      0x218 ./system/src/diag/trace_impl.o
 .debug_abbrev  0x0000000000001629       0xfc ./system/src/cortexm/_initialize_hardware.o
 .debug_abbrev  0x0000000000001725      0x3b1 ./system/src/cortexm/exception_handlers.o
 .debug_abbrev  0x0000000000001ad6      0x19d ./system/src/cmsis/system_stm32f10x.o
 .debug_abbrev  0x0000000000001c73       0xa5 ./system/src/cmsis/vectors_stm32f10x.o
 .debug_abbrev  0x0000000000001d18      0x226 ./src/BlinkLed.o
 .debug_abbrev  0x0000000000001f3e      0x1ad ./src/Timer.o
 .debug_abbrev  0x00000000000020eb      0x5a6 ./src/main.o

.debug_line     0x0000000000000000     0x7be4
 *(.debug_line)
 .debug_line    0x0000000000000000      0xeba ./system/src/stm32f1-stdperiph/stm32f10x_gpio.o
 .debug_line    0x0000000000000eba      0xf7c ./system/src/stm32f1-stdperiph/stm32f10x_rcc.o
 .debug_line    0x0000000000001e36      0x3d9 ./system/src/newlib/_exit.o
 .debug_line    0x000000000000220f      0x3c3 ./system/src/newlib/_sbrk.o
 .debug_line    0x00000000000025d2      0x650 ./system/src/newlib/_startup.o
 .debug_line    0x0000000000002c22     0x1190 ./system/src/newlib/_syscalls.o
 .debug_line    0x0000000000003db2      0x41e ./system/src/newlib/assert.o
 .debug_line    0x00000000000041d0      0x4b5 ./system/src/diag/Trace.o
 .debug_line    0x0000000000004685      0x730 ./system/src/diag/trace_impl.o
 .debug_line    0x0000000000004db5      0x532 ./system/src/cortexm/_initialize_hardware.o
 .debug_line    0x00000000000052e7      0xa9b ./system/src/cortexm/exception_handlers.o
 .debug_line    0x0000000000005d82      0x755 ./system/src/cmsis/system_stm32f10x.o
 .debug_line    0x00000000000064d7      0x2c4 ./system/src/cmsis/vectors_stm32f10x.o
 .debug_line    0x000000000000679b      0x533 ./src/BlinkLed.o
 .debug_line    0x0000000000006cce      0x569 ./src/Timer.o
 .debug_line    0x0000000000007237      0x9ad ./src/main.o

.debug_frame    0x0000000000000000     0x1704
 *(.debug_frame)
 .debug_frame   0x0000000000000000      0x1e8 ./system/src/stm32f1-stdperiph/stm32f10x_gpio.o
 .debug_frame   0x00000000000001e8      0x31c ./system/src/stm32f1-stdperiph/stm32f10x_rcc.o
 .debug_frame   0x0000000000000504       0x38 ./system/src/newlib/_exit.o
 .debug_frame   0x000000000000053c       0x28 ./system/src/newlib/_sbrk.o
 .debug_frame   0x0000000000000564       0x7c ./system/src/newlib/_startup.o
 .debug_frame   0x00000000000005e0      0x3d8 ./system/src/newlib/_syscalls.o
 .debug_frame   0x00000000000009b8       0x40 ./system/src/newlib/assert.o
 .debug_frame   0x00000000000009f8       0x94 ./system/src/diag/Trace.o
 .debug_frame   0x0000000000000a8c       0x64 ./system/src/diag/trace_impl.o
 .debug_frame   0x0000000000000af0       0x40 ./system/src/cortexm/_initialize_hardware.o
 .debug_frame   0x0000000000000b30      0x164 ./system/src/cortexm/exception_handlers.o
 .debug_frame   0x0000000000000c94       0x6c ./system/src/cmsis/system_stm32f10x.o
 .debug_frame   0x0000000000000d00       0x20 ./system/src/cmsis/vectors_stm32f10x.o
 .debug_frame   0x0000000000000d20       0x30 ./src/BlinkLed.o
 .debug_frame   0x0000000000000d50       0x30 ./src/Timer.o
 .debug_frame   0x0000000000000d80       0x34 ./src/main.o
 .debug_frame   0x0000000000000db4       0x30 /Users/ilg/Library/xPacks/@xpack-dev-tools/arm-none-eabi-gcc/9.2.1-1.1.1/.content/bin/../lib/gcc/arm-none-eabi/9.2.1/../../../../arm-none-eabi/lib/thumb/v7-m/nofp/libg_nano.a(lib_a-atoi.o)
 .debug_frame   0x0000000000000de4       0x20 /Users/ilg/Library/xPacks/@xpack-dev-tools/arm-none-eabi-gcc/9.2.1-1.1.1/.content/bin/../lib/gcc/arm-none-eabi/9.2.1/../../../../arm-none-eabi/lib/thumb/v7-m/nofp/libg_nano.a(lib_a-errno.o)
 .debug_frame   0x0000000000000e04      0x14c /Users/ilg/Library/xPacks/@xpack-dev-tools/arm-none-eabi-gcc/9.2.1-1.1.1/.content/bin/../lib/gcc/arm-none-eabi/9.2.1/../../../../arm-none-eabi/lib/thumb/v7-m/nofp/libg_nano.a(lib_a-findfp.o)
 .debug_frame   0x0000000000000f50       0x54 /Users/ilg/Library/xPacks/@xpack-dev-tools/arm-none-eabi-gcc/9.2.1-1.1.1/.content/bin/../lib/gcc/arm-none-eabi/9.2.1/../../../../arm-none-eabi/lib/thumb/v7-m/nofp/libg_nano.a(lib_a-fwalk.o)
 .debug_frame   0x0000000000000fa4       0x4c /Users/ilg/Library/xPacks/@xpack-dev-tools/arm-none-eabi-gcc/9.2.1-1.1.1/.content/bin/../lib/gcc/arm-none-eabi/9.2.1/../../../../arm-none-eabi/lib/thumb/v7-m/nofp/libg_nano.a(lib_a-fwrite.o)
 .debug_frame   0x0000000000000ff0       0xb0 /Users/ilg/Library/xPacks/@xpack-dev-tools/arm-none-eabi-gcc/9.2.1-1.1.1/.content/bin/../lib/gcc/arm-none-eabi/9.2.1/../../../../arm-none-eabi/lib/thumb/v7-m/nofp/libg_nano.a(lib_a-lock.o)
 .debug_frame   0x00000000000010a0       0x20 /Users/ilg/Library/xPacks/@xpack-dev-tools/arm-none-eabi-gcc/9.2.1-1.1.1/.content/bin/../lib/gcc/arm-none-eabi/9.2.1/../../../../arm-none-eabi/lib/thumb/v7-m/nofp/libg_nano.a(lib_a-memset.o)
 .debug_frame   0x00000000000010c0       0x30 /Users/ilg/Library/xPacks/@xpack-dev-tools/arm-none-eabi-gcc/9.2.1-1.1.1/.content/bin/../lib/gcc/arm-none-eabi/9.2.1/../../../../arm-none-eabi/lib/thumb/v7-m/nofp/libg_nano.a(lib_a-nano-mallocr.o)
 .debug_frame   0x00000000000010f0       0x3c /Users/ilg/Library/xPacks/@xpack-dev-tools/arm-none-eabi-gcc/9.2.1-1.1.1/.content/bin/../lib/gcc/arm-none-eabi/9.2.1/../../../../arm-none-eabi/lib/thumb/v7-m/nofp/libg_nano.a(lib_a-puts.o)
 .debug_frame   0x000000000000112c       0x2c /Users/ilg/Library/xPacks/@xpack-dev-tools/arm-none-eabi-gcc/9.2.1-1.1.1/.content/bin/../lib/gcc/arm-none-eabi/9.2.1/../../../../arm-none-eabi/lib/thumb/v7-m/nofp/libg_nano.a(lib_a-sbrkr.o)
 .debug_frame   0x0000000000001158       0x88 /Users/ilg/Library/xPacks/@xpack-dev-tools/arm-none-eabi-gcc/9.2.1-1.1.1/.content/bin/../lib/gcc/arm-none-eabi/9.2.1/../../../../arm-none-eabi/lib/thumb/v7-m/nofp/libg_nano.a(lib_a-stdio.o)
 .debug_frame   0x00000000000011e0       0x20 /Users/ilg/Library/xPacks/@xpack-dev-tools/arm-none-eabi-gcc/9.2.1-1.1.1/.content/bin/../lib/gcc/arm-none-eabi/9.2.1/../../../../arm-none-eabi/lib/thumb/v7-m/nofp/libg_nano.a(lib_a-strcmp.o)
 .debug_frame   0x0000000000001200       0x64 /Users/ilg/Library/xPacks/@xpack-dev-tools/arm-none-eabi-gcc/9.2.1-1.1.1/.content/bin/../lib/gcc/arm-none-eabi/9.2.1/../../../../arm-none-eabi/lib/thumb/v7-m/nofp/libg_nano.a(lib_a-strtol.o)
 .debug_frame   0x0000000000001264       0x4c /Users/ilg/Library/xPacks/@xpack-dev-tools/arm-none-eabi-gcc/9.2.1-1.1.1/.content/bin/../lib/gcc/arm-none-eabi/9.2.1/../../../../arm-none-eabi/lib/thumb/v7-m/nofp/libg_nano.a(lib_a-vsnprintf.o)
 .debug_frame   0x00000000000012b0       0x40 /Users/ilg/Library/xPacks/@xpack-dev-tools/arm-none-eabi-gcc/9.2.1-1.1.1/.content/bin/../lib/gcc/arm-none-eabi/9.2.1/../../../../arm-none-eabi/lib/thumb/v7-m/nofp/libg_nano.a(lib_a-wbuf.o)
 .debug_frame   0x00000000000012f0       0x2c /Users/ilg/Library/xPacks/@xpack-dev-tools/arm-none-eabi-gcc/9.2.1-1.1.1/.content/bin/../lib/gcc/arm-none-eabi/9.2.1/../../../../arm-none-eabi/lib/thumb/v7-m/nofp/libg_nano.a(lib_a-writer.o)
 .debug_frame   0x000000000000131c       0x2c /Users/ilg/Library/xPacks/@xpack-dev-tools/arm-none-eabi-gcc/9.2.1-1.1.1/.content/bin/../lib/gcc/arm-none-eabi/9.2.1/../../../../arm-none-eabi/lib/thumb/v7-m/nofp/libg_nano.a(lib_a-wsetup.o)
 .debug_frame   0x0000000000001348       0x2c /Users/ilg/Library/xPacks/@xpack-dev-tools/arm-none-eabi-gcc/9.2.1-1.1.1/.content/bin/../lib/gcc/arm-none-eabi/9.2.1/../../../../arm-none-eabi/lib/thumb/v7-m/nofp/libg_nano.a(lib_a-closer.o)
 .debug_frame   0x0000000000001374       0x5c /Users/ilg/Library/xPacks/@xpack-dev-tools/arm-none-eabi-gcc/9.2.1-1.1.1/.content/bin/../lib/gcc/arm-none-eabi/9.2.1/../../../../arm-none-eabi/lib/thumb/v7-m/nofp/libg_nano.a(lib_a-fflush.o)
 .debug_frame   0x00000000000013d0       0x2c /Users/ilg/Library/xPacks/@xpack-dev-tools/arm-none-eabi-gcc/9.2.1-1.1.1/.content/bin/../lib/gcc/arm-none-eabi/9.2.1/../../../../arm-none-eabi/lib/thumb/v7-m/nofp/libg_nano.a(lib_a-lseekr.o)
 .debug_frame   0x00000000000013fc       0x58 /Users/ilg/Library/xPacks/@xpack-dev-tools/arm-none-eabi-gcc/9.2.1-1.1.1/.content/bin/../lib/gcc/arm-none-eabi/9.2.1/../../../../arm-none-eabi/lib/thumb/v7-m/nofp/libg_nano.a(lib_a-makebuf.o)
 .debug_frame   0x0000000000001454       0x30 /Users/ilg/Library/xPacks/@xpack-dev-tools/arm-none-eabi-gcc/9.2.1-1.1.1/.content/bin/../lib/gcc/arm-none-eabi/9.2.1/../../../../arm-none-eabi/lib/thumb/v7-m/nofp/libg_nano.a(lib_a-mlock.o)
 .debug_frame   0x0000000000001484       0x38 /Users/ilg/Library/xPacks/@xpack-dev-tools/arm-none-eabi-gcc/9.2.1-1.1.1/.content/bin/../lib/gcc/arm-none-eabi/9.2.1/../../../../arm-none-eabi/lib/thumb/v7-m/nofp/libg_nano.a(lib_a-nano-freer.o)
 .debug_frame   0x00000000000014bc       0x90 /Users/ilg/Library/xPacks/@xpack-dev-tools/arm-none-eabi-gcc/9.2.1-1.1.1/.content/bin/../lib/gcc/arm-none-eabi/9.2.1/../../../../arm-none-eabi/lib/thumb/v7-m/nofp/libg_nano.a(lib_a-nano-svfprintf.o)
 .debug_frame   0x000000000000154c       0x60 /Users/ilg/Library/xPacks/@xpack-dev-tools/arm-none-eabi-gcc/9.2.1-1.1.1/.content/bin/../lib/gcc/arm-none-eabi/9.2.1/../../../../arm-none-eabi/lib/thumb/v7-m/nofp/libg_nano.a(lib_a-nano-vfprintf_i.o)
 .debug_frame   0x00000000000015ac       0x2c /Users/ilg/Library/xPacks/@xpack-dev-tools/arm-none-eabi-gcc/9.2.1-1.1.1/.content/bin/../lib/gcc/arm-none-eabi/9.2.1/../../../../arm-none-eabi/lib/thumb/v7-m/nofp/libg_nano.a(lib_a-readr.o)
 .debug_frame   0x00000000000015d8       0x2c /Users/ilg/Library/xPacks/@xpack-dev-tools/arm-none-eabi-gcc/9.2.1-1.1.1/.content/bin/../lib/gcc/arm-none-eabi/9.2.1/../../../../arm-none-eabi/lib/thumb/v7-m/nofp/libg_nano.a(lib_a-fstatr.o)
 .debug_frame   0x0000000000001604       0x2c /Users/ilg/Library/xPacks/@xpack-dev-tools/arm-none-eabi-gcc/9.2.1-1.1.1/.content/bin/../lib/gcc/arm-none-eabi/9.2.1/../../../../arm-none-eabi/lib/thumb/v7-m/nofp/libg_nano.a(lib_a-isattyr.o)
 .debug_frame   0x0000000000001630       0x28 /Users/ilg/Library/xPacks/@xpack-dev-tools/arm-none-eabi-gcc/9.2.1-1.1.1/.content/bin/../lib/gcc/arm-none-eabi/9.2.1/../../../../arm-none-eabi/lib/thumb/v7-m/nofp/libg_nano.a(lib_a-memchr-stub.o)
 .debug_frame   0x0000000000001658       0x28 /Users/ilg/Library/xPacks/@xpack-dev-tools/arm-none-eabi-gcc/9.2.1-1.1.1/.content/bin/../lib/gcc/arm-none-eabi/9.2.1/../../../../arm-none-eabi/lib/thumb/v7-m/nofp/libg_nano.a(lib_a-memcpy-stub.o)
 .debug_frame   0x0000000000001680       0x28 /Users/ilg/Library/xPacks/@xpack-dev-tools/arm-none-eabi-gcc/9.2.1-1.1.1/.content/bin/../lib/gcc/arm-none-eabi/9.2.1/../../../../arm-none-eabi/lib/thumb/v7-m/nofp/libg_nano.a(lib_a-memmove.o)
 .debug_frame   0x00000000000016a8       0x3c /Users/ilg/Library/xPacks/@xpack-dev-tools/arm-none-eabi-gcc/9.2.1-1.1.1/.content/bin/../lib/gcc/arm-none-eabi/9.2.1/../../../../arm-none-eabi/lib/thumb/v7-m/nofp/libg_nano.a(lib_a-nano-reallocr.o)
 .debug_frame   0x00000000000016e4       0x20 /Users/ilg/Library/xPacks/@xpack-dev-tools/arm-none-eabi-gcc/9.2.1-1.1.1/.content/bin/../lib/gcc/arm-none-eabi/9.2.1/../../../../arm-none-eabi/lib/thumb/v7-m/nofp/libg_nano.a(lib_a-nano-msizer.o)

.debug_str      0x0000000000000000    0x5a159
 *(.debug_str)
 .debug_str     0x0000000000000000    0x4f11d ./system/src/stm32f1-stdperiph/stm32f10x_gpio.o
                                      0x4f2f8 (size before relaxing)
 .debug_str     0x000000000004f11d      0xb4a ./system/src/stm32f1-stdperiph/stm32f10x_rcc.o
                                      0x4f8c7 (size before relaxing)
 .debug_str     0x000000000004fc67     0x4a67 ./system/src/newlib/_exit.o
                                       0x7f2c (size before relaxing)
 .debug_str     0x00000000000546ce      0x4ed ./system/src/newlib/_sbrk.o
                                       0x72de (size before relaxing)
 .debug_str     0x0000000000054bbb      0x260 ./system/src/newlib/_startup.o
                                       0x69c0 (size before relaxing)
 .debug_str     0x0000000000054e1b     0x26f5 ./system/src/newlib/_syscalls.o
                                       0xb44c (size before relaxing)
 .debug_str     0x0000000000057510       0xd0 ./system/src/newlib/assert.o
                                       0x89e2 (size before relaxing)
 .debug_str     0x00000000000575e0      0x156 ./system/src/diag/Trace.o
                                       0x86a4 (size before relaxing)
 .debug_str     0x0000000000057736       0xa2 ./system/src/diag/trace_impl.o
                                      0x52a3b (size before relaxing)
 .debug_str     0x00000000000577d8       0xa9 ./system/src/cortexm/_initialize_hardware.o
                                      0x4edd7 (size before relaxing)
 .debug_str     0x0000000000057881      0x1f9 ./system/src/cortexm/exception_handlers.o
                                      0x53cd1 (size before relaxing)
 .debug_str     0x0000000000057a7a       0x96 ./system/src/cmsis/system_stm32f10x.o
                                      0x4ee7c (size before relaxing)
 .debug_str     0x0000000000057b10       0x57 ./system/src/cmsis/vectors_stm32f10x.o
                                       0x3df7 (size before relaxing)
 .debug_str     0x0000000000057b67      0x732 ./src/BlinkLed.o
                                      0x4f38e (size before relaxing)
 .debug_str     0x0000000000058299       0xb2 ./src/Timer.o
                                      0x4f14d (size before relaxing)
 .debug_str     0x000000000005834b     0x1e0e ./src/main.o
                                      0x5620d (size before relaxing)

.debug_loc      0x0000000000000000     0x3b50
 *(.debug_loc)
 .debug_loc     0x0000000000000000      0xa10 ./system/src/stm32f1-stdperiph/stm32f10x_gpio.o
 .debug_loc     0x0000000000000a10      0xd20 ./system/src/stm32f1-stdperiph/stm32f10x_rcc.o
 .debug_loc     0x0000000000001730       0x15 ./system/src/newlib/_exit.o
 .debug_loc     0x0000000000001745       0x97 ./system/src/newlib/_sbrk.o
 .debug_loc     0x00000000000017dc      0x2de ./system/src/newlib/_startup.o
 .debug_loc     0x0000000000001aba     0x1441 ./system/src/newlib/_syscalls.o
 .debug_loc     0x0000000000002efb      0x160 ./system/src/newlib/assert.o
 .debug_loc     0x000000000000305b      0x118 ./system/src/diag/Trace.o
 .debug_loc     0x0000000000003173      0x194 ./system/src/diag/trace_impl.o
 .debug_loc     0x0000000000003307      0x524 ./system/src/cortexm/exception_handlers.o
 .debug_loc     0x000000000000382b       0xff ./system/src/cmsis/system_stm32f10x.o
 .debug_loc     0x000000000000392a       0x3d ./src/BlinkLed.o
 .debug_loc     0x0000000000003967      0x1e9 ./src/main.o

.debug_macinfo
 *(.debug_macinfo)

.debug_weaknames
 *(.debug_weaknames)

.debug_funcnames
 *(.debug_funcnames)

.debug_typenames
 *(.debug_typenames)

.debug_varnames
 *(.debug_varnames)
OUTPUT(f1-bluepill-blink.elf elf32-littlearm)

.debug_ranges   0x0000000000000000      0x4b8
 .debug_ranges  0x0000000000000000       0x98 ./system/src/stm32f1-stdperiph/stm32f10x_gpio.o
 .debug_ranges  0x0000000000000098      0x108 ./system/src/stm32f1-stdperiph/stm32f10x_rcc.o
 .debug_ranges  0x00000000000001a0       0x18 ./system/src/newlib/_exit.o
 .debug_ranges  0x00000000000001b8       0x10 ./system/src/newlib/_sbrk.o
 .debug_ranges  0x00000000000001c8       0x30 ./system/src/newlib/_startup.o
 .debug_ranges  0x00000000000001f8      0x128 ./system/src/newlib/_syscalls.o
 .debug_ranges  0x0000000000000320       0x18 ./system/src/newlib/assert.o
 .debug_ranges  0x0000000000000338       0x28 ./system/src/diag/Trace.o
 .debug_ranges  0x0000000000000360       0x38 ./system/src/diag/trace_impl.o
 .debug_ranges  0x0000000000000398       0x18 ./system/src/cortexm/_initialize_hardware.o
 .debug_ranges  0x00000000000003b0       0x80 ./system/src/cortexm/exception_handlers.o
 .debug_ranges  0x0000000000000430       0x28 ./system/src/cmsis/system_stm32f10x.o
 .debug_ranges  0x0000000000000458       0x10 ./system/src/cmsis/vectors_stm32f10x.o
 .debug_ranges  0x0000000000000468       0x10 ./src/BlinkLed.o
 .debug_ranges  0x0000000000000478       0x18 ./src/Timer.o
 .debug_ranges  0x0000000000000490       0x28 ./src/main.o

.debug_macro    0x0000000000000000     0x5080
 .debug_macro   0x0000000000000000      0x1f8 ./system/src/stm32f1-stdperiph/stm32f10x_gpio.o
 .debug_macro   0x00000000000001f8       0x8b ./system/src/stm32f1-stdperiph/stm32f10x_gpio.o
 .debug_macro   0x0000000000000283      0x2a6 ./system/src/stm32f1-stdperiph/stm32f10x_gpio.o
 .debug_macro   0x0000000000000529      0x2c6 ./system/src/stm32f1-stdperiph/stm32f10x_rcc.o
 .debug_macro   0x00000000000007ef      0x3dc ./system/src/stm32f1-stdperiph/stm32f10x_rcc.o
 .debug_macro   0x0000000000000bcb      0x1b4 ./system/src/newlib/_exit.o
 .debug_macro   0x0000000000000d7f       0x34 ./system/src/newlib/_exit.o
 .debug_macro   0x0000000000000db3      0x10e ./system/src/newlib/_exit.o
 .debug_macro   0x0000000000000ec1       0x8d ./system/src/newlib/_exit.o
 .debug_macro   0x0000000000000f4e       0x43 ./system/src/newlib/_exit.o
 .debug_macro   0x0000000000000f91      0x339 ./system/src/newlib/_exit.o
 .debug_macro   0x00000000000012ca       0x35 ./system/src/newlib/_exit.o
 .debug_macro   0x00000000000012ff      0x169 ./system/src/newlib/_sbrk.o
 .debug_macro   0x0000000000001468      0x174 ./system/src/newlib/_sbrk.o
 .debug_macro   0x00000000000015dc       0x10 ./system/src/newlib/_sbrk.o
 .debug_macro   0x00000000000015ec      0x23b ./system/src/newlib/_sbrk.o
 .debug_macro   0x0000000000001827      0x188 ./system/src/newlib/_startup.o
 .debug_macro   0x00000000000019af       0x64 ./system/src/newlib/_startup.o
 .debug_macro   0x0000000000001a13      0x2e3 ./system/src/newlib/_syscalls.o
 .debug_macro   0x0000000000001cf6       0x10 ./system/src/newlib/_syscalls.o
 .debug_macro   0x0000000000001d06       0x10 ./system/src/newlib/_syscalls.o
 .debug_macro   0x0000000000001d16       0x10 ./system/src/newlib/_syscalls.o
 .debug_macro   0x0000000000001d26       0x35 ./system/src/newlib/_syscalls.o
 .debug_macro   0x0000000000001d5b      0x122 ./system/src/newlib/_syscalls.o
 .debug_macro   0x0000000000001e7d      0x22a ./system/src/newlib/_syscalls.o
 .debug_macro   0x00000000000020a7       0x10 ./system/src/newlib/_syscalls.o
 .debug_macro   0x00000000000020b7       0x1c ./system/src/newlib/_syscalls.o
 .debug_macro   0x00000000000020d3       0x10 ./system/src/newlib/_syscalls.o
 .debug_macro   0x00000000000020e3       0x10 ./system/src/newlib/_syscalls.o
 .debug_macro   0x00000000000020f3       0x16 ./system/src/newlib/_syscalls.o
 .debug_macro   0x0000000000002109      0x16f ./system/src/newlib/_syscalls.o
 .debug_macro   0x0000000000002278       0x16 ./system/src/newlib/_syscalls.o
 .debug_macro   0x000000000000228e       0x88 ./system/src/newlib/_syscalls.o
 .debug_macro   0x0000000000002316      0x241 ./system/src/newlib/_syscalls.o
 .debug_macro   0x0000000000002557       0x16 ./system/src/newlib/_syscalls.o
 .debug_macro   0x000000000000256d       0x3a ./system/src/newlib/_syscalls.o
 .debug_macro   0x00000000000025a7      0x11f ./system/src/newlib/_syscalls.o
 .debug_macro   0x00000000000026c6      0x189 ./system/src/newlib/_syscalls.o
 .debug_macro   0x000000000000284f       0x16 ./system/src/newlib/_syscalls.o
 .debug_macro   0x0000000000002865       0x22 ./system/src/newlib/_syscalls.o
 .debug_macro   0x0000000000002887      0x1df ./system/src/newlib/assert.o
 .debug_macro   0x0000000000002a66       0x1c ./system/src/newlib/assert.o
 .debug_macro   0x0000000000002a82      0x1fb ./system/src/diag/Trace.o
 .debug_macro   0x0000000000002c7d       0x16 ./system/src/diag/Trace.o
 .debug_macro   0x0000000000002c93       0x97 ./system/src/diag/Trace.o
 .debug_macro   0x0000000000002d2a       0xfd ./system/src/diag/Trace.o
 .debug_macro   0x0000000000002e27       0x4c ./system/src/diag/Trace.o
 .debug_macro   0x0000000000002e73      0x2ef ./system/src/diag/trace_impl.o
 .debug_macro   0x0000000000003162       0x10 ./system/src/diag/trace_impl.o
 .debug_macro   0x0000000000003172       0xcf ./system/src/diag/trace_impl.o
 .debug_macro   0x0000000000003241       0xbe ./system/src/diag/trace_impl.o
 .debug_macro   0x00000000000032ff      0x1aa ./system/src/cortexm/_initialize_hardware.o
 .debug_macro   0x00000000000034a9      0x34e ./system/src/cortexm/exception_handlers.o
 .debug_macro   0x00000000000037f7       0x3b ./system/src/cortexm/exception_handlers.o
 .debug_macro   0x0000000000003832       0x10 ./system/src/cortexm/exception_handlers.o
 .debug_macro   0x0000000000003842      0x1ad ./system/src/cmsis/system_stm32f10x.o
 .debug_macro   0x00000000000039ef       0x73 ./system/src/cmsis/vectors_stm32f10x.o
 .debug_macro   0x0000000000003a62      0x1b4 ./src/BlinkLed.o
 .debug_macro   0x0000000000003c16       0x1c ./src/BlinkLed.o
 .debug_macro   0x0000000000003c32      0xb8e ./src/BlinkLed.o
 .debug_macro   0x00000000000047c0       0x28 ./src/BlinkLed.o
 .debug_macro   0x00000000000047e8      0x1c2 ./src/Timer.o
 .debug_macro   0x00000000000049aa       0x10 ./src/Timer.o
 .debug_macro   0x00000000000049ba      0x3c6 ./src/main.o
 .debug_macro   0x0000000000004d80       0x97 ./src/main.o
 .debug_macro   0x0000000000004e17      0x104 ./src/main.o
 .debug_macro   0x0000000000004f1b      0x137 ./src/main.o
 .debug_macro   0x0000000000005052       0x2e ./src/main.o
